Archive member included to satisfy reference by file (symbol)

contiki-srf06-cc26xx.a(contiki-main.o)
                              obj_srf06-cc26xx/startup_gcc.o (main)
contiki-srf06-cc26xx.a(sensors.o)
                              as1.co (sensors_event)
contiki-srf06-cc26xx.a(leds.o)
                              contiki-srf06-cc26xx.a(contiki-main.o) (leds_init)
contiki-srf06-cc26xx.a(leds-arch.o)
                              contiki-srf06-cc26xx.a(leds.o) (leds_arch_init)
contiki-srf06-cc26xx.a(sensortag-senso)
                              contiki-srf06-cc26xx.a(sensors.o) (sensors_flags)
contiki-srf06-cc26xx.a(bmp-280-sensor.)
                              contiki-srf06-cc26xx.a(sensortag-senso) (bmp_280_sensor)
contiki-srf06-cc26xx.a(tmp-007-sensor.)
                              as1.co (tmp_007_sensor)
contiki-srf06-cc26xx.a(opt-3001-sensor)
                              as1.co (opt_3001_sensor)
contiki-srf06-cc26xx.a(hdc-1000-sensor)
                              contiki-srf06-cc26xx.a(sensortag-senso) (hdc_1000_sensor)
contiki-srf06-cc26xx.a(mpu-9250-sensor)
                              contiki-srf06-cc26xx.a(sensortag-senso) (mpu_9250_sensor)
contiki-srf06-cc26xx.a(button-sensor.o)
                              contiki-srf06-cc26xx.a(sensortag-senso) (button_right_sensor)
contiki-srf06-cc26xx.a(reed-relay.o)
                              contiki-srf06-cc26xx.a(sensortag-senso) (reed_relay_sensor)
contiki-srf06-cc26xx.a(board.o)
                              contiki-srf06-cc26xx.a(contiki-main.o) (board_init)
contiki-srf06-cc26xx.a(board-i2c.o)
                              contiki-srf06-cc26xx.a(board.o) (board_i2c_wakeup)
contiki-srf06-cc26xx.a(clock.o)
                              contiki-srf06-cc26xx.a(contiki-main.o) (clock_init)
contiki-srf06-cc26xx.a(rtimer-arch.o)
                              contiki-srf06-cc26xx.a(mpu-9250-sensor) (rtimer_arch_now)
contiki-srf06-cc26xx.a(soc-rtc.o)
                              contiki-srf06-cc26xx.a(contiki-main.o) (soc_rtc_init)
contiki-srf06-cc26xx.a(contiki-watchdo)
                              contiki-srf06-cc26xx.a(contiki-main.o) (watchdog_init)
contiki-srf06-cc26xx.a(putchar.o)
                              contiki-srf06-cc26xx.a(contiki-main.o) (putchar)
contiki-srf06-cc26xx.a(ieee-addr.o)
                              contiki-srf06-cc26xx.a(contiki-main.o) (ieee_addr_cpy_to)
contiki-srf06-cc26xx.a(cc26xx-uart.o)
                              contiki-srf06-cc26xx.a(contiki-main.o) (cc26xx_uart_init)
contiki-srf06-cc26xx.a(lpm.o)
                              contiki-srf06-cc26xx.a(button-sensor.o) (lpm_shutdown)
contiki-srf06-cc26xx.a(gpio-interrupt.)
                              contiki-srf06-cc26xx.a(button-sensor.o) (gpio_interrupt_register_handler)
contiki-srf06-cc26xx.a(oscillators.o)
                              contiki-srf06-cc26xx.a(contiki-main.o) (oscillators_select_lf_xosc)
contiki-srf06-cc26xx.a(ieee-mode.o)
                              contiki-srf06-cc26xx.a(contiki-main.o) (ieee_mode_driver)
contiki-srf06-cc26xx.a(random.o)
                              contiki-srf06-cc26xx.a(contiki-main.o) (random_init)
contiki-srf06-cc26xx.a(soc-trng.o)
                              contiki-srf06-cc26xx.a(random.o) (soc_trng_rand_synchronous)
contiki-srf06-cc26xx.a(dbg-printf.o)
                              as1.co (printf)
contiki-srf06-cc26xx.a(dbg-sprintf.o)
                              as1.co (sprintf)
contiki-srf06-cc26xx.a(strformat.o)
                              contiki-srf06-cc26xx.a(dbg-printf.o) (format_str_v)
contiki-srf06-cc26xx.a(autostart.o)
                              contiki-srf06-cc26xx.a(contiki-main.o) (autostart_start)
contiki-srf06-cc26xx.a(ctimer.o)
                              contiki-srf06-cc26xx.a(contiki-main.o) (ctimer_init)
contiki-srf06-cc26xx.a(energest.o)
                              contiki-srf06-cc26xx.a(contiki-main.o) (energest_init)
contiki-srf06-cc26xx.a(etimer.o)
                              contiki-srf06-cc26xx.a(clock.o) (etimer_request_poll)
contiki-srf06-cc26xx.a(process.o)
                              contiki-srf06-cc26xx.a(sensors.o) (process_alloc_event)
contiki-srf06-cc26xx.a(rtimer.o)
                              contiki-srf06-cc26xx.a(contiki-main.o) (rtimer_init)
contiki-srf06-cc26xx.a(timer.o)
                              contiki-srf06-cc26xx.a(button-sensor.o) (timer_set)
contiki-srf06-cc26xx.a(serial-line.o)
                              contiki-srf06-cc26xx.a(contiki-main.o) (serial_line_init)
contiki-srf06-cc26xx.a(list.o)
                              contiki-srf06-cc26xx.a(lpm.o) (list_init)
contiki-srf06-cc26xx.a(ringbuf.o)
                              contiki-srf06-cc26xx.a(serial-line.o) (ringbuf_init)
contiki-srf06-cc26xx.a(broadcast.o)
                              as1.co (broadcast_open)
contiki-srf06-cc26xx.a(channel.o)
                              contiki-srf06-cc26xx.a(broadcast.o) (channel_set_attributes)
contiki-srf06-cc26xx.a(rime.o)
[...]
Memory Configuration

Name             Origin             Length             Attributes
FLASH            0x0000000000000000 0x000000000001ffa8 xr
FLASH_CCFG       0x000000000001ffa8 0x0000000000000058 xr
SRAM             0x0000000020000000 0x0000000000005000 xrw
GPRAM            0x0000000011000000 0x0000000000002000 xrw
*default*        0x0000000000000000 0xffffffffffffffff

Linker script and memory map

LOAD obj_srf06-cc26xx/fault-handlers.o
LOAD obj_srf06-cc26xx/ccfg.o
LOAD obj_srf06-cc26xx/startup_gcc.o
LOAD as1.co
LOAD contiki-srf06-cc26xx.a
LOAD /usr/local/gcc_arm/gcc-arm-none-eabi-7-2017-q4-major/bin/../lib/gcc/arm-none-eabi/7.2.1/../../../../arm-none-eabi/lib/thumb/v7-m/libm.a
START GROUP
LOAD /usr/local/gcc_arm/gcc-arm-none-eabi-7-2017-q4-major/bin/../lib/gcc/arm-none-eabi/7.2.1/thumb/v7-m/libgcc.a
LOAD /usr/local/gcc_arm/gcc-arm-none-eabi-7-2017-q4-major/bin/../lib/gcc/arm-none-eabi/7.2.1/../../../../arm-none-eabi/lib/thumb/v7-m/libc.a
END GROUP
                0x0000000020005000                _estack = (ORIGIN (SRAM) + LENGTH (SRAM))
                0x0000000000000000                _Min_Heap_Size = 0x0
                0x0000000000000100                _Min_Stack_Size = 0x100

.text           0x0000000000000000     0xae98
                0x0000000000000000                _text = .
 *(SORT_BY_ALIGNMENT(.vectors))
 .vectors       0x0000000000000000       0xc8 obj_srf06-cc26xx/startup_gcc.o
                0x0000000000000000                g_pfnVectors
 *(SORT_BY_ALIGNMENT(.text*))
 .text.value    0x00000000000000c8       0xb0 contiki-srf06-cc26xx.a(opt-3001-sensor)
 .text.value    0x0000000000000178       0x9c contiki-srf06-cc26xx.a(hdc-1000-sensor)
 *fill*         0x0000000000000214        0x4 00000000
 .text.value    0x0000000000000218      0x1a4 contiki-srf06-cc26xx.a(mpu-9250-sensor)
 *fill*         0x00000000000003bc        0x4 00000000
 .text.__ieee754_pow
                0x00000000000003c0      0xae4 /usr/local/gcc_arm/gcc-arm-none-eabi-7-2017-q4-major/bin/../lib/gcc/arm-none-eabi/7.2.1/../../../../arm-none-eabi/lib/thumb/v7-m/libm.a(lib_a-e_pow.o)
                0x00000000000003c0                __ieee754_pow
 *fill*         0x0000000000000ea4        0x4 00000000
 .text.scalbn   0x0000000000000ea8       0xe4 /usr/local/gcc_arm/gcc-arm-none-eabi-7-2017-q4-major/bin/../lib/gcc/arm-none-eabi/7.2.1/../../../../arm-none-eabi/lib/thumb/v7-m/libm.a(lib_a-s_scalbn.o)
                0x0000000000000ea8                scalbn
 .text.FaultISR
                0x0000000000000f8c       0x18 obj_srf06-cc26xx/fault-handlers.o
                0x0000000000000f8c                FaultISR
 .text.NmiSRHandler
                0x0000000000000fa4        0x4 obj_srf06-cc26xx/startup_gcc.o
                0x0000000000000fa4                NmiSR
 .text.IntDefaultHandler
                0x0000000000000fa8        0x4 obj_srf06-cc26xx/startup_gcc.o
                0x0000000000000fa8                Timer3BIntHandler
                0x0000000000000fa8                SWEvent0IntHandler
                0x0000000000000fa8                uDMAIntHandler
                0x0000000000000fa8                WatchdogIntHandler
                0x0000000000000fa8                RFCHardwareIntHandler
                0x0000000000000fa8                Timer1BIntHandler
                0x0000000000000fa8                I2SIntHandler
                0x0000000000000fa8                Timer2BIntHandler
                0x0000000000000fa8                Timer2AIntHandler
                0x0000000000000fa8                Timer1AIntHandler
                0x0000000000000fa8                AONIntHandler
                0x0000000000000fa8                AUXSWEvent0IntHandler
                0x0000000000000fa8                AUXADCIntHandler
                0x0000000000000fa8                PendSVIntHandler
                0x0000000000000fa8                AUXSWEvent1IntHandler
                0x0000000000000fa8                SVCallIntHandler
                0x0000000000000fa8                MPUFaultIntHandler
                0x0000000000000fa8                SysTickIntHandler
                0x0000000000000fa8                BusFaultIntHandler
                0x0000000000000fa8                AONProgIntHandler
                0x0000000000000fa8                AUXCompAIntHandler
                0x0000000000000fa8                SSI1IntHandler
                0x0000000000000fa8                FlashIntHandler
                0x0000000000000fa8                uDMAErrIntHandler
                0x0000000000000fa8                UsageFaultIntHandler
                0x0000000000000fa8                RFCCmdAckIntHandler
                0x0000000000000fa8                CryptoIntHandler
                0x0000000000000fa8                Timer0AIntHandler
                0x0000000000000fa8                I2CIntHandler
                0x0000000000000fa8                DebugMonIntHandler
                0x0000000000000fa8                Timer0BIntHandler
                0x0000000000000fa8                AUXCombEventIntHandler
                0x0000000000000fa8                Timer3AIntHandler
                0x0000000000000fa8                DynProgIntHandler
                0x0000000000000fa8                SSI0IntHandler
 .text.ResetISR
                0x0000000000000fac       0x58 obj_srf06-cc26xx/startup_gcc.o
                0x0000000000000fac                ResetISR
 .text.init_opt_reading
                0x0000000000001004       0x10 as1.co
 .text.init_tmp_reading
                0x0000000000001014       0x10 as1.co
 .text.broadcast_recv
                0x0000000000001024       0x20 as1.co
 .text.process_thread_cc26xx_demo_process
                0x0000000000001044      0x200 as1.co
 .text.fade     0x0000000000001244       0x64 contiki-srf06-cc26xx.a(contiki-main.o)
 .text.startup.main
                0x00000000000012a8      0x22c contiki-srf06-cc26xx.a(contiki-main.o)
                0x00000000000012a8                main
 .text.process_thread_sensors_process
                0x00000000000014d4       0xf0 contiki-srf06-cc26xx.a(sensors.o)
 .text.sensors_changed
                0x00000000000015c4       0x4c contiki-srf06-cc26xx.a(sensors.o)
                0x00000000000015c4                sensors_changed
 .text.leds_init
                0x0000000000001610       0x14 contiki-srf06-cc26xx.a(leds.o)
                0x0000000000001610                leds_init
 .text.leds_on  0x0000000000001624       0x14 contiki-srf06-cc26xx.a(leds.o)
                0x0000000000001624                leds_on
 .text.leds_off
                0x0000000000001638       0x14 contiki-srf06-cc26xx.a(leds.o)
                0x0000000000001638                leds_off
 .text.leds_toggle
                0x000000000000164c       0x14 contiki-srf06-cc26xx.a(leds.o)
                0x000000000000164c                leds_toggle
 .text.leds_arch_init
                0x0000000000001660       0x38 contiki-srf06-cc26xx.a(leds-arch.o)
                0x0000000000001660                leds_arch_init
 .text.leds_arch_set
                0x0000000000001698       0x34 contiki-srf06-cc26xx.a(leds-arch.o)
                0x0000000000001698                leds_arch_set
 .text.status   0x00000000000016cc       0x14 contiki-srf06-cc26xx.a(bmp-280-sensor.)
 .text.notify_ready
                0x00000000000016e0       0x14 contiki-srf06-cc26xx.a(bmp-280-sensor.)
 .text.enable_sensor
                0x00000000000016f4       0x2c contiki-srf06-cc26xx.a(bmp-280-sensor.)
 .text.configure
                0x0000000000001720       0x94 contiki-srf06-cc26xx.a(bmp-280-sensor.)
 .text.value    0x00000000000017b4      0x160 contiki-srf06-cc26xx.a(bmp-280-sensor.)
 .text.status   0x0000000000001914       0x14 contiki-srf06-cc26xx.a(tmp-007-sensor.)
 .text.notify_ready
                0x0000000000001928       0x14 contiki-srf06-cc26xx.a(tmp-007-sensor.)
 .text.enable_sensor
                0x000000000000193c       0x2c contiki-srf06-cc26xx.a(tmp-007-sensor.)
 .text.configure
                0x0000000000001968       0x94 contiki-srf06-cc26xx.a(tmp-007-sensor.)
 .text.value    0x00000000000019fc       0xf0 contiki-srf06-cc26xx.a(tmp-007-sensor.)
 .text.status   0x0000000000001aec        0xc contiki-srf06-cc26xx.a(opt-3001-sensor)
 .text.enable_sensor
                0x0000000000001af8       0x44 contiki-srf06-cc26xx.a(opt-3001-sensor)
 .text.notify_ready
                0x0000000000001b3c       0x54 contiki-srf06-cc26xx.a(opt-3001-sensor)
 .text.configure
                0x0000000000001b90       0x4c contiki-srf06-cc26xx.a(opt-3001-sensor)
 .text.status   0x0000000000001bdc       0x14 contiki-srf06-cc26xx.a(hdc-1000-sensor)
 .text.notify_ready
                0x0000000000001bf0       0x68 contiki-srf06-cc26xx.a(hdc-1000-sensor)
 .text.configure
                0x0000000000001c58       0xb8 contiki-srf06-cc26xx.a(hdc-1000-sensor)
 .text.acc_convert
                0x0000000000001d10       0x70 contiki-srf06-cc26xx.a(mpu-9250-sensor)
 .text.status   0x0000000000001d80       0x14 contiki-srf06-cc26xx.a(mpu-9250-sensor)
 .text.notify_ready
                0x0000000000001d94       0x14 contiki-srf06-cc26xx.a(mpu-9250-sensor)
 .text.sensor_sleep
                0x0000000000001da8       0x38 contiki-srf06-cc26xx.a(mpu-9250-sensor)
 .text.configure
                0x0000000000001de0       0xdc contiki-srf06-cc26xx.a(mpu-9250-sensor)
 .text.int_status
                0x0000000000001ebc       0x28 contiki-srf06-cc26xx.a(mpu-9250-sensor)
 .text.initialise
                0x0000000000001ee4      0x100 contiki-srf06-cc26xx.a(mpu-9250-sensor)
 .text.status_left
                0x0000000000001fe4       0x20 contiki-srf06-cc26xx.a(button-sensor.o)
 .text.status_right
                0x0000000000002004       0x20 contiki-srf06-cc26xx.a(button-sensor.o)
 .text.value_left
                0x0000000000002024       0x24 contiki-srf06-cc26xx.a(button-sensor.o)
 .text.value_right
                0x0000000000002048       0x18 contiki-srf06-cc26xx.a(button-sensor.o)
 .text.config_buttons
                0x0000000000002060       0x84 contiki-srf06-cc26xx.a(button-sensor.o)
 .text.config_left
                0x00000000000020e4        0xc contiki-srf06-cc26xx.a(button-sensor.o)
 .text.config_right
                0x00000000000020f0        0xc contiki-srf06-cc26xx.a(button-sensor.o)
 .text.button_press_handler
                0x00000000000020fc       0x64 contiki-srf06-cc26xx.a(button-sensor.o)
 .text.value    0x0000000000002160       0x10 contiki-srf06-cc26xx.a(reed-relay.o)
 .text.status   0x0000000000002170       0x20 contiki-srf06-cc26xx.a(reed-relay.o)
 .text.configure
                0x0000000000002190       0x6c contiki-srf06-cc26xx.a(reed-relay.o)
 .text.reed_interrupt_handler
                0x00000000000021fc       0x28 contiki-srf06-cc26xx.a(reed-relay.o)
 .text.power_domains_on
                0x0000000000002224       0x20 contiki-srf06-cc26xx.a(board.o)
 .text.lpm_wakeup_handler
                0x0000000000002244        0x4 contiki-srf06-cc26xx.a(board.o)
 .text.shutdown_handler
                0x0000000000002248       0x68 contiki-srf06-cc26xx.a(board.o)
 .text.board_init
                0x00000000000022b0      0x110 contiki-srf06-cc26xx.a(board.o)
                0x00000000000022b0                board_init
 .text.i2c_status
                0x00000000000023c0       0x34 contiki-srf06-cc26xx.a(board-i2c.o)
 .text.accessible
                0x00000000000023f4       0x24 contiki-srf06-cc26xx.a(board-i2c.o)
 .text.board_i2c_wakeup
                0x0000000000002418       0x5c contiki-srf06-cc26xx.a(board-i2c.o)
                0x0000000000002418                board_i2c_wakeup
 .text.board_i2c_shutdown
                0x0000000000002474       0xa4 contiki-srf06-cc26xx.a(board-i2c.o)
                0x0000000000002474                board_i2c_shutdown
 .text.board_i2c_write
                0x0000000000002518      0x134 contiki-srf06-cc26xx.a(board-i2c.o)
                0x0000000000002518                board_i2c_write
 .text.board_i2c_write_single
                0x000000000000264c       0x74 contiki-srf06-cc26xx.a(board-i2c.o)
                0x000000000000264c                board_i2c_write_single
 .text.board_i2c_read
                0x00000000000026c0       0xfc contiki-srf06-cc26xx.a(board-i2c.o)
                0x00000000000026c0                board_i2c_read
 .text.board_i2c_write_read
                0x00000000000027bc      0x1a4 contiki-srf06-cc26xx.a(board-i2c.o)
                0x00000000000027bc                board_i2c_write_read
 .text.board_i2c_select
                0x0000000000002960       0xdc contiki-srf06-cc26xx.a(board-i2c.o)
                0x0000000000002960                board_i2c_select
 .text.power_domain_on
                0x0000000000002a3c       0x20 contiki-srf06-cc26xx.a(clock.o)
 .text.clock_init
                0x0000000000002a5c       0x9c contiki-srf06-cc26xx.a(clock.o)
                0x0000000000002a5c                clock_init
 .text.clock_time
                0x0000000000002af8       0x34 contiki-srf06-cc26xx.a(clock.o)
                0x0000000000002af8                clock_time
 .text.clock_update
                0x0000000000002b2c       0x3c contiki-srf06-cc26xx.a(clock.o)
                0x0000000000002b2c                clock_update
 .text.rtimer_arch_init
                0x0000000000002b68        0x4 contiki-srf06-cc26xx.a(rtimer-arch.o)
                0x0000000000002b68                rtimer_arch_init
 .text.rtimer_arch_schedule
                0x0000000000002b6c        0x8 contiki-srf06-cc26xx.a(rtimer-arch.o)
                0x0000000000002b6c                rtimer_arch_schedule
 .text.rtimer_arch_now
                0x0000000000002b74        0x4 contiki-srf06-cc26xx.a(rtimer-arch.o)
                0x0000000000002b74                rtimer_arch_now
 .text.soc_rtc_init
                0x0000000000002b78       0xa0 contiki-srf06-cc26xx.a(soc-rtc.o)
                0x0000000000002b78                soc_rtc_init
 .text.soc_rtc_schedule_one_shot
                0x0000000000002c18       0x6c contiki-srf06-cc26xx.a(soc-rtc.o)
                0x0000000000002c18                soc_rtc_schedule_one_shot
 .text.soc_rtc_last_isr_time
                0x0000000000002c84        0xc contiki-srf06-cc26xx.a(soc-rtc.o)
                0x0000000000002c84                soc_rtc_last_isr_time
 .text.AONRTCIntHandler
                0x0000000000002c90       0x88 contiki-srf06-cc26xx.a(soc-rtc.o)
                0x0000000000002c90                AONRTCIntHandler
 .text.watchdog_init
                0x0000000000002d18       0x1c contiki-srf06-cc26xx.a(contiki-watchdo)
                0x0000000000002d18                watchdog_init
 .text.watchdog_start
                0x0000000000002d34       0x68 contiki-srf06-cc26xx.a(contiki-watchdo)
                0x0000000000002d34                watchdog_start
 .text.watchdog_periodic
                0x0000000000002d9c       0x1c contiki-srf06-cc26xx.a(contiki-watchdo)
                0x0000000000002d9c                watchdog_periodic
 .text.putchar  0x0000000000002db8       0x10 contiki-srf06-cc26xx.a(putchar.o)
                0x0000000000002db8                putchar
 .text.puts     0x0000000000002dc8       0x30 contiki-srf06-cc26xx.a(putchar.o)
                0x0000000000002dc8                puts
 .text.dbg_send_bytes
                0x0000000000002df8       0x40 contiki-srf06-cc26xx.a(putchar.o)
                0x0000000000002df8                dbg_send_bytes
 .text.ieee_addr_cpy_to
                0x0000000000002e38       0x3c contiki-srf06-cc26xx.a(ieee-addr.o)
                0x0000000000002e38                ieee_addr_cpy_to
 .text.power_and_clock
                0x0000000000002e74       0x40 contiki-srf06-cc26xx.a(cc26xx-uart.o)
 .text.enable   0x0000000000002eb4       0xf0 contiki-srf06-cc26xx.a(cc26xx-uart.o)
 .text.accessible
                0x0000000000002fa4       0x24 contiki-srf06-cc26xx.a(cc26xx-uart.o)
 .text.lpm_drop_handler
                0x0000000000002fc8       0xc8 contiki-srf06-cc26xx.a(cc26xx-uart.o)
 .text.cc26xx_uart_init
                0x0000000000003090       0x28 contiki-srf06-cc26xx.a(cc26xx-uart.o)
                0x0000000000003090                cc26xx_uart_init
 .text.cc26xx_uart_write_byte
                0x00000000000030b8       0x28 contiki-srf06-cc26xx.a(cc26xx-uart.o)
                0x00000000000030b8                cc26xx_uart_write_byte
 .text.cc26xx_uart_busy
                0x00000000000030e0       0x18 contiki-srf06-cc26xx.a(cc26xx-uart.o)
                0x00000000000030e0                cc26xx_uart_busy
 .text.UART0IntHandler
                0x00000000000030f8       0x54 contiki-srf06-cc26xx.a(cc26xx-uart.o)
                0x00000000000030f8                UART0IntHandler
 .text.lpm_shutdown
                0x000000000000314c      0x188 contiki-srf06-cc26xx.a(lpm.o)
                0x000000000000314c                lpm_shutdown
 .text.lpm_sleep
                0x00000000000032d4       0x14 contiki-srf06-cc26xx.a(lpm.o)
                0x00000000000032d4                lpm_sleep
 .text.lpm_drop
                0x00000000000032e8      0x250 contiki-srf06-cc26xx.a(lpm.o)
                0x00000000000032e8                lpm_drop
 .text.lpm_register_module
                0x0000000000003538        0xc contiki-srf06-cc26xx.a(lpm.o)
                0x0000000000003538                lpm_register_module
 .text.lpm_unregister_module
                0x0000000000003544        0xc contiki-srf06-cc26xx.a(lpm.o)
                0x0000000000003544                lpm_unregister_module
 .text.lpm_init
                0x0000000000003550       0x20 contiki-srf06-cc26xx.a(lpm.o)
                0x0000000000003550                lpm_init
 .text.lpm_pin_set_default_state
                0x0000000000003570       0x2c contiki-srf06-cc26xx.a(lpm.o)
                0x0000000000003570                lpm_pin_set_default_state
 .text.gpio_interrupt_register_handler
                0x000000000000359c       0x2c contiki-srf06-cc26xx.a(gpio-interrupt.)
                0x000000000000359c                gpio_interrupt_register_handler
 .text.gpio_interrupt_init
                0x00000000000035c8       0x24 contiki-srf06-cc26xx.a(gpio-interrupt.)
                0x00000000000035c8                gpio_interrupt_init
 .text.GPIOIntHandler
                0x00000000000035ec       0x30 contiki-srf06-cc26xx.a(gpio-interrupt.)
                0x00000000000035ec                GPIOIntHandler
 .text.oscillators_select_lf_xosc
                0x000000000000361c       0x50 contiki-srf06-cc26xx.a(oscillators.o)
                0x000000000000361c                oscillators_select_lf_xosc
 .text.oscillators_select_lf_rcosc
                0x000000000000366c       0x3c contiki-srf06-cc26xx.a(oscillators.o)
                0x000000000000366c                oscillators_select_lf_rcosc
 .text.oscillators_request_hf_xosc
                0x00000000000036a8       0x30 contiki-srf06-cc26xx.a(oscillators.o)
                0x00000000000036a8                oscillators_request_hf_xosc
 .text.oscillators_switch_to_hf_xosc
                0x00000000000036d8       0x34 contiki-srf06-cc26xx.a(oscillators.o)
                0x00000000000036d8                oscillators_switch_to_hf_xosc
 .text.oscillators_switch_to_hf_rc
                0x000000000000370c       0x38 contiki-srf06-cc26xx.a(oscillators.o)
                0x000000000000370c                oscillators_switch_to_hf_rc
 .text.request  0x0000000000003744       0x20 contiki-srf06-cc26xx.a(ieee-mode.o)
 .text.rx_on    0x0000000000003764       0x5c contiki-srf06-cc26xx.a(ieee-mode.o)
 .text.rf_radio_setup
                0x00000000000037c0       0x60 contiki-srf06-cc26xx.a(ieee-mode.o)
 .text.soft_on  0x0000000000003820       0x18 contiki-srf06-cc26xx.a(ieee-mode.o)
 .text.pending_packet
                0x0000000000003838       0x48 contiki-srf06-cc26xx.a(ieee-mode.o)
 .text.prepare  0x0000000000003880       0x1c contiki-srf06-cc26xx.a(ieee-mode.o)
 .text.soft_off
                0x000000000000389c       0x44 contiki-srf06-cc26xx.a(ieee-mode.o)
 .text.get_object
                0x00000000000038e0       0x48 contiki-srf06-cc26xx.a(ieee-mode.o)
 .text.transmitting.part.1
                0x0000000000003928       0x44 contiki-srf06-cc26xx.a(ieee-mode.o)
 .text.rx_off   0x000000000000396c       0x74 contiki-srf06-cc26xx.a(ieee-mode.o)
 .text.set_object
                0x00000000000039e0       0x60 contiki-srf06-cc26xx.a(ieee-mode.o)
 .text.get_cca_info
                0x0000000000003a40       0x54 contiki-srf06-cc26xx.a(ieee-mode.o)
 .text.check_rat_overflow
                0x0000000000003a94       0x84 contiki-srf06-cc26xx.a(ieee-mode.o)
 .text.receiving_packet
                0x0000000000003b18       0x3c contiki-srf06-cc26xx.a(ieee-mode.o)
 .text.off.part.7
                0x0000000000003b54       0x68 contiki-srf06-cc26xx.a(ieee-mode.o)
 .text.off      0x0000000000003bbc       0x14 contiki-srf06-cc26xx.a(ieee-mode.o)
 .text.on       0x0000000000003bd0       0xa4 contiki-srf06-cc26xx.a(ieee-mode.o)
 .text.set_value
                0x0000000000003c74      0x174 contiki-srf06-cc26xx.a(ieee-mode.o)
 .text.get_value
                0x0000000000003de8      0x198 contiki-srf06-cc26xx.a(ieee-mode.o)
 .text.transmit
                0x0000000000003f80      0x104 contiki-srf06-cc26xx.a(ieee-mode.o)
 .text.send     0x0000000000004084       0x24 contiki-srf06-cc26xx.a(ieee-mode.o)
 .text.channel_clear
                0x00000000000040a8       0x84 contiki-srf06-cc26xx.a(ieee-mode.o)
 .text.read_frame
                0x000000000000412c      0x194 contiki-srf06-cc26xx.a(ieee-mode.o)
 .text.handle_rat_overflow
                0x00000000000042c0       0x68 contiki-srf06-cc26xx.a(ieee-mode.o)
 .text.init     0x0000000000004328      0x114 contiki-srf06-cc26xx.a(ieee-mode.o)
 .text.random_rand
                0x000000000000443c        0xc contiki-srf06-cc26xx.a(random.o)
                0x000000000000443c                random_rand
 .text.random_init
                0x0000000000004448        0x4 contiki-srf06-cc26xx.a(random.o)
                0x0000000000004448                random_init
 .text.power_up
                0x000000000000444c       0x40 contiki-srf06-cc26xx.a(soc-trng.o)
 .text.request  0x000000000000448c       0x14 contiki-srf06-cc26xx.a(soc-trng.o)
 .text.process_thread_soc_trng_process
                0x00000000000044a0       0x94 contiki-srf06-cc26xx.a(soc-trng.o)
 .text.accessible
                0x0000000000004534       0x24 contiki-srf06-cc26xx.a(soc-trng.o)
 .text.soc_trng_rand_synchronous
                0x0000000000004558       0xcc contiki-srf06-cc26xx.a(soc-trng.o)
                0x0000000000004558                soc_trng_rand_synchronous
 .text.TRNGIntHandler
                0x0000000000004624       0x50 contiki-srf06-cc26xx.a(soc-trng.o)
                0x0000000000004624                TRNGIntHandler
 .text.soc_trng_init
                0x0000000000004674       0x28 contiki-srf06-cc26xx.a(soc-trng.o)
                0x0000000000004674                soc_trng_init
 .text.write_str
                0x000000000000469c       0x14 contiki-srf06-cc26xx.a(dbg-printf.o)
 .text.printf   0x00000000000046b0       0x24 contiki-srf06-cc26xx.a(dbg-printf.o)
                0x00000000000046b0                printf
 .text.buffer_str
                0x00000000000046d4       0x18 contiki-srf06-cc26xx.a(dbg-sprintf.o)
 .text.sprintf  0x00000000000046ec       0x34 contiki-srf06-cc26xx.a(dbg-sprintf.o)
                0x00000000000046ec                sprintf
 .text.fill_space
                0x0000000000004720       0x40 contiki-srf06-cc26xx.a(strformat.o)
 .text.format_str_v
                0x0000000000004760      0x928 contiki-srf06-cc26xx.a(strformat.o)
                0x0000000000004760                format_str_v
 .text.autostart_start
                0x0000000000005088       0x18 contiki-srf06-cc26xx.a(autostart.o)
                0x0000000000005088                autostart_start
 .text.process_thread_ctimer_process
                0x00000000000050a0       0x94 contiki-srf06-cc26xx.a(ctimer.o)
 .text.ctimer_init
                0x0000000000005134       0x28 contiki-srf06-cc26xx.a(ctimer.o)
                0x0000000000005134                ctimer_init
 .text.ctimer_set_with_process
                0x000000000000515c       0x4c contiki-srf06-cc26xx.a(ctimer.o)
                0x000000000000515c                ctimer_set_with_process
 .text.ctimer_set
                0x00000000000051a8       0x18 contiki-srf06-cc26xx.a(ctimer.o)
                0x00000000000051a8                ctimer_set
 .text.ctimer_stop
                0x00000000000051c0       0x34 contiki-srf06-cc26xx.a(ctimer.o)
                0x00000000000051c0                ctimer_stop
 .text.energest_init
                0x00000000000051f4        0x4 contiki-srf06-cc26xx.a(energest.o)
                0x00000000000051f4                energest_init
 .text.update_time.part.0
                0x00000000000051f8       0x3c contiki-srf06-cc26xx.a(etimer.o)
 .text.process_thread_etimer_process
                0x0000000000005234       0xdc contiki-srf06-cc26xx.a(etimer.o)
 .text.add_timer
                0x0000000000005310       0x54 contiki-srf06-cc26xx.a(etimer.o)
 .text.etimer_request_poll
                0x0000000000005364        0xc contiki-srf06-cc26xx.a(etimer.o)
                0x0000000000005364                etimer_request_poll
 .text.etimer_set
                0x0000000000005370       0x14 contiki-srf06-cc26xx.a(etimer.o)
                0x0000000000005370                etimer_set
 .text.etimer_pending
                0x0000000000005384       0x10 contiki-srf06-cc26xx.a(etimer.o)
                0x0000000000005384                etimer_pending
 .text.etimer_next_expiration_time
                0x0000000000005394       0x14 contiki-srf06-cc26xx.a(etimer.o)
                0x0000000000005394                etimer_next_expiration_time
 .text.etimer_stop
                0x00000000000053a8       0x50 contiki-srf06-cc26xx.a(etimer.o)
                0x00000000000053a8                etimer_stop
 .text.exit_process
                0x00000000000053f8       0x9c contiki-srf06-cc26xx.a(process.o)
 .text.call_process.part.0
                0x0000000000005494       0x38 contiki-srf06-cc26xx.a(process.o)
 .text.do_poll  0x00000000000054cc       0x38 contiki-srf06-cc26xx.a(process.o)
 .text.process_alloc_event
                0x0000000000005504       0x10 contiki-srf06-cc26xx.a(process.o)
                0x0000000000005504                process_alloc_event
 .text.process_start
                0x0000000000005514       0x48 contiki-srf06-cc26xx.a(process.o)
                0x0000000000005514                process_start
 .text.process_init
                0x000000000000555c       0x34 contiki-srf06-cc26xx.a(process.o)
                0x000000000000555c                process_init
 .text.process_run
                0x0000000000005590       0xa4 contiki-srf06-cc26xx.a(process.o)
                0x0000000000005590                process_run
 .text.process_nevents
                0x0000000000005634       0x14 contiki-srf06-cc26xx.a(process.o)
                0x0000000000005634                process_nevents
 .text.process_post
                0x0000000000005648       0x40 contiki-srf06-cc26xx.a(process.o)
                0x0000000000005648                process_post
 .text.process_poll
                0x0000000000005688       0x1c contiki-srf06-cc26xx.a(process.o)
                0x0000000000005688                process_poll
 .text.rtimer_init
                0x00000000000056a4        0x4 contiki-srf06-cc26xx.a(rtimer.o)
                0x00000000000056a4                rtimer_init
 .text.rtimer_set
                0x00000000000056a8       0x30 contiki-srf06-cc26xx.a(rtimer.o)
                0x00000000000056a8                rtimer_set
 .text.rtimer_run_next
                0x00000000000056d8       0x28 contiki-srf06-cc26xx.a(rtimer.o)
                0x00000000000056d8                rtimer_run_next
 .text.timer_set
                0x0000000000005700       0x10 contiki-srf06-cc26xx.a(timer.o)
                0x0000000000005700                timer_set
 .text.timer_expired
                0x0000000000005710       0x1c contiki-srf06-cc26xx.a(timer.o)
                0x0000000000005710                timer_expired
 .text.process_thread_serial_line_process
                0x000000000000572c       0xa4 contiki-srf06-cc26xx.a(serial-line.o)
 .text.serial_line_init
                0x00000000000057d0       0x24 contiki-srf06-cc26xx.a(serial-line.o)
                0x00000000000057d0                serial_line_init
 .text.list_init
                0x00000000000057f4        0x8 contiki-srf06-cc26xx.a(list.o)
                0x00000000000057f4                list_init
 .text.list_head
                0x00000000000057fc        0x4 contiki-srf06-cc26xx.a(list.o)
                0x00000000000057fc                list_head
 .text.list_add
                0x0000000000005800       0x4c contiki-srf06-cc26xx.a(list.o)
                0x0000000000005800                list_add
 .text.list_push
                0x000000000000584c       0x40 contiki-srf06-cc26xx.a(list.o)
                0x000000000000584c                list_push
 .text.list_remove
                0x000000000000588c       0x38 contiki-srf06-cc26xx.a(list.o)
                0x000000000000588c                list_remove
 .text.list_length
                0x00000000000058c4       0x14 contiki-srf06-cc26xx.a(list.o)
                0x00000000000058c4                list_length
 .text.list_item_next
                0x00000000000058d8        0x8 contiki-srf06-cc26xx.a(list.o)
                0x00000000000058d8                list_item_next
 .text.ringbuf_init
                0x00000000000058e0       0x10 contiki-srf06-cc26xx.a(ringbuf.o)
                0x00000000000058e0                ringbuf_init
 .text.ringbuf_get
                0x00000000000058f0       0x24 contiki-srf06-cc26xx.a(ringbuf.o)
                0x00000000000058f0                ringbuf_get
 .text.sent_by_abc
                0x0000000000005914        0xc contiki-srf06-cc26xx.a(broadcast.o)
 .text.recv_from_abc
                0x0000000000005920       0x24 contiki-srf06-cc26xx.a(broadcast.o)
 .text.broadcast_open
                0x0000000000005944       0x24 contiki-srf06-cc26xx.a(broadcast.o)
                0x0000000000005944                broadcast_open
 .text.broadcast_close
                0x0000000000005968        0x4 contiki-srf06-cc26xx.a(broadcast.o)
                0x0000000000005968                broadcast_close
 .text.broadcast_send
                0x000000000000596c       0x1c contiki-srf06-cc26xx.a(broadcast.o)
                0x000000000000596c                broadcast_send
 .text.channel_init
                0x0000000000005988        0xc contiki-srf06-cc26xx.a(channel.o)
                0x0000000000005988                channel_init
 .text.channel_open
                0x0000000000005994       0x10 contiki-srf06-cc26xx.a(channel.o)
                0x0000000000005994                channel_open
 .text.channel_close
                0x00000000000059a4        0xc contiki-srf06-cc26xx.a(channel.o)
                0x00000000000059a4                channel_close
 .text.channel_lookup
                0x00000000000059b0       0x24 contiki-srf06-cc26xx.a(channel.o)
                0x00000000000059b0                channel_lookup
 .text.channel_set_attributes
                0x00000000000059d4       0x18 contiki-srf06-cc26xx.a(channel.o)
                0x00000000000059d4                channel_set_attributes
 .text.packet_sent
                0x00000000000059ec       0x38 contiki-srf06-cc26xx.a(rime.o)
 .text.input    0x0000000000005a24       0x38 contiki-srf06-cc26xx.a(rime.o)
 .text.init     0x0000000000005a5c       0x28 contiki-srf06-cc26xx.a(rime.o)
 .text.rime_output
                0x0000000000005a84       0x28 contiki-srf06-cc26xx.a(rime.o)
                0x0000000000005a84                rime_output
 .text.SafeHapiVoid
                0x0000000000005aac       0x28 contiki-srf06-cc26xx.a(adi.o)
                0x0000000000005aac                SafeHapiVoid
 .text.NOROM_AONRTCCurrentCompareValueGet
                0x0000000000005ad4       0x24 contiki-srf06-cc26xx.a(aon_rtc.o)
                0x0000000000005ad4                NOROM_AONRTCCurrentCompareValueGet
 .text.NOROM_ChipInfo_GetSupportedProtocol_BV
                0x0000000000005af8       0x10 contiki-srf06-cc26xx.a(chipinfo.o)
                0x0000000000005af8                NOROM_ChipInfo_GetSupportedProtocol_BV
 .text.NOROM_ChipInfo_GetChipFamily
                0x0000000000005b08       0x4c contiki-srf06-cc26xx.a(chipinfo.o)
                0x0000000000005b08                NOROM_ChipInfo_GetChipFamily
 .text.NOROM_ChipInfo_GetChipType
                0x0000000000005b54       0x50 contiki-srf06-cc26xx.a(chipinfo.o)
                0x0000000000005b54                NOROM_ChipInfo_GetChipType
 .text.NOROM_ChipInfo_GetHwRevision
                0x0000000000005ba4       0x6c contiki-srf06-cc26xx.a(chipinfo.o)
                0x0000000000005ba4                NOROM_ChipInfo_GetHwRevision
 .text.NOROM_ThisCodeIsBuiltForCC26xxHwRev22AndLater_HaltIfViolated
                0x0000000000005c10       0x14 contiki-srf06-cc26xx.a(chipinfo.o)
                0x0000000000005c10                NOROM_ThisCodeIsBuiltForCC26xxHwRev22AndLater_HaltIfViolated
 .text.NOROM_CPUcpsid
                0x0000000000005c24        0x8 contiki-srf06-cc26xx.a(cpu.o)
                0x0000000000005c24                NOROM_CPUcpsid
 .text.NOROM_CPUcpsie
                0x0000000000005c2c        0x8 contiki-srf06-cc26xx.a(cpu.o)
                0x0000000000005c2c                NOROM_CPUcpsie
 .text.NOROM_CPUdelay
                0x0000000000005c34        0x8 contiki-srf06-cc26xx.a(cpu.o)
                0x0000000000005c34                NOROM_CPUdelay
 .text.NOROM_DDI32RegWrite
                0x0000000000005c3c       0x2c contiki-srf06-cc26xx.a(ddi.o)
                0x0000000000005c3c                NOROM_DDI32RegWrite
 .text.NOROM_DDI16BitfieldWrite
                0x0000000000005c68       0x48 contiki-srf06-cc26xx.a(ddi.o)
                0x0000000000005c68                NOROM_DDI16BitfieldWrite
 .text.NOROM_DDI16BitfieldRead
                0x0000000000005cb0       0x48 contiki-srf06-cc26xx.a(ddi.o)
                0x0000000000005cb0                NOROM_DDI16BitfieldRead
 .text.NOROM_OSCClockSourceSet
                0x0000000000005cf8       0x50 contiki-srf06-cc26xx.a(osc.o)
                0x0000000000005cf8                NOROM_OSCClockSourceSet
 .text.NOROM_OSCClockSourceGet
                0x0000000000005d48       0x20 contiki-srf06-cc26xx.a(osc.o)
                0x0000000000005d48                NOROM_OSCClockSourceGet
 .text.NOROM_PowerCtrlSourceSet
                0x0000000000005d68       0x30 contiki-srf06-cc26xx.a(pwr_ctrl.o)
                0x0000000000005d68                NOROM_PowerCtrlSourceSet
 .text.TrimAfterColdResetWakeupFromShutDown
                0x0000000000005d98       0xe4 contiki-srf06-cc26xx.a(setup.o)
 .text.NOROM_SetupTrimDevice
                0x0000000000005e7c       0xa0 contiki-srf06-cc26xx.a(setup.o)
                0x0000000000005e7c                NOROM_SetupTrimDevice
 .text.NOROM_SetupGetTrimForXoscHfCtl.part.3
                0x0000000000005f1c       0x20 contiki-srf06-cc26xx.a(setup_rom.o)
 .text.NOROM_SetupGetTrimForRadcExtCfg.part.4
                0x0000000000005f3c       0x1c contiki-srf06-cc26xx.a(setup_rom.o)
 .text.NOROM_SetupAfterColdResetWakeupFromShutDownCfg1
                0x0000000000005f58       0x74 contiki-srf06-cc26xx.a(setup_rom.o)
                0x0000000000005f58                NOROM_SetupAfterColdResetWakeupFromShutDownCfg1
 .text.NOROM_SetupAfterColdResetWakeupFromShutDownCfg3
                0x0000000000005fcc      0x1a0 contiki-srf06-cc26xx.a(setup_rom.o)
                0x0000000000005fcc                NOROM_SetupAfterColdResetWakeupFromShutDownCfg3
 .text.NOROM_SetupGetTrimForAnabypassValue1
                0x000000000000616c       0x64 contiki-srf06-cc26xx.a(setup_rom.o)
                0x000000000000616c                NOROM_SetupGetTrimForAnabypassValue1
 .text.NOROM_SetupGetTrimForAmpcompCtrl
                0x00000000000061d0       0x58 contiki-srf06-cc26xx.a(setup_rom.o)
                0x00000000000061d0                NOROM_SetupGetTrimForAmpcompCtrl
 .text.NOROM_SetupAfterColdResetWakeupFromShutDownCfg2
                0x0000000000006228      0x190 contiki-srf06-cc26xx.a(setup_rom.o)
                0x0000000000006228                NOROM_SetupAfterColdResetWakeupFromShutDownCfg2
 .text.NOROM_SetupSetCacheModeAccordingToCcfgSetting
                0x00000000000063b8       0x6c contiki-srf06-cc26xx.a(setup_rom.o)
                0x00000000000063b8                NOROM_SetupSetCacheModeAccordingToCcfgSetting
 .text.NOROM_SysCtrlSetRechargeBeforePowerDown
                0x0000000000006424      0x238 contiki-srf06-cc26xx.a(sys_ctrl.o)
                0x0000000000006424                NOROM_SysCtrlSetRechargeBeforePowerDown
 .text.NOROM_SysCtrlAdjustRechargeAfterPowerDown
                0x000000000000665c       0x64 contiki-srf06-cc26xx.a(sys_ctrl.o)
                0x000000000000665c                NOROM_SysCtrlAdjustRechargeAfterPowerDown
 .text.NOROM_SysCtrl_DCDC_VoltageConditionalControl
                0x00000000000066c0       0x7c contiki-srf06-cc26xx.a(sys_ctrl.o)
                0x00000000000066c0                NOROM_SysCtrl_DCDC_VoltageConditionalControl
 .text.NOROM_TRNGConfigure
                0x000000000000673c       0x38 contiki-srf06-cc26xx.a(trng.o)
                0x000000000000673c                NOROM_TRNGConfigure
 .text.linkaddr_copy
                0x0000000000006774        0x8 contiki-srf06-cc26xx.a(linkaddr.o)
                0x0000000000006774                linkaddr_copy
 .text.linkaddr_cmp
                0x000000000000677c       0x20 contiki-srf06-cc26xx.a(linkaddr.o)
                0x000000000000677c                linkaddr_cmp
 .text.netstack_init
                0x000000000000679c       0x38 contiki-srf06-cc26xx.a(netstack.o)
                0x000000000000679c                netstack_init
 .text.packetbuf_compact
                0x00000000000067d4       0x48 contiki-srf06-cc26xx.a(packetbuf.o)
                0x00000000000067d4                packetbuf_compact
 .text.packetbuf_copyto
                0x000000000000681c       0x50 contiki-srf06-cc26xx.a(packetbuf.o)
                0x000000000000681c                packetbuf_copyto
 .text.packetbuf_hdralloc
                0x000000000000686c       0x60 contiki-srf06-cc26xx.a(packetbuf.o)
                0x000000000000686c                packetbuf_hdralloc
 .text.packetbuf_hdrreduce
                0x00000000000068cc       0x2c contiki-srf06-cc26xx.a(packetbuf.o)
                0x00000000000068cc                packetbuf_hdrreduce
 .text.packetbuf_set_datalen
                0x00000000000068f8        0xc contiki-srf06-cc26xx.a(packetbuf.o)
                0x00000000000068f8                packetbuf_set_datalen
 .text.packetbuf_dataptr
                0x0000000000006904       0x20 contiki-srf06-cc26xx.a(packetbuf.o)
                0x0000000000006904                packetbuf_dataptr
 .text.packetbuf_hdrptr
                0x0000000000006924        0x8 contiki-srf06-cc26xx.a(packetbuf.o)
                0x0000000000006924                packetbuf_hdrptr
 .text.packetbuf_datalen
                0x000000000000692c        0xc contiki-srf06-cc26xx.a(packetbuf.o)
                0x000000000000692c                packetbuf_datalen
 .text.packetbuf_totlen
                0x0000000000006938       0x24 contiki-srf06-cc26xx.a(packetbuf.o)
                0x0000000000006938                packetbuf_totlen
 .text.packetbuf_attr_clear
                0x000000000000695c       0x40 contiki-srf06-cc26xx.a(packetbuf.o)
                0x000000000000695c                packetbuf_attr_clear
 .text.packetbuf_clear
                0x000000000000699c       0x20 contiki-srf06-cc26xx.a(packetbuf.o)
                0x000000000000699c                packetbuf_clear
 .text.packetbuf_copyfrom
                0x00000000000069bc       0x40 contiki-srf06-cc26xx.a(packetbuf.o)
                0x00000000000069bc                packetbuf_copyfrom
 .text.packetbuf_attr_copyto
                0x00000000000069fc       0x3c contiki-srf06-cc26xx.a(packetbuf.o)
                0x00000000000069fc                packetbuf_attr_copyto
 .text.packetbuf_attr_copyfrom
                0x0000000000006a38       0x3c contiki-srf06-cc26xx.a(packetbuf.o)
                0x0000000000006a38                packetbuf_attr_copyfrom
 .text.packetbuf_set_attr
                0x0000000000006a74       0x10 contiki-srf06-cc26xx.a(packetbuf.o)
                0x0000000000006a74                packetbuf_set_attr
 .text.packetbuf_attr
                0x0000000000006a84        0xc contiki-srf06-cc26xx.a(packetbuf.o)
                0x0000000000006a84                packetbuf_attr
 .text.packetbuf_set_addr
                0x0000000000006a90       0x18 contiki-srf06-cc26xx.a(packetbuf.o)
                0x0000000000006a90                packetbuf_set_addr
 .text.packetbuf_addr
                0x0000000000006aa8       0x10 contiki-srf06-cc26xx.a(packetbuf.o)
                0x0000000000006aa8                packetbuf_addr
 .text.packetbuf_holds_broadcast
                0x0000000000006ab8       0x10 contiki-srf06-cc26xx.a(packetbuf.o)
                0x0000000000006ab8                packetbuf_holds_broadcast
 .text.queuebuf_init
                0x0000000000006ac8       0x1c contiki-srf06-cc26xx.a(queuebuf.o)
                0x0000000000006ac8                queuebuf_init
 .text.queuebuf_new_from_packetbuf
                0x0000000000006ae4       0x44 contiki-srf06-cc26xx.a(queuebuf.o)
                0x0000000000006ae4                queuebuf_new_from_packetbuf
 .text.queuebuf_update_attr_from_packetbuf
                0x0000000000006b28        0xc contiki-srf06-cc26xx.a(queuebuf.o)
                0x0000000000006b28                queuebuf_update_attr_from_packetbuf
 .text.queuebuf_update_from_packetbuf
                0x0000000000006b34       0x1c contiki-srf06-cc26xx.a(queuebuf.o)
                0x0000000000006b34                queuebuf_update_from_packetbuf
 .text.queuebuf_free
                0x0000000000006b50       0x2c contiki-srf06-cc26xx.a(queuebuf.o)
                0x0000000000006b50                queuebuf_free
 .text.queuebuf_to_packetbuf
                0x0000000000006b7c       0x30 contiki-srf06-cc26xx.a(queuebuf.o)
                0x0000000000006b7c                queuebuf_to_packetbuf
 .text.queuebuf_attr
                0x0000000000006bac        0xc contiki-srf06-cc26xx.a(queuebuf.o)
                0x0000000000006bac                queuebuf_attr
 .text.input_packet
                0x0000000000006bb8        0xc contiki-srf06-cc26xx.a(csma.o)
 .text.on       0x0000000000006bc4        0xc contiki-srf06-cc26xx.a(csma.o)
 .text.off      0x0000000000006bd0        0xc contiki-srf06-cc26xx.a(csma.o)
 .text.channel_check_interval
                0x0000000000006bdc       0x10 contiki-srf06-cc26xx.a(csma.o)
 .text.schedule_transmission
                0x0000000000006bec       0x4c contiki-srf06-cc26xx.a(csma.o)
 .text.send_packet
                0x0000000000006c38      0x160 contiki-srf06-cc26xx.a(csma.o)
 .text.init     0x0000000000006d98       0x24 contiki-srf06-cc26xx.a(csma.o)
 .text.transmit_packet_list
                0x0000000000006dbc       0x34 contiki-srf06-cc26xx.a(csma.o)
 .text.tx_done  0x0000000000006df0       0x8c contiki-srf06-cc26xx.a(csma.o)
 .text.packet_sent
                0x0000000000006e7c       0xe4 contiki-srf06-cc26xx.a(csma.o)
 .text.mac_call_sent_callback
                0x0000000000006f60       0x18 contiki-srf06-cc26xx.a(mac.o)
                0x0000000000006f60                mac_call_sent_callback
 .text.duty_cycle
                0x0000000000006f78        0x4 contiki-srf06-cc26xx.a(contikimac.o)
 .text.init     0x0000000000006f7c       0x40 contiki-srf06-cc26xx.a(contikimac.o)
 .text.on.part.0
                0x0000000000006fbc       0x14 contiki-srf06-cc26xx.a(contikimac.o)
 .text.off      0x0000000000006fd0       0x38 contiki-srf06-cc26xx.a(contikimac.o)
 .text.recv_burst_off
                0x0000000000007008       0x14 contiki-srf06-cc26xx.a(contikimac.o)
 .text.powercycle_turn_radio_off.part.2
                0x000000000000701c       0x10 contiki-srf06-cc26xx.a(contikimac.o)
 .text.turn_off
                0x000000000000702c       0x48 contiki-srf06-cc26xx.a(contikimac.o)
 .text.turn_on  0x0000000000007074       0x44 contiki-srf06-cc26xx.a(contikimac.o)
 .text.schedule_powercycle_fixed.part.5
                0x00000000000070b8       0x30 contiki-srf06-cc26xx.a(contikimac.o)
 .text.input_packet
                0x00000000000070e8       0xc0 contiki-srf06-cc26xx.a(contikimac.o)
 .text.send_packet.isra.8
                0x00000000000071a8      0x254 contiki-srf06-cc26xx.a(contikimac.o)
 .text.qsend_packet
                0x00000000000073fc       0x24 contiki-srf06-cc26xx.a(contikimac.o)
 .text.qsend_list
                0x0000000000007420       0xf4 contiki-srf06-cc26xx.a(contikimac.o)
 .text.powercycle_wrapper
                0x0000000000007514      0x278 contiki-srf06-cc26xx.a(contikimac.o)
 .text.init     0x000000000000778c        0x4 contiki-srf06-cc26xx.a(nullsec.o)
 .text.input    0x0000000000007790        0xc contiki-srf06-cc26xx.a(nullsec.o)
 .text.send     0x000000000000779c       0x20 contiki-srf06-cc26xx.a(nullsec.o)
 .text.sensor_common_read_reg
                0x00000000000077bc       0x1c contiki-srf06-cc26xx.a(sensor-common.o)
                0x00000000000077bc                sensor_common_read_reg
 .text.sensor_common_write_reg
                0x00000000000077d8       0x38 contiki-srf06-cc26xx.a(sensor-common.o)
                0x00000000000077d8                sensor_common_write_reg
 .text.sensor_common_set_error_data
                0x0000000000007810       0x18 contiki-srf06-cc26xx.a(sensor-common.o)
                0x0000000000007810                sensor_common_set_error_data
 .text.verify_part
                0x0000000000007828       0x80 contiki-srf06-cc26xx.a(ext-flash.o)
 .text.wait_ready
                0x00000000000078a8       0x58 contiki-srf06-cc26xx.a(ext-flash.o)
 .text.power_down
                0x0000000000007900       0x50 contiki-srf06-cc26xx.a(ext-flash.o)
 .text.ext_flash_open
                0x0000000000007950       0x60 contiki-srf06-cc26xx.a(ext-flash.o)
                0x0000000000007950                ext_flash_open
 .text.ext_flash_init
                0x00000000000079b0       0x14 contiki-srf06-cc26xx.a(ext-flash.o)
                0x00000000000079b0                ext_flash_init
 .text.buzzer_init
                0x00000000000079c4        0xc contiki-srf06-cc26xx.a(buzzer.o)
                0x00000000000079c4                buzzer_init
 .text.buzzer_stop
                0x00000000000079d0       0x74 contiki-srf06-cc26xx.a(buzzer.o)
                0x00000000000079d0                buzzer_stop
 .text.accessible
                0x0000000000007a44       0x24 contiki-srf06-cc26xx.a(board-spi.o)
 .text.board_spi_write
                0x0000000000007a68       0x40 contiki-srf06-cc26xx.a(board-spi.o)
                0x0000000000007a68                board_spi_write
 .text.board_spi_read
                0x0000000000007aa8       0x4c contiki-srf06-cc26xx.a(board-spi.o)
                0x0000000000007aa8                board_spi_read
 .text.board_spi_flush
                0x0000000000007af4       0x24 contiki-srf06-cc26xx.a(board-spi.o)
                0x0000000000007af4                board_spi_flush
 .text.board_spi_open
                0x0000000000007b18       0xbc contiki-srf06-cc26xx.a(board-spi.o)
                0x0000000000007b18                board_spi_open
 .text.board_spi_close
                0x0000000000007bd4       0x70 contiki-srf06-cc26xx.a(board-spi.o)
                0x0000000000007bd4                board_spi_close
 .text.aux_ctrl_power_up
                0x0000000000007c44       0x28 contiki-srf06-cc26xx.a(aux-ctrl.o)
                0x0000000000007c44                aux_ctrl_power_up
 .text.aux_ctrl_register_consumer
                0x0000000000007c6c       0x40 contiki-srf06-cc26xx.a(aux-ctrl.o)
                0x0000000000007c6c                aux_ctrl_register_consumer
 .text.aux_ctrl_power_down
                0x0000000000007cac       0x6c contiki-srf06-cc26xx.a(aux-ctrl.o)
                0x0000000000007cac                aux_ctrl_power_down
 .text.aux_ctrl_unregister_consumer
                0x0000000000007d18       0x28 contiki-srf06-cc26xx.a(aux-ctrl.o)
                0x0000000000007d18                aux_ctrl_unregister_consumer
 .text.process_thread_rf_core_process
                0x0000000000007d40       0x58 contiki-srf06-cc26xx.a(rf-core.o)
 .text.rf_core_is_accessible
                0x0000000000007d98       0x10 contiki-srf06-cc26xx.a(rf-core.o)
                0x0000000000007d98                rf_core_is_accessible
 .text.rf_core_send_cmd
                0x0000000000007da8       0x98 contiki-srf06-cc26xx.a(rf-core.o)
                0x0000000000007da8                rf_core_send_cmd
 .text.rf_core_wait_cmd_done
                0x0000000000007e40       0x30 contiki-srf06-cc26xx.a(rf-core.o)
                0x0000000000007e40                rf_core_wait_cmd_done
 .text.rf_core_power_up
                0x0000000000007e70       0xcc contiki-srf06-cc26xx.a(rf-core.o)
                0x0000000000007e70                rf_core_power_up
 .text.rf_core_start_rat
                0x0000000000007f3c       0x78 contiki-srf06-cc26xx.a(rf-core.o)
                0x0000000000007f3c                rf_core_start_rat
 .text.rf_core_stop_rat
                0x0000000000007fb4       0x8c contiki-srf06-cc26xx.a(rf-core.o)
                0x0000000000007fb4                rf_core_stop_rat
 .text.rf_core_power_down
                0x0000000000008040       0xfc contiki-srf06-cc26xx.a(rf-core.o)
                0x0000000000008040                rf_core_power_down
 .text.rf_core_set_modesel
                0x000000000000813c       0x44 contiki-srf06-cc26xx.a(rf-core.o)
                0x000000000000813c                rf_core_set_modesel
 .text.rf_core_boot
                0x0000000000008180       0x1c contiki-srf06-cc26xx.a(rf-core.o)
                0x0000000000008180                rf_core_boot
 .text.rf_core_restart_rat
                0x000000000000819c       0x18 contiki-srf06-cc26xx.a(rf-core.o)
                0x000000000000819c                rf_core_restart_rat
 .text.rf_core_setup_interrupts
                0x00000000000081b4       0x70 contiki-srf06-cc26xx.a(rf-core.o)
                0x00000000000081b4                rf_core_setup_interrupts
 .text.rf_core_cmd_done_en
                0x0000000000008224       0x28 contiki-srf06-cc26xx.a(rf-core.o)
                0x0000000000008224                rf_core_cmd_done_en
 .text.rf_core_cmd_done_dis
                0x000000000000824c       0x18 contiki-srf06-cc26xx.a(rf-core.o)
                0x000000000000824c                rf_core_cmd_done_dis
 .text.rf_core_get_last_radio_op
                0x0000000000008264        0xc contiki-srf06-cc26xx.a(rf-core.o)
                0x0000000000008264                rf_core_get_last_radio_op
 .text.rf_core_init_radio_op
                0x0000000000008270       0x1c contiki-srf06-cc26xx.a(rf-core.o)
                0x0000000000008270                rf_core_init_radio_op
 .text.rf_core_primary_mode_register
                0x000000000000828c        0xc contiki-srf06-cc26xx.a(rf-core.o)
                0x000000000000828c                rf_core_primary_mode_register
 .text.RFCCPE1IntHandler
                0x0000000000008298       0x28 contiki-srf06-cc26xx.a(rf-core.o)
                0x0000000000008298                RFCCPE1IntHandler
 .text.RFCCPE0IntHandler
                0x00000000000082c0       0x5c contiki-srf06-cc26xx.a(rf-core.o)
                0x00000000000082c0                RFCCPE0IntHandler
 .text.rf_ble_is_active
                0x000000000000831c        0xc contiki-srf06-cc26xx.a(rf-ble.o)
                0x000000000000831c                rf_ble_is_active
 .text.memb_init
                0x0000000000008328       0x24 contiki-srf06-cc26xx.a(memb.o)
                0x0000000000008328                memb_init
 .text.memb_alloc
                0x000000000000834c       0x3c contiki-srf06-cc26xx.a(memb.o)
                0x000000000000834c                memb_alloc
 .text.memb_free
                0x0000000000008388       0x3c contiki-srf06-cc26xx.a(memb.o)
                0x0000000000008388                memb_free
 .text.memb_inmemb
                0x00000000000083c4       0x1c contiki-srf06-cc26xx.a(memb.o)
                0x00000000000083c4                memb_inmemb
 .text.abc_open
                0x00000000000083e0       0x20 contiki-srf06-cc26xx.a(abc.o)
                0x00000000000083e0                abc_open
 .text.abc_close
                0x0000000000008400        0x4 contiki-srf06-cc26xx.a(abc.o)
                0x0000000000008400                abc_close
 .text.abc_send
                0x0000000000008404        0x4 contiki-srf06-cc26xx.a(abc.o)
                0x0000000000008404                abc_send
 .text.abc_input
                0x0000000000008408        0xc contiki-srf06-cc26xx.a(abc.o)
                0x0000000000008408                abc_input
 .text.abc_sent
                0x0000000000008414        0xc contiki-srf06-cc26xx.a(abc.o)
                0x0000000000008414                abc_sent
 .text.announcement_init
                0x0000000000008420        0xc contiki-srf06-cc26xx.a(announcement.o)
                0x0000000000008420                announcement_init
 .text.announcement_register_observer_callback
                0x000000000000842c        0xc contiki-srf06-cc26xx.a(announcement.o)
                0x000000000000842c                announcement_register_observer_callback
 .text.announcement_list
                0x0000000000008438        0xc contiki-srf06-cc26xx.a(announcement.o)
                0x0000000000008438                announcement_list
 .text.announcement_heard
                0x0000000000008444       0x3c contiki-srf06-cc26xx.a(announcement.o)
                0x0000000000008444                announcement_heard
 .text.adv_packet_sent
                0x0000000000008480        0x4 contiki-srf06-cc26xx.a(broadcast-annou)
 .text.set_timers
                0x0000000000008484       0x3c contiki-srf06-cc26xx.a(broadcast-annou)
 .text.send_timer
                0x00000000000084c0       0x18 contiki-srf06-cc26xx.a(broadcast-annou)
 .text.send_adv
                0x00000000000084d8       0x58 contiki-srf06-cc26xx.a(broadcast-annou)
 .text.adv_packet_received
                0x0000000000008530       0x34 contiki-srf06-cc26xx.a(broadcast-annou)
 .text.new_announcement
                0x0000000000008564       0x18 contiki-srf06-cc26xx.a(broadcast-annou)
 .text.broadcast_announcement_init
                0x000000000000857c       0x30 contiki-srf06-cc26xx.a(broadcast-annou)
                0x000000000000857c                broadcast_announcement_init
 .text.chameleon_init
                0x00000000000085ac        0x4 contiki-srf06-cc26xx.a(chameleon.o)
                0x00000000000085ac                chameleon_init
 .text.chameleon_parse
                0x00000000000085b0       0x1c contiki-srf06-cc26xx.a(chameleon.o)
                0x00000000000085b0                chameleon_parse
 .text.chameleon_create
                0x00000000000085cc       0x20 contiki-srf06-cc26xx.a(chameleon.o)
                0x00000000000085cc                chameleon_create
 .text.chameleon_hdrsize
                0x00000000000085ec        0xc contiki-srf06-cc26xx.a(chameleon.o)
                0x00000000000085ec                chameleon_hdrsize
 .text.NOROM_AONBatMonTemperatureGetDegC
                0x00000000000085f8       0x30 contiki-srf06-cc26xx.a(aon_batmon.o)
                0x00000000000085f8                NOROM_AONBatMonTemperatureGetDegC
 .text.parse    0x0000000000008628       0xa8 contiki-srf06-cc26xx.a(framer-802154.o)
 .text.create_frame.isra.0
                0x00000000000086d0      0x140 contiki-srf06-cc26xx.a(framer-802154.o)
 .text.create   0x0000000000008810        0x8 contiki-srf06-cc26xx.a(framer-802154.o)
 .text.hdr_length
                0x0000000000008818        0x8 contiki-srf06-cc26xx.a(framer-802154.o)
 .text.mac_sequence_is_duplicate
                0x0000000000008820       0x54 contiki-srf06-cc26xx.a(mac-sequence.o)
                0x0000000000008820                mac_sequence_is_duplicate
 .text.mac_sequence_register_seqno
                0x0000000000008874       0x6c contiki-srf06-cc26xx.a(mac-sequence.o)
                0x0000000000008874                mac_sequence_register_seqno
 .text.header_size
                0x00000000000088e0       0x1c contiki-srf06-cc26xx.a(chameleon-bitop)
 .text.get_bits
                0x00000000000088fc       0xa0 contiki-srf06-cc26xx.a(chameleon-bitop)
                0x00000000000088fc                get_bits
 .text.unpack_header
                0x000000000000899c       0xb4 contiki-srf06-cc26xx.a(chameleon-bitop)
 .text.set_bits
                0x0000000000008a50       0xc4 contiki-srf06-cc26xx.a(chameleon-bitop)
                0x0000000000008a50                set_bits
 .text.pack_header
                0x0000000000008b14       0xa4 contiki-srf06-cc26xx.a(chameleon-bitop)
 .text.frame802154_get_pan_id
                0x0000000000008bb8        0xc contiki-srf06-cc26xx.a(frame802154.o)
                0x0000000000008bb8                frame802154_get_pan_id
 .text.frame802154_has_panid
                0x0000000000008bc4       0xd0 contiki-srf06-cc26xx.a(frame802154.o)
                0x0000000000008bc4                frame802154_has_panid
 .text.field_len
                0x0000000000008c94       0x88 contiki-srf06-cc26xx.a(frame802154.o)
 .text.frame802154_is_broadcast_addr
                0x0000000000008d1c       0x20 contiki-srf06-cc26xx.a(frame802154.o)
                0x0000000000008d1c                frame802154_is_broadcast_addr
 .text.frame802154_hdrlen
                0x0000000000008d3c       0x34 contiki-srf06-cc26xx.a(frame802154.o)
                0x0000000000008d3c                frame802154_hdrlen
 .text.frame802154_create_fcf
                0x0000000000008d70       0x64 contiki-srf06-cc26xx.a(frame802154.o)
                0x0000000000008d70                frame802154_create_fcf
 .text.frame802154_create
                0x0000000000008dd4       0xa8 contiki-srf06-cc26xx.a(frame802154.o)
                0x0000000000008dd4                frame802154_create
 .text.frame802154_parse_fcf
                0x0000000000008e7c       0x44 contiki-srf06-cc26xx.a(frame802154.o)
                0x0000000000008e7c                frame802154_parse_fcf
 .text.frame802154_parse
                0x0000000000008ec0      0x13c contiki-srf06-cc26xx.a(frame802154.o)
                0x0000000000008ec0                frame802154_parse
 .text.exp2     0x0000000000008ffc       0x10 /usr/local/gcc_arm/gcc-arm-none-eabi-7-2017-q4-major/bin/../lib/gcc/arm-none-eabi/7.2.1/../../../../arm-none-eabi/lib/thumb/v7-m/libm.a(lib_a-w_exp2.o)
                0x0000000000008ffc                exp2
 .text.pow      0x000000000000900c      0x334 /usr/local/gcc_arm/gcc-arm-none-eabi-7-2017-q4-major/bin/../lib/gcc/arm-none-eabi/7.2.1/../../../../arm-none-eabi/lib/thumb/v7-m/libm.a(lib_a-w_pow.o)
                0x000000000000900c                pow
 .text.__ieee754_sqrt
                0x0000000000009340      0x184 /usr/local/gcc_arm/gcc-arm-none-eabi-7-2017-q4-major/bin/../lib/gcc/arm-none-eabi/7.2.1/../../../../arm-none-eabi/lib/thumb/v7-m/libm.a(lib_a-e_sqrt.o)
                0x0000000000009340                __ieee754_sqrt
 .text.fabs     0x00000000000094c4        0x8 /usr/local/gcc_arm/gcc-arm-none-eabi-7-2017-q4-major/bin/../lib/gcc/arm-none-eabi/7.2.1/../../../../arm-none-eabi/lib/thumb/v7-m/libm.a(lib_a-s_fabs.o)
                0x00000000000094c4                fabs
 .text.finite   0x00000000000094cc        0xc /usr/local/gcc_arm/gcc-arm-none-eabi-7-2017-q4-major/bin/../lib/gcc/arm-none-eabi/7.2.1/../../../../arm-none-eabi/lib/thumb/v7-m/libm.a(lib_a-s_finite.o)
                0x00000000000094cc                finite
 .text.matherr  0x00000000000094d8        0x4 /usr/local/gcc_arm/gcc-arm-none-eabi-7-2017-q4-major/bin/../lib/gcc/arm-none-eabi/7.2.1/../../../../arm-none-eabi/lib/thumb/v7-m/libm.a(lib_a-s_matherr.o)
                0x00000000000094d8                matherr
 .text.nan      0x00000000000094dc        0xc /usr/local/gcc_arm/gcc-arm-none-eabi-7-2017-q4-major/bin/../lib/gcc/arm-none-eabi/7.2.1/../../../../arm-none-eabi/lib/thumb/v7-m/libm.a(lib_a-s_nan.o)
                0x00000000000094dc                nan
 .text.rint     0x00000000000094e8      0x118 /usr/local/gcc_arm/gcc-arm-none-eabi-7-2017-q4-major/bin/../lib/gcc/arm-none-eabi/7.2.1/../../../../arm-none-eabi/lib/thumb/v7-m/libm.a(lib_a-s_rint.o)
                0x00000000000094e8                rint
 .text.copysign
                0x0000000000009600       0x10 /usr/local/gcc_arm/gcc-arm-none-eabi-7-2017-q4-major/bin/../lib/gcc/arm-none-eabi/7.2.1/../../../../arm-none-eabi/lib/thumb/v7-m/libm.a(lib_a-s_copysign.o)
                0x0000000000009600                copysign
 .text          0x0000000000009610      0x378 /usr/local/gcc_arm/gcc-arm-none-eabi-7-2017-q4-major/bin/../lib/gcc/arm-none-eabi/7.2.1/thumb/v7-m/libgcc.a(_arm_addsubdf3.o)
                0x0000000000009610                __aeabi_drsub
                0x0000000000009618                __subdf3
                0x0000000000009618                __aeabi_dsub
                0x000000000000961c                __aeabi_dadd
                0x000000000000961c                __adddf3
                0x0000000000009894                __aeabi_ui2d
                0x0000000000009894                __floatunsidf
                0x00000000000098b4                __floatsidf
                0x00000000000098b4                __aeabi_i2d
                0x00000000000098d8                __extendsfdf2
                0x00000000000098d8                __aeabi_f2d
                0x000000000000991c                __aeabi_ul2d
                0x000000000000991c                __floatundidf
                0x000000000000992c                __aeabi_l2d
                0x000000000000992c                __floatdidf
 .text          0x0000000000009988      0x424 /usr/local/gcc_arm/gcc-arm-none-eabi-7-2017-q4-major/bin/../lib/gcc/arm-none-eabi/7.2.1/thumb/v7-m/libgcc.a(_arm_muldivdf3.o)
                0x0000000000009988                __aeabi_dmul
                0x0000000000009988                __muldf3
                0x0000000000009bdc                __aeabi_ddiv
                0x0000000000009bdc                __divdf3
 .text          0x0000000000009dac      0x110 /usr/local/gcc_arm/gcc-arm-none-eabi-7-2017-q4-major/bin/../lib/gcc/arm-none-eabi/7.2.1/thumb/v7-m/libgcc.a(_arm_cmpdf2.o)
                0x0000000000009dac                __gedf2
                0x0000000000009dac                __gtdf2
                0x0000000000009db4                __ledf2
                0x0000000000009db4                __ltdf2
                0x0000000000009dbc                __cmpdf2
                0x0000000000009dbc                __eqdf2
                0x0000000000009dbc                __nedf2
                0x0000000000009e38                __aeabi_cdrcmple
                0x0000000000009e48                __aeabi_cdcmple
                0x0000000000009e48                __aeabi_cdcmpeq
                0x0000000000009e58                __aeabi_dcmpeq
                0x0000000000009e6c                __aeabi_dcmplt
                0x0000000000009e80                __aeabi_dcmple
                0x0000000000009e94                __aeabi_dcmpge
                0x0000000000009ea8                __aeabi_dcmpgt
 .text          0x0000000000009ebc       0x2c /usr/local/gcc_arm/gcc-arm-none-eabi-7-2017-q4-major/bin/../lib/gcc/arm-none-eabi/7.2.1/thumb/v7-m/libgcc.a(_arm_unorddf2.o)
                0x0000000000009ebc                __aeabi_dcmpun
                0x0000000000009ebc                __unorddf2
 .text          0x0000000000009ee8       0xa0 /usr/local/gcc_arm/gcc-arm-none-eabi-7-2017-q4-major/bin/../lib/gcc/arm-none-eabi/7.2.1/thumb/v7-m/libgcc.a(_arm_truncdfsf2.o)
                0x0000000000009ee8                __aeabi_d2f
                0x0000000000009ee8                __truncdfsf2
 .text          0x0000000000009f88      0x21c /usr/local/gcc_arm/gcc-arm-none-eabi-7-2017-q4-major/bin/../lib/gcc/arm-none-eabi/7.2.1/thumb/v7-m/libgcc.a(_arm_addsubsf3.o)
                0x0000000000009f88                __aeabi_frsub
                0x0000000000009f90                __aeabi_fsub
                0x0000000000009f90                __subsf3
                0x0000000000009f94                __aeabi_fadd
                0x0000000000009f94                __addsf3
                0x000000000000a0f4                __aeabi_ui2f
                0x000000000000a0f4                __floatunsisf
                0x000000000000a0fc                __floatsisf
                0x000000000000a0fc                __aeabi_i2f
                0x000000000000a118                __aeabi_ul2f
                0x000000000000a118                __floatundisf
                0x000000000000a128                __aeabi_l2f
                0x000000000000a128                __floatdisf
 .text          0x000000000000a1a4      0x2a0 /usr/local/gcc_arm/gcc-arm-none-eabi-7-2017-q4-major/bin/../lib/gcc/arm-none-eabi/7.2.1/thumb/v7-m/libgcc.a(_arm_muldivsf3.o)
                0x000000000000a1a4                __mulsf3
                0x000000000000a1a4                __aeabi_fmul
                0x000000000000a30c                __divsf3
                0x000000000000a30c                __aeabi_fdiv
 .text          0x000000000000a444       0x4c /usr/local/gcc_arm/gcc-arm-none-eabi-7-2017-q4-major/bin/../lib/gcc/arm-none-eabi/7.2.1/thumb/v7-m/libgcc.a(_arm_fixsfsi.o)
                0x000000000000a444                __fixsfsi
                0x000000000000a444                __aeabi_f2iz
 .text          0x000000000000a490       0x30 /usr/local/gcc_arm/gcc-arm-none-eabi-7-2017-q4-major/bin/../lib/gcc/arm-none-eabi/7.2.1/thumb/v7-m/libgcc.a(_aeabi_uldivmod.o)
                0x000000000000a490                __aeabi_uldivmod
 .text          0x000000000000a4c0      0x2d0 /usr/local/gcc_arm/gcc-arm-none-eabi-7-2017-q4-major/bin/../lib/gcc/arm-none-eabi/7.2.1/thumb/v7-m/libgcc.a(_udivmoddi4.o)
                0x000000000000a4c0                __udivmoddi4
 .text          0x000000000000a790        0x4 /usr/local/gcc_arm/gcc-arm-none-eabi-7-2017-q4-major/bin/../lib/gcc/arm-none-eabi/7.2.1/thumb/v7-m/libgcc.a(_dvmd_tls.o)
                0x000000000000a790                __aeabi_ldiv0
                0x000000000000a790                __aeabi_idiv0
 .text.__errno  0x000000000000a794        0xc /usr/local/gcc_arm/gcc-arm-none-eabi-7-2017-q4-major/bin/../lib/gcc/arm-none-eabi/7.2.1/../../../../arm-none-eabi/lib/thumb/v7-m/libc.a(lib_a-errno.o)
                0x000000000000a794                __errno
 .text          0x000000000000a7a0       0xec /usr/local/gcc_arm/gcc-arm-none-eabi-7-2017-q4-major/bin/../lib/gcc/arm-none-eabi/7.2.1/../../../../arm-none-eabi/lib/thumb/v7-m/libc.a(lib_a-memcpy.o)
                0x000000000000a7a0                memcpy
 .text.memset   0x000000000000a88c       0x94 /usr/local/gcc_arm/gcc-arm-none-eabi-7-2017-q4-major/bin/../lib/gcc/arm-none-eabi/7.2.1/../../../../arm-none-eabi/lib/thumb/v7-m/libc.a(lib_a-memset.o)
                0x000000000000a88c                memset
 .text.strlen   0x000000000000a920       0x5c /usr/local/gcc_arm/gcc-arm-none-eabi-7-2017-q4-major/bin/../lib/gcc/arm-none-eabi/7.2.1/../../../../arm-none-eabi/lib/thumb/v7-m/libc.a(lib_a-strlen-stub.o)
                0x000000000000a920                strlen
 *(SORT_BY_ALIGNMENT(.rodata*))
 *fill*         0x000000000000a97c        0x4 00000000
 .rodata.TWO52  0x000000000000a980       0x10 /usr/local/gcc_arm/gcc-arm-none-eabi-7-2017-q4-major/bin/../lib/gcc/arm-none-eabi/7.2.1/../../../../arm-none-eabi/lib/thumb/v7-m/libm.a(lib_a-s_rint.o)
 .rodata.autostart_processes
                0x000000000000a990        0x8 as1.co
                0x000000000000a990                autostart_processes
 .rodata.broadcast_call
                0x000000000000a998        0x8 as1.co
 .rodata.broadcast_recv.str1.4
                0x000000000000a9a0       0x2d as1.co
 *fill*         0x000000000000a9cd        0x3 00000000
 .rodata.process_thread_cc26xx_demo_process.str1.4
                0x000000000000a9d0       0x9c as1.co
 .rodata.str1.4
                0x000000000000aa6c       0x14 as1.co
 .rodata.main.str1.4
                0x000000000000aa80       0xf2 contiki-srf06-cc26xx.a(contiki-main.o)
 *fill*         0x000000000000ab72        0x2 00000000
 .rodata.str1.4
                0x000000000000ab74        0x8 contiki-srf06-cc26xx.a(sensors.o)
 .rodata.bmp_280_sensor
                0x000000000000ab7c       0x10 contiki-srf06-cc26xx.a(bmp-280-sensor.)
                0x000000000000ab7c                bmp_280_sensor
 .rodata.str1.4
                0x000000000000ab8c        0x7 contiki-srf06-cc26xx.a(bmp-280-sensor.)
 *fill*         0x000000000000ab93        0x1 00000000
 .rodata.str1.4
                0x000000000000ab94        0x7 contiki-srf06-cc26xx.a(tmp-007-sensor.)
 *fill*         0x000000000000ab9b        0x1 00000000
 .rodata.tmp_007_sensor
                0x000000000000ab9c       0x10 contiki-srf06-cc26xx.a(tmp-007-sensor.)
                0x000000000000ab9c                tmp_007_sensor
 .rodata.opt_3001_sensor
                0x000000000000abac       0x10 contiki-srf06-cc26xx.a(opt-3001-sensor)
                0x000000000000abac                opt_3001_sensor
 .rodata.str1.4
                0x000000000000abbc        0x8 contiki-srf06-cc26xx.a(opt-3001-sensor)
 .rodata.hdc_1000_sensor
                0x000000000000abc4       0x10 contiki-srf06-cc26xx.a(hdc-1000-sensor)
                0x000000000000abc4                hdc_1000_sensor
 .rodata.str1.4
                0x000000000000abd4        0x8 contiki-srf06-cc26xx.a(hdc-1000-sensor)
 .rodata.mpu_9250_sensor
                0x000000000000abdc       0x10 contiki-srf06-cc26xx.a(mpu-9250-sensor)
                0x000000000000abdc                mpu_9250_sensor
 .rodata.str1.4
                0x000000000000abec        0x8 contiki-srf06-cc26xx.a(mpu-9250-sensor)
 .rodata.button_left_sensor
                0x000000000000abf4       0x10 contiki-srf06-cc26xx.a(button-sensor.o)
                0x000000000000abf4                button_left_sensor
 .rodata.button_right_sensor
                0x000000000000ac04       0x10 contiki-srf06-cc26xx.a(button-sensor.o)
                0x000000000000ac04                button_right_sensor
 .rodata.str1.4
                0x000000000000ac14        0x7 contiki-srf06-cc26xx.a(button-sensor.o)
 *fill*         0x000000000000ac1b        0x1 00000000
 .rodata.reed_relay_sensor
                0x000000000000ac1c       0x10 contiki-srf06-cc26xx.a(reed-relay.o)
                0x000000000000ac1c                reed_relay_sensor
 .rodata.str1.4
                0x000000000000ac2c        0x5 contiki-srf06-cc26xx.a(reed-relay.o)
 *fill*         0x000000000000ac31        0x3 00000000
 .rodata.ieee_mode_driver
                0x000000000000ac34       0x38 contiki-srf06-cc26xx.a(ieee-mode.o)
                0x000000000000ac34                ieee_mode_driver
 .rodata.mode_ieee
                0x000000000000ac6c        0x8 contiki-srf06-cc26xx.a(ieee-mode.o)
 .rodata.output_power
                0x000000000000ac74       0x68 contiki-srf06-cc26xx.a(ieee-mode.o)
 .rodata.str1.4
                0x000000000000acdc       0x1b contiki-srf06-cc26xx.a(soc-trng.o)
 *fill*         0x000000000000acf7        0x1 00000000
 .rodata.buffer.4041
                0x000000000000acf8       0x10 contiki-srf06-cc26xx.a(strformat.o)
 .rodata.buffer.4050
                0x000000000000ad08       0x10 contiki-srf06-cc26xx.a(strformat.o)
 .rodata.format_str_v.str1.4
                0x000000000000ad18       0x46 contiki-srf06-cc26xx.a(strformat.o)
 *fill*         0x000000000000ad5e        0x2 00000000
 .rodata.str1.4
                0x000000000000ad60        0xf contiki-srf06-cc26xx.a(ctimer.o)
 *fill*         0x000000000000ad6f        0x1 00000000
 .rodata.str1.4
                0x000000000000ad70        0xc contiki-srf06-cc26xx.a(etimer.o)
 .rodata.str1.4
                0x000000000000ad7c        0xe contiki-srf06-cc26xx.a(serial-line.o)
 *fill*         0x000000000000ad8a        0x2 00000000
 .rodata.attributes
                0x000000000000ad8c        0x4 contiki-srf06-cc26xx.a(broadcast.o)
 .rodata.broadcast
                0x000000000000ad90        0x8 contiki-srf06-cc26xx.a(broadcast.o)
 .rodata.rime_driver
                0x000000000000ad98        0xc contiki-srf06-cc26xx.a(rime.o)
                0x000000000000ad98                rime_driver
 .rodata.str1.4
                0x000000000000ada4        0x5 contiki-srf06-cc26xx.a(rime.o)
 *fill*         0x000000000000ada9        0x3 00000000
 .rodata.linkaddr_null
                0x000000000000adac        0x2 contiki-srf06-cc26xx.a(linkaddr.o)
                0x000000000000adac                linkaddr_null
 *fill*         0x000000000000adae        0x2 00000000
 .rodata.csma_driver
                0x000000000000adb0       0x1c contiki-srf06-cc26xx.a(csma.o)
                0x000000000000adb0                csma_driver
 .rodata.str1.4
                0x000000000000adcc        0x5 contiki-srf06-cc26xx.a(csma.o)
 *fill*         0x000000000000add1        0x3 00000000
 .rodata.contikimac_driver
                0x000000000000add4       0x20 contiki-srf06-cc26xx.a(contikimac.o)
                0x000000000000add4                contikimac_driver
 .rodata.str1.4
                0x000000000000adf4        0xb contiki-srf06-cc26xx.a(contikimac.o)
 *fill*         0x000000000000adff        0x1 00000000
 .rodata.nullsec_driver
                0x000000000000ae00       0x10 contiki-srf06-cc26xx.a(nullsec.o)
                0x000000000000ae00                nullsec_driver
 .rodata.str1.4
                0x000000000000ae10        0x8 contiki-srf06-cc26xx.a(nullsec.o)
 .rodata        0x000000000000ae18        0x4 contiki-srf06-cc26xx.a(ext-flash.o)
 .rodata.RFCCPE0IntHandler.str1.4
                0x000000000000ae1c       0x2a contiki-srf06-cc26xx.a(rf-core.o)
 *fill*         0x000000000000ae46        0x2 00000000
 .rodata.str1.4
                0x000000000000ae48       0x1a contiki-srf06-cc26xx.a(rf-core.o)
 *fill*         0x000000000000ae62        0x2 00000000
 .rodata.attributes
                0x000000000000ae64        0x2 contiki-srf06-cc26xx.a(abc.o)
 *fill*         0x000000000000ae66        0x2 00000000
 .rodata.broadcast_callbacks
                0x000000000000ae68        0x8 contiki-srf06-cc26xx.a(broadcast-annou)
 .rodata.framer_802154
                0x000000000000ae70        0xc contiki-srf06-cc26xx.a(framer-802154.o)
                0x000000000000ae70                framer_802154
 .rodata.bitmask
                0x000000000000ae7c        0x9 contiki-srf06-cc26xx.a(chameleon-bitop)
 *fill*         0x000000000000ae85        0x3 00000000
 .rodata.chameleon_bitopt
                0x000000000000ae88        0xc contiki-srf06-cc26xx.a(chameleon-bitop)
                0x000000000000ae88                chameleon_bitopt
 .rodata.pow.str1.4
                0x000000000000ae94        0x4 /usr/local/gcc_arm/gcc-arm-none-eabi-7-2017-q4-major/bin/../lib/gcc/arm-none-eabi/7.2.1/../../../../arm-none-eabi/lib/thumb/v7-m/libm.a(lib_a-w_pow.o)
 .rodata.__ieee754_pow.str1.4
                0x000000000000ae98        0x4 /usr/local/gcc_arm/gcc-arm-none-eabi-7-2017-q4-major/bin/../lib/gcc/arm-none-eabi/7.2.1/../../../../arm-none-eabi/lib/thumb/v7-m/libm.a(lib_a-e_pow.o)
                                          0x1 (size before relaxing)
                0x000000000000ae9c                _etext = .

.glue_7         0x000000000000ae98        0x0
 .glue_7        0x000000000000ae98        0x0 linker stubs

.glue_7t        0x000000000000ae98        0x0
 .glue_7t       0x000000000000ae98        0x0 linker stubs

.vfp11_veneer   0x000000000000ae98        0x0
 .vfp11_veneer  0x000000000000ae98        0x0 linker stubs

.v4_bx          0x000000000000ae98        0x0
 .v4_bx         0x000000000000ae98        0x0 linker stubs

.iplt           0x000000000000ae98        0x0
 .iplt          0x000000000000ae98        0x0 obj_srf06-cc26xx/startup_gcc.o

.data           0x0000000020000000      0x59d load address 0x000000000000ae98
                0x0000000020000000                _data = .
 *(SORT_BY_ALIGNMENT(vtable))
 *(SORT_BY_ALIGNMENT(.data*))
 .data.impure_data
                0x0000000020000000      0x428 /usr/local/gcc_arm/gcc-arm-none-eabi-7-2017-q4-major/bin/../lib/gcc/arm-none-eabi/7.2.1/../../../../arm-none-eabi/lib/thumb/v7-m/libc.a(lib_a-impure.o)
 .data.cc26xx_demo_process
                0x0000000020000428       0x10 as1.co
                0x0000000020000428                cc26xx_demo_process
 .data.sensors_process
                0x0000000020000438       0x10 contiki-srf06-cc26xx.a(sensors.o)
                0x0000000020000438                sensors_process
 .data.sensors  0x0000000020000448       0x24 contiki-srf06-cc26xx.a(sensortag-senso)
                0x0000000020000448                sensors
 .data.sensortag_module
                0x000000002000046c       0x14 contiki-srf06-cc26xx.a(board.o)
 .data.uart_module
                0x0000000020000480       0x14 contiki-srf06-cc26xx.a(cc26xx-uart.o)
 .data.cc26xx_rf_lpm_module
                0x0000000020000494       0x14 contiki-srf06-cc26xx.a(ieee-mode.o)
 .data.ieee_overrides
                0x00000000200004a8       0x2c contiki-srf06-cc26xx.a(ieee-mode.o)
 .data.tx_power_current
                0x00000000200004d4        0x4 contiki-srf06-cc26xx.a(ieee-mode.o)
                0x00000000200004d4                tx_power_current
 .data.rng_module
                0x00000000200004d8       0x14 contiki-srf06-cc26xx.a(soc-trng.o)
 .data.soc_trng_process
                0x00000000200004ec       0x10 contiki-srf06-cc26xx.a(soc-trng.o)
                0x00000000200004ec                soc_trng_process
 .data.ctxt     0x00000000200004fc        0x8 contiki-srf06-cc26xx.a(dbg-printf.o)
 .data.ctimer_process
                0x0000000020000504       0x10 contiki-srf06-cc26xx.a(ctimer.o)
                0x0000000020000504                ctimer_process
 .data.etimer_process
                0x0000000020000514       0x10 contiki-srf06-cc26xx.a(etimer.o)
                0x0000000020000514                etimer_process
 .data.serial_line_process
                0x0000000020000524       0x10 contiki-srf06-cc26xx.a(serial-line.o)
                0x0000000020000524                serial_line_process
 .data.bufmem   0x0000000020000534        0xc contiki-srf06-cc26xx.a(queuebuf.o)
 .data.buframmem
                0x0000000020000540        0xc contiki-srf06-cc26xx.a(queuebuf.o)
 .data.metadata_memb
                0x000000002000054c        0xc contiki-srf06-cc26xx.a(csma.o)
 .data.neighbor_memb
                0x0000000020000558        0xc contiki-srf06-cc26xx.a(csma.o)
 .data.packet_memb
                0x0000000020000564        0xc contiki-srf06-cc26xx.a(csma.o)
 .data.buzzer_module
                0x0000000020000570       0x14 contiki-srf06-cc26xx.a(buzzer.o)
 .data.rf_core_process
                0x0000000020000584       0x10 contiki-srf06-cc26xx.a(rf-core.o)
                0x0000000020000584                rf_core_process
 .data._impure_ptr
                0x0000000020000594        0x4 /usr/local/gcc_arm/gcc-arm-none-eabi-7-2017-q4-major/bin/../lib/gcc/arm-none-eabi/7.2.1/../../../../arm-none-eabi/lib/thumb/v7-m/libc.a(lib_a-impure.o)
                0x0000000020000594                _impure_ptr
 .data.mac_pan_id
                0x0000000020000598        0x2 contiki-srf06-cc26xx.a(frame802154.o)
 .data.interface
                0x000000002000059a        0x1 contiki-srf06-cc26xx.a(board-i2c.o)
 .data.rng_ready_event
                0x000000002000059b        0x1 contiki-srf06-cc26xx.a(soc-trng.o)
 .data.__fdlib_version
                0x000000002000059c        0x1 /usr/local/gcc_arm/gcc-arm-none-eabi-7-2017-q4-major/bin/../lib/gcc/arm-none-eabi/7.2.1/../../../../arm-none-eabi/lib/thumb/v7-m/libm.a(lib_a-s_lib_ver.o)
                0x000000002000059c                __fdlib_version
                0x000000002000059d                _edata = .

.igot.plt       0x00000000200005a0        0x0 load address 0x000000000000b435
 .igot.plt      0x00000000200005a0        0x0 obj_srf06-cc26xx/startup_gcc.o

.ARM.exidx      0x000000000000b438        0x8
 *(SORT_BY_ALIGNMENT(.ARM.exidx*))
 .ARM.exidx     0x000000000000b438        0x8 /usr/local/gcc_arm/gcc-arm-none-eabi-7-2017-q4-major/bin/../lib/gcc/arm-none-eabi/7.2.1/thumb/v7-m/libgcc.a(_udivmoddi4.o)

.bss            0x00000000200005a0     0x12c6
                0x00000000200005a0                _bss = .
 *(SORT_BY_ALIGNMENT(.bss*))
 .bss.count     0x00000000200005a0        0x8 contiki-srf06-cc26xx.a(clock.o)
 .bss.rands_cache
                0x00000000200005a8       0x20 contiki-srf06-cc26xx.a(soc-trng.o)
 .bss.broadcast
                0x00000000200005c8       0x18 as1.co
 .bss.et        0x00000000200005e0       0x10 as1.co
 .bss.opt_timer
                0x00000000200005f0       0x20 as1.co
 .bss.tmp_timer
                0x0000000020000610       0x20 as1.co
 .bss.events.4854
                0x0000000020000630        0x4 contiki-srf06-cc26xx.a(sensors.o)
 .bss.i.4853    0x0000000020000634        0x4 contiki-srf06-cc26xx.a(sensors.o)
 .bss.inited    0x0000000020000638        0x4 contiki-srf06-cc26xx.a(leds-arch.o)
 .bss.calibration_data
                0x000000002000063c       0x1c contiki-srf06-cc26xx.a(bmp-280-sensor.)
 .bss.enabled   0x0000000020000658        0x4 contiki-srf06-cc26xx.a(bmp-280-sensor.)
 .bss.sensor_value
                0x000000002000065c        0x6 contiki-srf06-cc26xx.a(bmp-280-sensor.)
 *fill*         0x0000000020000662        0x2 
 .bss.startup_timer
                0x0000000020000664       0x20 contiki-srf06-cc26xx.a(bmp-280-sensor.)
 .bss.amb_temp_latched
                0x0000000020000684        0x4 contiki-srf06-cc26xx.a(tmp-007-sensor.)
 .bss.buf       0x0000000020000688        0x4 contiki-srf06-cc26xx.a(tmp-007-sensor.)
 .bss.enabled   0x000000002000068c        0x4 contiki-srf06-cc26xx.a(tmp-007-sensor.)
 .bss.obj_temp_latched
                0x0000000020000690        0x4 contiki-srf06-cc26xx.a(tmp-007-sensor.)
 .bss.startup_timer
                0x0000000020000694       0x20 contiki-srf06-cc26xx.a(tmp-007-sensor.)
 .bss.startup_timer
                0x00000000200006b4       0x20 contiki-srf06-cc26xx.a(opt-3001-sensor)
 .bss.state     0x00000000200006d4        0x4 contiki-srf06-cc26xx.a(opt-3001-sensor)
 .bss.data      0x00000000200006d8        0x4 contiki-srf06-cc26xx.a(hdc-1000-sensor)
 .bss.enabled   0x00000000200006dc        0x4 contiki-srf06-cc26xx.a(hdc-1000-sensor)
 .bss.startup_timer
                0x00000000200006e0       0x20 contiki-srf06-cc26xx.a(hdc-1000-sensor)
 .bss.elements  0x0000000020000700        0x4 contiki-srf06-cc26xx.a(mpu-9250-sensor)
 .bss.sensor_value
                0x0000000020000704        0x6 contiki-srf06-cc26xx.a(mpu-9250-sensor)
 *fill*         0x000000002000070a        0x2 
 .bss.startup_timer
                0x000000002000070c       0x20 contiki-srf06-cc26xx.a(mpu-9250-sensor)
 .bss.state     0x000000002000072c        0x4 contiki-srf06-cc26xx.a(mpu-9250-sensor)
 .bss.left_timer
                0x0000000020000730       0x10 contiki-srf06-cc26xx.a(button-sensor.o)
 .bss.debouncetimer
                0x0000000020000740        0x8 contiki-srf06-cc26xx.a(reed-relay.o)
 .bss.last_isr_time
                0x0000000020000748        0x4 contiki-srf06-cc26xx.a(soc-rtc.o)
 .bss.input_handler
                0x000000002000074c        0x4 contiki-srf06-cc26xx.a(cc26xx-uart.o)
 .bss.modules_list_list
                0x0000000020000750        0x4 contiki-srf06-cc26xx.a(lpm.o)
 .bss.handlers  0x0000000020000754       0x80 contiki-srf06-cc26xx.a(gpio-interrupt.)
 .bss.cmd_ieee_rx_buf
                0x00000000200007d4       0x80 contiki-srf06-cc26xx.a(ieee-mode.o)
 .bss.filter_cmd
                0x0000000020000854        0x8 contiki-srf06-cc26xx.a(ieee-mode.o)
 .bss.last_packet_timestamp
                0x000000002000085c        0x4 contiki-srf06-cc26xx.a(ieee-mode.o)
 .bss.last_rat_overflow
                0x0000000020000860        0x4 contiki-srf06-cc26xx.a(ieee-mode.o)
 .bss.last_value.8704
                0x0000000020000864        0x4 contiki-srf06-cc26xx.a(ieee-mode.o)
 .bss.rat_overflow_counter
                0x0000000020000868        0x4 contiki-srf06-cc26xx.a(ieee-mode.o)
 .bss.rat_overflow_timer
                0x000000002000086c       0x20 contiki-srf06-cc26xx.a(ieee-mode.o)
 .bss.rf_stats  0x000000002000088c       0x10 contiki-srf06-cc26xx.a(ieee-mode.o)
 .bss.rx_buf_0  0x000000002000089c       0x90 contiki-srf06-cc26xx.a(ieee-mode.o)
 .bss.rx_buf_1  0x000000002000092c       0x90 contiki-srf06-cc26xx.a(ieee-mode.o)
 .bss.rx_buf_2  0x00000000200009bc       0x90 contiki-srf06-cc26xx.a(ieee-mode.o)
 .bss.rx_buf_3  0x0000000020000a4c       0x90 contiki-srf06-cc26xx.a(ieee-mode.o)
 .bss.rx_data_queue
                0x0000000020000adc        0x8 contiki-srf06-cc26xx.a(ieee-mode.o)
 .bss.rx_read_entry
                0x0000000020000ae4        0x4 contiki-srf06-cc26xx.a(ieee-mode.o)
 .bss.tx_buf    0x0000000020000ae8       0xb6 contiki-srf06-cc26xx.a(ieee-mode.o)
 *fill*         0x0000000020000b9e        0x2 
 .bss.notify_cb
                0x0000000020000ba0        0x4 contiki-srf06-cc26xx.a(soc-trng.o)
 .bss.rands_mask
                0x0000000020000ba4        0x4 contiki-srf06-cc26xx.a(soc-trng.o)
 .bss.ctimer_list_list
                0x0000000020000ba8        0x4 contiki-srf06-cc26xx.a(ctimer.o)
 .bss.next_expiration
                0x0000000020000bac        0x4 contiki-srf06-cc26xx.a(etimer.o)
 .bss.timerlist
                0x0000000020000bb0        0x4 contiki-srf06-cc26xx.a(etimer.o)
 .bss.events    0x0000000020000bb4      0x180 contiki-srf06-cc26xx.a(process.o)
 .bss.process_current
                0x0000000020000d34        0x4 contiki-srf06-cc26xx.a(process.o)
                0x0000000020000d34                process_current
 .bss.process_list
                0x0000000020000d38        0x4 contiki-srf06-cc26xx.a(process.o)
                0x0000000020000d38                process_list
 .bss.next_rtimer
                0x0000000020000d3c        0x4 contiki-srf06-cc26xx.a(rtimer.o)
 .bss.buf.4837  0x0000000020000d40       0x80 contiki-srf06-cc26xx.a(serial-line.o)
 .bss.ptr.4838  0x0000000020000dc0        0x4 contiki-srf06-cc26xx.a(serial-line.o)
 .bss.rxbuf     0x0000000020000dc4        0x8 contiki-srf06-cc26xx.a(serial-line.o)
 .bss.rxbuf_data
                0x0000000020000dcc       0x80 contiki-srf06-cc26xx.a(serial-line.o)
 .bss.channel_list_list
                0x0000000020000e4c        0x4 contiki-srf06-cc26xx.a(channel.o)
 .bss.sniffers_list
                0x0000000020000e50        0x4 contiki-srf06-cc26xx.a(rime.o)
 .bss.powerQualGlobals
                0x0000000020000e54        0x8 contiki-srf06-cc26xx.a(sys_ctrl.o)
 .bss.packetbuf_aligned
                0x0000000020000e5c       0x80 contiki-srf06-cc26xx.a(packetbuf.o)
 .bss.bufmem_memb_count
                0x0000000020000edc        0x8 contiki-srf06-cc26xx.a(queuebuf.o)
 .bss.bufmem_memb_mem
                0x0000000020000ee4       0x20 contiki-srf06-cc26xx.a(queuebuf.o)
 .bss.buframmem_memb_count
                0x0000000020000f04        0x8 contiki-srf06-cc26xx.a(queuebuf.o)
 .bss.buframmem_memb_mem
                0x0000000020000f0c      0x5f0 contiki-srf06-cc26xx.a(queuebuf.o)
 .bss.metadata_memb_memb_count
                0x00000000200014fc        0x8 contiki-srf06-cc26xx.a(csma.o)
 .bss.metadata_memb_memb_mem
                0x0000000020001504       0x60 contiki-srf06-cc26xx.a(csma.o)
 .bss.neighbor_list_list
                0x0000000020001564        0x4 contiki-srf06-cc26xx.a(csma.o)
 .bss.neighbor_memb_memb_count
                0x0000000020001568        0x2 contiki-srf06-cc26xx.a(csma.o)
 *fill*         0x000000002000156a        0x2 
 .bss.neighbor_memb_memb_mem
                0x000000002000156c       0x68 contiki-srf06-cc26xx.a(csma.o)
 .bss.packet_memb_memb_count
                0x00000000200015d4        0x8 contiki-srf06-cc26xx.a(csma.o)
 .bss.packet_memb_memb_mem
                0x00000000200015dc       0x60 contiki-srf06-cc26xx.a(csma.o)
 .bss.ct.6994   0x000000002000163c       0x20 contiki-srf06-cc26xx.a(contikimac.o)
 .bss.cycle_start
                0x000000002000165c        0x4 contiki-srf06-cc26xx.a(contikimac.o)
 .bss.pt        0x0000000020001660        0x2 contiki-srf06-cc26xx.a(contikimac.o)
 *fill*         0x0000000020001662        0x2 
 .bss.rt        0x0000000020001664        0xc contiki-srf06-cc26xx.a(contikimac.o)
 .bss.start.6919
                0x0000000020001670        0x4 contiki-srf06-cc26xx.a(contikimac.o)
 .bss.we_are_receiving_burst
                0x0000000020001674        0x4 contiki-srf06-cc26xx.a(contikimac.o)
 .bss.buffer    0x0000000020001678       0x20 contiki-srf06-cc26xx.a(sensor-common.o)
 .bss.consumers_list_list
                0x0000000020001698        0x4 contiki-srf06-cc26xx.a(aux-ctrl.o)
 .bss.last_radio_op
                0x000000002000169c        0x4 contiki-srf06-cc26xx.a(rf-core.o)
 .bss.primary_mode
                0x00000000200016a0        0x4 contiki-srf06-cc26xx.a(rf-core.o)
 .bss.rat_offset
                0x00000000200016a4        0x4 contiki-srf06-cc26xx.a(rf-core.o)
                0x00000000200016a4                rat_offset
 .bss.announcements_list
                0x00000000200016a8        0x4 contiki-srf06-cc26xx.a(announcement.o)
 .bss.observer_callback
                0x00000000200016ac        0x4 contiki-srf06-cc26xx.a(announcement.o)
 .bss.c         0x00000000200016b0       0x6c contiki-srf06-cc26xx.a(broadcast-annou)
 .bss.received_seqnos
                0x000000002000171c       0xc0 contiki-srf06-cc26xx.a(mac-sequence.o)
 .bss.node_id   0x00000000200017dc        0x2 contiki-srf06-cc26xx.a(contiki-main.o)
                0x00000000200017dc                node_id
 .bss.val       0x00000000200017de        0x2 contiki-srf06-cc26xx.a(tmp-007-sensor.)
 .bss.raw_hum   0x00000000200017e0        0x2 contiki-srf06-cc26xx.a(hdc-1000-sensor)
 .bss.raw_temp  0x00000000200017e2        0x2 contiki-srf06-cc26xx.a(hdc-1000-sensor)
 .bss.buflen    0x00000000200017e4        0x2 contiki-srf06-cc26xx.a(packetbuf.o)
 .bss.bufptr    0x00000000200017e6        0x2 contiki-srf06-cc26xx.a(packetbuf.o)
 .bss.seqno.6194
                0x00000000200017e8        0x2 contiki-srf06-cc26xx.a(csma.o)
 .bss.num_sensors
                0x00000000200017ea        0x1 contiki-srf06-cc26xx.a(sensors.o)
 .bss.leds      0x00000000200017eb        0x1 contiki-srf06-cc26xx.a(leds.o)
 .bss.c         0x00000000200017ec        0x1 contiki-srf06-cc26xx.a(leds-arch.o)
 .bss.success   0x00000000200017ed        0x1 contiki-srf06-cc26xx.a(hdc-1000-sensor)
 .bss.acc_range
                0x00000000200017ee        0x1 contiki-srf06-cc26xx.a(mpu-9250-sensor)
 .bss.acc_range_reg
                0x00000000200017ef        0x1 contiki-srf06-cc26xx.a(mpu-9250-sensor)
 .bss.interrupt_status
                0x00000000200017f0        0x1 contiki-srf06-cc26xx.a(mpu-9250-sensor)
 .bss.mpu_config
                0x00000000200017f1        0x1 contiki-srf06-cc26xx.a(mpu-9250-sensor)
 .bss.val       0x00000000200017f2        0x1 contiki-srf06-cc26xx.a(mpu-9250-sensor)
 .bss.slave_addr
                0x00000000200017f3        0x1 contiki-srf06-cc26xx.a(board-i2c.o)
 .bss.last_corr_lqi
                0x00000000200017f4        0x1 contiki-srf06-cc26xx.a(ieee-mode.o)
 .bss.last_rssi
                0x00000000200017f5        0x1 contiki-srf06-cc26xx.a(ieee-mode.o)
 .bss.poll_mode
                0x00000000200017f6        0x1 contiki-srf06-cc26xx.a(ieee-mode.o)
 .bss.initialized
                0x00000000200017f7        0x1 contiki-srf06-cc26xx.a(ctimer.o)
 .bss.fevent    0x00000000200017f8        0x1 contiki-srf06-cc26xx.a(process.o)
 .bss.lastevent
                0x00000000200017f9        0x1 contiki-srf06-cc26xx.a(process.o)
 .bss.nevents   0x00000000200017fa        0x1 contiki-srf06-cc26xx.a(process.o)
 .bss.poll_requested
                0x00000000200017fb        0x1 contiki-srf06-cc26xx.a(process.o)
 .bss.hdrlen    0x00000000200017fc        0x1 contiki-srf06-cc26xx.a(packetbuf.o)
 .bss.initialized.6193
                0x00000000200017fd        0x1 contiki-srf06-cc26xx.a(csma.o)
 .bss.contikimac_is_on
                0x00000000200017fe        0x1 contiki-srf06-cc26xx.a(contikimac.o)
 .bss.contikimac_keep_radio_on
                0x00000000200017ff        0x1 contiki-srf06-cc26xx.a(contikimac.o)
 .bss.count.6914
                0x0000000020001800        0x1 contiki-srf06-cc26xx.a(contikimac.o)
 .bss.packet_seen.6913
                0x0000000020001801        0x1 contiki-srf06-cc26xx.a(contikimac.o)
 .bss.periods.6921
                0x0000000020001802        0x1 contiki-srf06-cc26xx.a(contikimac.o)
 .bss.radio_is_on
                0x0000000020001803        0x1 contiki-srf06-cc26xx.a(contikimac.o)
 .bss.silence_periods.6920
                0x0000000020001804        0x1 contiki-srf06-cc26xx.a(contikimac.o)
 .bss.we_are_sending
                0x0000000020001805        0x1 contiki-srf06-cc26xx.a(contikimac.o)
 .bss.buzzer_on
                0x0000000020001806        0x1 contiki-srf06-cc26xx.a(buzzer.o)
 .bss.rat_offset_known
                0x0000000020001807        0x1 contiki-srf06-cc26xx.a(rf-core.o)
 .bss.ble_mode_on
                0x0000000020001808        0x1 contiki-srf06-cc26xx.a(rf-ble.o)
 .bss.initialized
                0x0000000020001809        0x1 contiki-srf06-cc26xx.a(framer-802154.o)
 .bss.mac_dsn   0x000000002000180a        0x1 contiki-srf06-cc26xx.a(framer-802154.o)
 *(SORT_BY_ALIGNMENT(COMMON))
 *fill*         0x000000002000180b        0x1 
 COMMON         0x000000002000180c        0x8 as1.co
                0x000000002000180c                temp_value
                0x0000000020001810                light_value
 COMMON         0x0000000020001814        0x9 contiki-srf06-cc26xx.a(sensortag-senso)