Archive member included to satisfy reference by file (symbol)

contiki-srf06-cc26xx.a(contiki-main.o)
                              obj_srf06-cc26xx/startup_gcc.o (main)
contiki-srf06-cc26xx.a(sensors.o)
                              cc26xx-demo.co (sensors_event)
contiki-srf06-cc26xx.a(leds.o)
                              contiki-srf06-cc26xx.a(contiki-main.o) (leds_init)
contiki-srf06-cc26xx.a(leds-arch.o)
                              contiki-srf06-cc26xx.a(leds.o) (leds_arch_init)
contiki-srf06-cc26xx.a(sensortag-senso)
                              contiki-srf06-cc26xx.a(sensors.o) (sensors_flags)
contiki-srf06-cc26xx.a(bmp-280-sensor.)
                              cc26xx-demo.co (bmp_280_sensor)
contiki-srf06-cc26xx.a(tmp-007-sensor.)
                              cc26xx-demo.co (tmp_007_sensor)
contiki-srf06-cc26xx.a(opt-3001-sensor)
                              cc26xx-demo.co (opt_3001_sensor)
contiki-srf06-cc26xx.a(hdc-1000-sensor)
                              cc26xx-demo.co (hdc_1000_sensor)
contiki-srf06-cc26xx.a(mpu-9250-sensor)
                              cc26xx-demo.co (mpu_9250_sensor)
contiki-srf06-cc26xx.a(button-sensor.o)
                              cc26xx-demo.co (button_right_sensor)
contiki-srf06-cc26xx.a(reed-relay.o)
                              cc26xx-demo.co (reed_relay_sensor)
contiki-srf06-cc26xx.a(buzzer.o)
                              cc26xx-demo.co (buzzer_state)
contiki-srf06-cc26xx.a(board.o)
                              contiki-srf06-cc26xx.a(contiki-main.o) (board_init)
contiki-srf06-cc26xx.a(board-i2c.o)
                              contiki-srf06-cc26xx.a(board.o) (board_i2c_wakeup)
contiki-srf06-cc26xx.a(clock.o)
                              contiki-srf06-cc26xx.a(contiki-main.o) (clock_init)
contiki-srf06-cc26xx.a(rtimer-arch.o)
                              contiki-srf06-cc26xx.a(mpu-9250-sensor) (rtimer_arch_now)
contiki-srf06-cc26xx.a(soc-rtc.o)
                              contiki-srf06-cc26xx.a(contiki-main.o) (soc_rtc_init)
contiki-srf06-cc26xx.a(contiki-watchdo)
                              contiki-srf06-cc26xx.a(contiki-main.o) (watchdog_init)
contiki-srf06-cc26xx.a(putchar.o)
                              cc26xx-demo.co (putchar)
contiki-srf06-cc26xx.a(ieee-addr.o)
                              contiki-srf06-cc26xx.a(contiki-main.o) (ieee_addr_cpy_to)
contiki-srf06-cc26xx.a(batmon-sensor.o)
                              cc26xx-demo.co (batmon_sensor)
contiki-srf06-cc26xx.a(cc26xx-uart.o)
                              contiki-srf06-cc26xx.a(contiki-main.o) (cc26xx_uart_init)
contiki-srf06-cc26xx.a(lpm.o)
                              contiki-srf06-cc26xx.a(contiki-main.o) (lpm_drop)
contiki-srf06-cc26xx.a(gpio-interrupt.)
                              contiki-srf06-cc26xx.a(button-sensor.o) (gpio_interrupt_register_handler)
contiki-srf06-cc26xx.a(oscillators.o)
                              contiki-srf06-cc26xx.a(contiki-main.o) (oscillators_select_lf_xosc)
contiki-srf06-cc26xx.a(rf-ble.o)
                              cc26xx-demo.co (rf_ble_beacond_config)
contiki-srf06-cc26xx.a(ieee-mode.o)
                              contiki-srf06-cc26xx.a(contiki-main.o) (ieee_mode_driver)
contiki-srf06-cc26xx.a(random.o)
                              cc26xx-demo.co (random_rand)
contiki-srf06-cc26xx.a(soc-trng.o)
                              contiki-srf06-cc26xx.a(random.o) (soc_trng_rand_synchronous)
contiki-srf06-cc26xx.a(dbg-printf.o)
                              cc26xx-demo.co (printf)
contiki-srf06-cc26xx.a(strformat.o)
                              contiki-srf06-cc26xx.a(dbg-printf.o) (format_str_v)
contiki-srf06-cc26xx.a(autostart.o)
                              contiki-srf06-cc26xx.a(contiki-main.o) (autostart_start)
contiki-srf06-cc26xx.a(ctimer.o)
                              contiki-srf06-cc26xx.a(contiki-main.o) (ctimer_init)
contiki-srf06-cc26xx.a(energest.o)
                              contiki-srf06-cc26xx.a(contiki-main.o) (energest_init)
contiki-srf06-cc26xx.a(etimer.o)
                              contiki-srf06-cc26xx.a(clock.o) (etimer_request_poll)
contiki-srf06-cc26xx.a(process.o)
                              contiki-srf06-cc26xx.a(sensors.o) (process_alloc_event)
contiki-srf06-cc26xx.a(rtimer.o)
                              contiki-srf06-cc26xx.a(contiki-main.o) (rtimer_init)
contiki-srf06-cc26xx.a(timer.o)
                              contiki-srf06-cc26xx.a(button-sensor.o) (timer_set)
contiki-srf06-cc26xx.a(serial-line.o)
                              contiki-srf06-cc26xx.a(contiki-main.o) (serial_line_init)
contiki-srf06-cc26xx.a(list.o)
                              contiki-srf06-cc26xx.a(lpm.o) (list_init)
contiki-srf06-cc26xx.a(ringbuf.o)
                              contiki-srf06-cc26xx.a(serial-line.o) (ringbuf_init)
contiki-srf06-cc26xx.a(sicslowpan.o)
                              contiki-srf06-cc26xx.a(contiki-main.o) (sicslowpan_driver)
contiki-srf06-cc26xx.a(uip-ds6-nbr.o)
[...]
Memory Configuration

Name             Origin             Length             Attributes
FLASH            0x0000000000000000 0x000000000001ffa8 xr
FLASH_CCFG       0x000000000001ffa8 0x0000000000000058 xr
SRAM             0x0000000020000000 0x0000000000005000 xrw
GPRAM            0x0000000011000000 0x0000000000002000 xrw
*default*        0x0000000000000000 0xffffffffffffffff

Linker script and memory map

LOAD obj_srf06-cc26xx/fault-handlers.o
LOAD obj_srf06-cc26xx/ccfg.o
LOAD obj_srf06-cc26xx/startup_gcc.o
LOAD cc26xx-demo.co
LOAD contiki-srf06-cc26xx.a
LOAD /usr/local/gcc_arm/gcc-arm-none-eabi-7-2017-q4-major/bin/../lib/gcc/arm-none-eabi/7.2.1/../../../../arm-none-eabi/lib/thumb/v7-m/libm.a
START GROUP
LOAD /usr/local/gcc_arm/gcc-arm-none-eabi-7-2017-q4-major/bin/../lib/gcc/arm-none-eabi/7.2.1/thumb/v7-m/libgcc.a
LOAD /usr/local/gcc_arm/gcc-arm-none-eabi-7-2017-q4-major/bin/../lib/gcc/arm-none-eabi/7.2.1/../../../../arm-none-eabi/lib/thumb/v7-m/libc.a
END GROUP
                0x0000000020005000                _estack = (ORIGIN (SRAM) + LENGTH (SRAM))
                0x0000000000000000                _Min_Heap_Size = 0x0
                0x0000000000000100                _Min_Stack_Size = 0x100

.text           0x0000000000000000    0x11660
                0x0000000000000000                _text = .
 *(SORT_BY_ALIGNMENT(.vectors))
 .vectors       0x0000000000000000       0xc8 obj_srf06-cc26xx/startup_gcc.o
                0x0000000000000000                g_pfnVectors
 *(SORT_BY_ALIGNMENT(.text*))
 .text.value    0x00000000000000c8       0xb0 contiki-srf06-cc26xx.a(opt-3001-sensor)
 .text.value    0x0000000000000178       0x9c contiki-srf06-cc26xx.a(hdc-1000-sensor)
 *fill*         0x0000000000000214        0x4 00000000
 .text.value    0x0000000000000218      0x1a4 contiki-srf06-cc26xx.a(mpu-9250-sensor)
 *fill*         0x00000000000003bc        0x4 00000000
 .text.__ieee754_pow
                0x00000000000003c0      0xae4 /usr/local/gcc_arm/gcc-arm-none-eabi-7-2017-q4-major/bin/../lib/gcc/arm-none-eabi/7.2.1/../../../../arm-none-eabi/lib/thumb/v7-m/libm.a(lib_a-e_pow.o)
                0x00000000000003c0                __ieee754_pow
 *fill*         0x0000000000000ea4        0x4 00000000
 .text.scalbn   0x0000000000000ea8       0xe4 /usr/local/gcc_arm/gcc-arm-none-eabi-7-2017-q4-major/bin/../lib/gcc/arm-none-eabi/7.2.1/../../../../arm-none-eabi/lib/thumb/v7-m/libm.a(lib_a-s_scalbn.o)
                0x0000000000000ea8                scalbn
 .text.FaultISR
                0x0000000000000f8c       0x18 obj_srf06-cc26xx/fault-handlers.o
                0x0000000000000f8c                FaultISR
 .text.NmiSRHandler
                0x0000000000000fa4        0x4 obj_srf06-cc26xx/startup_gcc.o
                0x0000000000000fa4                NmiSR
 .text.IntDefaultHandler
                0x0000000000000fa8        0x4 obj_srf06-cc26xx/startup_gcc.o
                0x0000000000000fa8                Timer3BIntHandler
                0x0000000000000fa8                SWEvent0IntHandler
                0x0000000000000fa8                uDMAIntHandler
                0x0000000000000fa8                WatchdogIntHandler
                0x0000000000000fa8                RFCHardwareIntHandler
                0x0000000000000fa8                Timer1BIntHandler
                0x0000000000000fa8                I2SIntHandler
                0x0000000000000fa8                Timer2BIntHandler
                0x0000000000000fa8                Timer2AIntHandler
                0x0000000000000fa8                Timer1AIntHandler
                0x0000000000000fa8                AONIntHandler
                0x0000000000000fa8                AUXSWEvent0IntHandler
                0x0000000000000fa8                AUXADCIntHandler
                0x0000000000000fa8                PendSVIntHandler
                0x0000000000000fa8                AUXSWEvent1IntHandler
                0x0000000000000fa8                SVCallIntHandler
                0x0000000000000fa8                MPUFaultIntHandler
                0x0000000000000fa8                SysTickIntHandler
                0x0000000000000fa8                BusFaultIntHandler
                0x0000000000000fa8                AONProgIntHandler
                0x0000000000000fa8                AUXCompAIntHandler
                0x0000000000000fa8                SSI1IntHandler
                0x0000000000000fa8                FlashIntHandler
                0x0000000000000fa8                uDMAErrIntHandler
                0x0000000000000fa8                UsageFaultIntHandler
                0x0000000000000fa8                RFCCmdAckIntHandler
                0x0000000000000fa8                CryptoIntHandler
                0x0000000000000fa8                Timer0AIntHandler
                0x0000000000000fa8                I2CIntHandler
                0x0000000000000fa8                DebugMonIntHandler
                0x0000000000000fa8                Timer0BIntHandler
                0x0000000000000fa8                AUXCombEventIntHandler
                0x0000000000000fa8                Timer3AIntHandler
                0x0000000000000fa8                DynProgIntHandler
                0x0000000000000fa8                SSI0IntHandler
 .text.ResetISR
                0x0000000000000fac       0x58 obj_srf06-cc26xx/startup_gcc.o
                0x0000000000000fac                ResetISR
 .text.init_bmp_reading
                0x0000000000001004       0x10 cc26xx-demo.co
 .text.init_opt_reading
                0x0000000000001014       0x10 cc26xx-demo.co
 .text.init_hdc_reading
                0x0000000000001024       0x10 cc26xx-demo.co
 .text.init_tmp_reading
                0x0000000000001034       0x10 cc26xx-demo.co
 .text.print_mpu_reading
                0x0000000000001044       0x44 cc26xx-demo.co
 .text.process_thread_cc26xx_demo_process
                0x0000000000001088      0x384 cc26xx-demo.co
 .text.fade     0x000000000000140c       0x64 contiki-srf06-cc26xx.a(contiki-main.o)
 .text.startup.main
                0x0000000000001470      0x24c contiki-srf06-cc26xx.a(contiki-main.o)
                0x0000000000001470                main
 .text.process_thread_sensors_process
                0x00000000000016bc       0xf0 contiki-srf06-cc26xx.a(sensors.o)
 .text.sensors_changed
                0x00000000000017ac       0x4c contiki-srf06-cc26xx.a(sensors.o)
                0x00000000000017ac                sensors_changed
 .text.leds_init
                0x00000000000017f8       0x14 contiki-srf06-cc26xx.a(leds.o)
                0x00000000000017f8                leds_init
 .text.leds_on  0x000000000000180c       0x14 contiki-srf06-cc26xx.a(leds.o)
                0x000000000000180c                leds_on
 .text.leds_off
                0x0000000000001820       0x14 contiki-srf06-cc26xx.a(leds.o)
                0x0000000000001820                leds_off
 .text.leds_toggle
                0x0000000000001834       0x14 contiki-srf06-cc26xx.a(leds.o)
                0x0000000000001834                leds_toggle
 .text.leds_arch_init
                0x0000000000001848       0x38 contiki-srf06-cc26xx.a(leds-arch.o)
                0x0000000000001848                leds_arch_init
 .text.leds_arch_set
                0x0000000000001880       0x34 contiki-srf06-cc26xx.a(leds-arch.o)
                0x0000000000001880                leds_arch_set
 .text.status   0x00000000000018b4       0x14 contiki-srf06-cc26xx.a(bmp-280-sensor.)
 .text.notify_ready
                0x00000000000018c8       0x14 contiki-srf06-cc26xx.a(bmp-280-sensor.)
 .text.enable_sensor
                0x00000000000018dc       0x2c contiki-srf06-cc26xx.a(bmp-280-sensor.)
 .text.configure
                0x0000000000001908       0x94 contiki-srf06-cc26xx.a(bmp-280-sensor.)
 .text.value    0x000000000000199c      0x160 contiki-srf06-cc26xx.a(bmp-280-sensor.)
 .text.status   0x0000000000001afc       0x14 contiki-srf06-cc26xx.a(tmp-007-sensor.)
 .text.notify_ready
                0x0000000000001b10       0x14 contiki-srf06-cc26xx.a(tmp-007-sensor.)
 .text.enable_sensor
                0x0000000000001b24       0x2c contiki-srf06-cc26xx.a(tmp-007-sensor.)
 .text.configure
                0x0000000000001b50       0x94 contiki-srf06-cc26xx.a(tmp-007-sensor.)
 .text.value    0x0000000000001be4       0xf0 contiki-srf06-cc26xx.a(tmp-007-sensor.)
 .text.status   0x0000000000001cd4        0xc contiki-srf06-cc26xx.a(opt-3001-sensor)
 .text.enable_sensor
                0x0000000000001ce0       0x44 contiki-srf06-cc26xx.a(opt-3001-sensor)
 .text.notify_ready
                0x0000000000001d24       0x54 contiki-srf06-cc26xx.a(opt-3001-sensor)
 .text.configure
                0x0000000000001d78       0x4c contiki-srf06-cc26xx.a(opt-3001-sensor)
 .text.status   0x0000000000001dc4       0x14 contiki-srf06-cc26xx.a(hdc-1000-sensor)
 .text.notify_ready
                0x0000000000001dd8       0x68 contiki-srf06-cc26xx.a(hdc-1000-sensor)
 .text.configure
                0x0000000000001e40       0xb8 contiki-srf06-cc26xx.a(hdc-1000-sensor)
 .text.acc_convert
                0x0000000000001ef8       0x70 contiki-srf06-cc26xx.a(mpu-9250-sensor)
 .text.status   0x0000000000001f68       0x14 contiki-srf06-cc26xx.a(mpu-9250-sensor)
 .text.notify_ready
                0x0000000000001f7c       0x14 contiki-srf06-cc26xx.a(mpu-9250-sensor)
 .text.sensor_sleep
                0x0000000000001f90       0x38 contiki-srf06-cc26xx.a(mpu-9250-sensor)
 .text.configure
                0x0000000000001fc8       0xdc contiki-srf06-cc26xx.a(mpu-9250-sensor)
 .text.int_status
                0x00000000000020a4       0x28 contiki-srf06-cc26xx.a(mpu-9250-sensor)
 .text.initialise
                0x00000000000020cc      0x100 contiki-srf06-cc26xx.a(mpu-9250-sensor)
 .text.status_left
                0x00000000000021cc       0x20 contiki-srf06-cc26xx.a(button-sensor.o)
 .text.status_right
                0x00000000000021ec       0x20 contiki-srf06-cc26xx.a(button-sensor.o)
 .text.value_left
                0x000000000000220c       0x24 contiki-srf06-cc26xx.a(button-sensor.o)
 .text.value_right
                0x0000000000002230       0x24 contiki-srf06-cc26xx.a(button-sensor.o)
 .text.config_buttons
                0x0000000000002254       0x84 contiki-srf06-cc26xx.a(button-sensor.o)
 .text.config_left
                0x00000000000022d8        0xc contiki-srf06-cc26xx.a(button-sensor.o)
 .text.config_right
                0x00000000000022e4        0xc contiki-srf06-cc26xx.a(button-sensor.o)
 .text.button_press_handler
                0x00000000000022f0       0x98 contiki-srf06-cc26xx.a(button-sensor.o)
 .text.value    0x0000000000002388       0x10 contiki-srf06-cc26xx.a(reed-relay.o)
 .text.status   0x0000000000002398       0x20 contiki-srf06-cc26xx.a(reed-relay.o)
 .text.configure
                0x00000000000023b8       0x6c contiki-srf06-cc26xx.a(reed-relay.o)
 .text.reed_interrupt_handler
                0x0000000000002424       0x28 contiki-srf06-cc26xx.a(reed-relay.o)
 .text.buzzer_init
                0x000000000000244c        0xc contiki-srf06-cc26xx.a(buzzer.o)
                0x000000000000244c                buzzer_init
 .text.buzzer_state
                0x0000000000002458        0xc contiki-srf06-cc26xx.a(buzzer.o)
                0x0000000000002458                buzzer_state
 .text.buzzer_start
                0x0000000000002464       0xa4 contiki-srf06-cc26xx.a(buzzer.o)
                0x0000000000002464                buzzer_start
 .text.buzzer_stop
                0x0000000000002508       0x74 contiki-srf06-cc26xx.a(buzzer.o)
                0x0000000000002508                buzzer_stop
 .text.power_domains_on
                0x000000000000257c       0x20 contiki-srf06-cc26xx.a(board.o)
 .text.lpm_wakeup_handler
                0x000000000000259c        0x4 contiki-srf06-cc26xx.a(board.o)
 .text.shutdown_handler
                0x00000000000025a0       0x68 contiki-srf06-cc26xx.a(board.o)
 .text.board_init
                0x0000000000002608      0x110 contiki-srf06-cc26xx.a(board.o)
                0x0000000000002608                board_init
 .text.i2c_status
                0x0000000000002718       0x34 contiki-srf06-cc26xx.a(board-i2c.o)
 .text.accessible
                0x000000000000274c       0x24 contiki-srf06-cc26xx.a(board-i2c.o)
 .text.board_i2c_wakeup
                0x0000000000002770       0x5c contiki-srf06-cc26xx.a(board-i2c.o)
                0x0000000000002770                board_i2c_wakeup
 .text.board_i2c_shutdown
                0x00000000000027cc       0xa4 contiki-srf06-cc26xx.a(board-i2c.o)
                0x00000000000027cc                board_i2c_shutdown
 .text.board_i2c_write
                0x0000000000002870      0x134 contiki-srf06-cc26xx.a(board-i2c.o)
                0x0000000000002870                board_i2c_write
 .text.board_i2c_write_single
                0x00000000000029a4       0x74 contiki-srf06-cc26xx.a(board-i2c.o)
                0x00000000000029a4                board_i2c_write_single
 .text.board_i2c_read
                0x0000000000002a18       0xfc contiki-srf06-cc26xx.a(board-i2c.o)
                0x0000000000002a18                board_i2c_read
 .text.board_i2c_write_read
                0x0000000000002b14      0x1a4 contiki-srf06-cc26xx.a(board-i2c.o)
                0x0000000000002b14                board_i2c_write_read
 .text.board_i2c_select
                0x0000000000002cb8       0xdc contiki-srf06-cc26xx.a(board-i2c.o)
                0x0000000000002cb8                board_i2c_select
 .text.power_domain_on
                0x0000000000002d94       0x20 contiki-srf06-cc26xx.a(clock.o)
 .text.clock_init
                0x0000000000002db4       0x9c contiki-srf06-cc26xx.a(clock.o)
                0x0000000000002db4                clock_init
 .text.clock_time
                0x0000000000002e50       0x34 contiki-srf06-cc26xx.a(clock.o)
                0x0000000000002e50                clock_time
 .text.clock_update
                0x0000000000002e84       0x3c contiki-srf06-cc26xx.a(clock.o)
                0x0000000000002e84                clock_update
 .text.clock_seconds
                0x0000000000002ec0       0x18 contiki-srf06-cc26xx.a(clock.o)
                0x0000000000002ec0                clock_seconds
 .text.rtimer_arch_init
                0x0000000000002ed8        0x4 contiki-srf06-cc26xx.a(rtimer-arch.o)
                0x0000000000002ed8                rtimer_arch_init
 .text.rtimer_arch_schedule
                0x0000000000002edc        0x8 contiki-srf06-cc26xx.a(rtimer-arch.o)
                0x0000000000002edc                rtimer_arch_schedule
 .text.rtimer_arch_now
                0x0000000000002ee4        0x4 contiki-srf06-cc26xx.a(rtimer-arch.o)
                0x0000000000002ee4                rtimer_arch_now
 .text.soc_rtc_init
                0x0000000000002ee8       0xa0 contiki-srf06-cc26xx.a(soc-rtc.o)
                0x0000000000002ee8                soc_rtc_init
 .text.soc_rtc_schedule_one_shot
                0x0000000000002f88       0x6c contiki-srf06-cc26xx.a(soc-rtc.o)
                0x0000000000002f88                soc_rtc_schedule_one_shot
 .text.soc_rtc_last_isr_time
                0x0000000000002ff4        0xc contiki-srf06-cc26xx.a(soc-rtc.o)
                0x0000000000002ff4                soc_rtc_last_isr_time
 .text.AONRTCIntHandler
                0x0000000000003000       0x88 contiki-srf06-cc26xx.a(soc-rtc.o)
                0x0000000000003000                AONRTCIntHandler
 .text.watchdog_init
                0x0000000000003088       0x1c contiki-srf06-cc26xx.a(contiki-watchdo)
                0x0000000000003088                watchdog_init
 .text.watchdog_start
                0x00000000000030a4       0x68 contiki-srf06-cc26xx.a(contiki-watchdo)
                0x00000000000030a4                watchdog_start
 .text.watchdog_periodic
                0x000000000000310c       0x1c contiki-srf06-cc26xx.a(contiki-watchdo)
                0x000000000000310c                watchdog_periodic
 .text.watchdog_reboot
                0x0000000000003128        0x8 contiki-srf06-cc26xx.a(contiki-watchdo)
                0x0000000000003128                watchdog_reboot
 .text.putchar  0x0000000000003130       0x10 contiki-srf06-cc26xx.a(putchar.o)
                0x0000000000003130                putchar
 .text.puts     0x0000000000003140       0x30 contiki-srf06-cc26xx.a(putchar.o)
                0x0000000000003140                puts
 .text.dbg_send_bytes
                0x0000000000003170       0x40 contiki-srf06-cc26xx.a(putchar.o)
                0x0000000000003170                dbg_send_bytes
 .text.ieee_addr_cpy_to
                0x00000000000031b0       0x3c contiki-srf06-cc26xx.a(ieee-addr.o)
                0x00000000000031b0                ieee_addr_cpy_to
 .text.configure
                0x00000000000031ec       0x34 contiki-srf06-cc26xx.a(batmon-sensor.o)
 .text.status   0x0000000000003220       0x14 contiki-srf06-cc26xx.a(batmon-sensor.o)
 .text.value    0x0000000000003234       0x24 contiki-srf06-cc26xx.a(batmon-sensor.o)
 .text.power_and_clock
                0x0000000000003258       0x40 contiki-srf06-cc26xx.a(cc26xx-uart.o)
 .text.enable   0x0000000000003298       0xf0 contiki-srf06-cc26xx.a(cc26xx-uart.o)
 .text.accessible
                0x0000000000003388       0x24 contiki-srf06-cc26xx.a(cc26xx-uart.o)
 .text.lpm_drop_handler
                0x00000000000033ac       0xc8 contiki-srf06-cc26xx.a(cc26xx-uart.o)
 .text.cc26xx_uart_init
                0x0000000000003474       0x28 contiki-srf06-cc26xx.a(cc26xx-uart.o)
                0x0000000000003474                cc26xx_uart_init
 .text.cc26xx_uart_write_byte
                0x000000000000349c       0x28 contiki-srf06-cc26xx.a(cc26xx-uart.o)
                0x000000000000349c                cc26xx_uart_write_byte
 .text.cc26xx_uart_busy
                0x00000000000034c4       0x18 contiki-srf06-cc26xx.a(cc26xx-uart.o)
                0x00000000000034c4                cc26xx_uart_busy
 .text.UART0IntHandler
                0x00000000000034dc       0x54 contiki-srf06-cc26xx.a(cc26xx-uart.o)
                0x00000000000034dc                UART0IntHandler
 .text.lpm_sleep
                0x0000000000003530       0x14 contiki-srf06-cc26xx.a(lpm.o)
                0x0000000000003530                lpm_sleep
 .text.lpm_drop
                0x0000000000003544      0x250 contiki-srf06-cc26xx.a(lpm.o)
                0x0000000000003544                lpm_drop
 .text.lpm_register_module
                0x0000000000003794        0xc contiki-srf06-cc26xx.a(lpm.o)
                0x0000000000003794                lpm_register_module
 .text.lpm_unregister_module
                0x00000000000037a0        0xc contiki-srf06-cc26xx.a(lpm.o)
                0x00000000000037a0                lpm_unregister_module
 .text.lpm_init
                0x00000000000037ac       0x20 contiki-srf06-cc26xx.a(lpm.o)
                0x00000000000037ac                lpm_init
 .text.lpm_pin_set_default_state
                0x00000000000037cc       0x2c contiki-srf06-cc26xx.a(lpm.o)
                0x00000000000037cc                lpm_pin_set_default_state
 .text.gpio_interrupt_register_handler
                0x00000000000037f8       0x2c contiki-srf06-cc26xx.a(gpio-interrupt.)
                0x00000000000037f8                gpio_interrupt_register_handler
 .text.gpio_interrupt_init
                0x0000000000003824       0x24 contiki-srf06-cc26xx.a(gpio-interrupt.)
                0x0000000000003824                gpio_interrupt_init
 .text.GPIOIntHandler
                0x0000000000003848       0x30 contiki-srf06-cc26xx.a(gpio-interrupt.)
                0x0000000000003848                GPIOIntHandler
 .text.oscillators_select_lf_xosc
                0x0000000000003878       0x50 contiki-srf06-cc26xx.a(oscillators.o)
                0x0000000000003878                oscillators_select_lf_xosc
 .text.oscillators_request_hf_xosc
                0x00000000000038c8       0x30 contiki-srf06-cc26xx.a(oscillators.o)
                0x00000000000038c8                oscillators_request_hf_xosc
 .text.oscillators_switch_to_hf_xosc
                0x00000000000038f8       0x34 contiki-srf06-cc26xx.a(oscillators.o)
                0x00000000000038f8                oscillators_switch_to_hf_xosc
 .text.oscillators_switch_to_hf_rc
                0x000000000000392c       0x38 contiki-srf06-cc26xx.a(oscillators.o)
                0x000000000000392c                oscillators_switch_to_hf_rc
 .text.process_thread_rf_ble_beacon_process
                0x0000000000003964      0x260 contiki-srf06-cc26xx.a(rf-ble.o)
 .text.rf_ble_beacond_config
                0x0000000000003bc4       0x44 contiki-srf06-cc26xx.a(rf-ble.o)
                0x0000000000003bc4                rf_ble_beacond_config
 .text.rf_ble_beacond_start
                0x0000000000003c08       0x34 contiki-srf06-cc26xx.a(rf-ble.o)
                0x0000000000003c08                rf_ble_beacond_start
 .text.rf_ble_is_active
                0x0000000000003c3c        0xc contiki-srf06-cc26xx.a(rf-ble.o)
                0x0000000000003c3c                rf_ble_is_active
 .text.request  0x0000000000003c48       0x20 contiki-srf06-cc26xx.a(ieee-mode.o)
 .text.rx_on    0x0000000000003c68       0x5c contiki-srf06-cc26xx.a(ieee-mode.o)
 .text.rf_radio_setup
                0x0000000000003cc4       0x60 contiki-srf06-cc26xx.a(ieee-mode.o)
 .text.soft_on  0x0000000000003d24       0x18 contiki-srf06-cc26xx.a(ieee-mode.o)
 .text.pending_packet
                0x0000000000003d3c       0x48 contiki-srf06-cc26xx.a(ieee-mode.o)
 .text.prepare  0x0000000000003d84       0x1c contiki-srf06-cc26xx.a(ieee-mode.o)
 .text.soft_off
                0x0000000000003da0       0x44 contiki-srf06-cc26xx.a(ieee-mode.o)
 .text.get_object
                0x0000000000003de4       0x48 contiki-srf06-cc26xx.a(ieee-mode.o)
 .text.transmitting.part.1
                0x0000000000003e2c       0x44 contiki-srf06-cc26xx.a(ieee-mode.o)
 .text.rx_off   0x0000000000003e70       0x74 contiki-srf06-cc26xx.a(ieee-mode.o)
 .text.set_object
                0x0000000000003ee4       0x60 contiki-srf06-cc26xx.a(ieee-mode.o)
 .text.get_cca_info
                0x0000000000003f44       0x54 contiki-srf06-cc26xx.a(ieee-mode.o)
 .text.check_rat_overflow
                0x0000000000003f98       0x84 contiki-srf06-cc26xx.a(ieee-mode.o)
 .text.receiving_packet
                0x000000000000401c       0x3c contiki-srf06-cc26xx.a(ieee-mode.o)
 .text.off.part.7
                0x0000000000004058       0x68 contiki-srf06-cc26xx.a(ieee-mode.o)
 .text.off      0x00000000000040c0       0x14 contiki-srf06-cc26xx.a(ieee-mode.o)
 .text.on       0x00000000000040d4       0xa4 contiki-srf06-cc26xx.a(ieee-mode.o)
 .text.set_value
                0x0000000000004178      0x174 contiki-srf06-cc26xx.a(ieee-mode.o)
 .text.get_value
                0x00000000000042ec      0x198 contiki-srf06-cc26xx.a(ieee-mode.o)
 .text.transmit
                0x0000000000004484      0x104 contiki-srf06-cc26xx.a(ieee-mode.o)
 .text.send     0x0000000000004588       0x24 contiki-srf06-cc26xx.a(ieee-mode.o)
 .text.channel_clear
                0x00000000000045ac       0x84 contiki-srf06-cc26xx.a(ieee-mode.o)
 .text.read_frame
                0x0000000000004630      0x194 contiki-srf06-cc26xx.a(ieee-mode.o)
 .text.handle_rat_overflow
                0x00000000000047c4       0x68 contiki-srf06-cc26xx.a(ieee-mode.o)
 .text.init     0x000000000000482c      0x114 contiki-srf06-cc26xx.a(ieee-mode.o)
 .text.random_rand
                0x0000000000004940        0xc contiki-srf06-cc26xx.a(random.o)
                0x0000000000004940                random_rand
 .text.random_init
                0x000000000000494c        0x4 contiki-srf06-cc26xx.a(random.o)
                0x000000000000494c                random_init
 .text.power_up
                0x0000000000004950       0x40 contiki-srf06-cc26xx.a(soc-trng.o)
 .text.request  0x0000000000004990       0x14 contiki-srf06-cc26xx.a(soc-trng.o)
 .text.process_thread_soc_trng_process
                0x00000000000049a4       0x94 contiki-srf06-cc26xx.a(soc-trng.o)
 .text.accessible
                0x0000000000004a38       0x24 contiki-srf06-cc26xx.a(soc-trng.o)
 .text.soc_trng_rand_synchronous
                0x0000000000004a5c       0xcc contiki-srf06-cc26xx.a(soc-trng.o)
                0x0000000000004a5c                soc_trng_rand_synchronous
 .text.TRNGIntHandler
                0x0000000000004b28       0x50 contiki-srf06-cc26xx.a(soc-trng.o)
                0x0000000000004b28                TRNGIntHandler
 .text.soc_trng_init
                0x0000000000004b78       0x28 contiki-srf06-cc26xx.a(soc-trng.o)
                0x0000000000004b78                soc_trng_init
 .text.write_str
                0x0000000000004ba0       0x14 contiki-srf06-cc26xx.a(dbg-printf.o)
 .text.printf   0x0000000000004bb4       0x24 contiki-srf06-cc26xx.a(dbg-printf.o)
                0x0000000000004bb4                printf
 .text.fill_space
                0x0000000000004bd8       0x40 contiki-srf06-cc26xx.a(strformat.o)
 .text.format_str_v
                0x0000000000004c18      0x928 contiki-srf06-cc26xx.a(strformat.o)
                0x0000000000004c18                format_str_v
 .text.autostart_start
                0x0000000000005540       0x18 contiki-srf06-cc26xx.a(autostart.o)
                0x0000000000005540                autostart_start
 .text.process_thread_ctimer_process
                0x0000000000005558       0x94 contiki-srf06-cc26xx.a(ctimer.o)
 .text.ctimer_init
                0x00000000000055ec       0x28 contiki-srf06-cc26xx.a(ctimer.o)
                0x00000000000055ec                ctimer_init
 .text.ctimer_set_with_process
                0x0000000000005614       0x4c contiki-srf06-cc26xx.a(ctimer.o)
                0x0000000000005614                ctimer_set_with_process
 .text.ctimer_set
                0x0000000000005660       0x18 contiki-srf06-cc26xx.a(ctimer.o)
                0x0000000000005660                ctimer_set
 .text.ctimer_reset
                0x0000000000005678       0x38 contiki-srf06-cc26xx.a(ctimer.o)
                0x0000000000005678                ctimer_reset
 .text.ctimer_restart
                0x00000000000056b0       0x38 contiki-srf06-cc26xx.a(ctimer.o)
                0x00000000000056b0                ctimer_restart
 .text.ctimer_stop
                0x00000000000056e8       0x34 contiki-srf06-cc26xx.a(ctimer.o)
                0x00000000000056e8                ctimer_stop
 .text.energest_init
                0x000000000000571c        0x4 contiki-srf06-cc26xx.a(energest.o)
                0x000000000000571c                energest_init
 .text.update_time.part.0
                0x0000000000005720       0x3c contiki-srf06-cc26xx.a(etimer.o)
 .text.process_thread_etimer_process
                0x000000000000575c       0xdc contiki-srf06-cc26xx.a(etimer.o)
 .text.add_timer
                0x0000000000005838       0x54 contiki-srf06-cc26xx.a(etimer.o)
 .text.etimer_request_poll
                0x000000000000588c        0xc contiki-srf06-cc26xx.a(etimer.o)
                0x000000000000588c                etimer_request_poll
 .text.etimer_set
                0x0000000000005898       0x14 contiki-srf06-cc26xx.a(etimer.o)
                0x0000000000005898                etimer_set
 .text.etimer_reset
                0x00000000000058ac       0x14 contiki-srf06-cc26xx.a(etimer.o)
                0x00000000000058ac                etimer_reset
 .text.etimer_restart
                0x00000000000058c0       0x14 contiki-srf06-cc26xx.a(etimer.o)
                0x00000000000058c0                etimer_restart
 .text.etimer_expired
                0x00000000000058d4        0xc contiki-srf06-cc26xx.a(etimer.o)
                0x00000000000058d4                etimer_expired
 .text.etimer_expiration_time
                0x00000000000058e0        0x8 contiki-srf06-cc26xx.a(etimer.o)
                0x00000000000058e0                etimer_expiration_time
 .text.etimer_pending
                0x00000000000058e8       0x10 contiki-srf06-cc26xx.a(etimer.o)
                0x00000000000058e8                etimer_pending
 .text.etimer_next_expiration_time
                0x00000000000058f8       0x14 contiki-srf06-cc26xx.a(etimer.o)
                0x00000000000058f8                etimer_next_expiration_time
 .text.etimer_stop
                0x000000000000590c       0x50 contiki-srf06-cc26xx.a(etimer.o)
                0x000000000000590c                etimer_stop
 .text.exit_process
                0x000000000000595c       0x9c contiki-srf06-cc26xx.a(process.o)
 .text.call_process.part.0
                0x00000000000059f8       0x38 contiki-srf06-cc26xx.a(process.o)
 .text.do_poll  0x0000000000005a30       0x38 contiki-srf06-cc26xx.a(process.o)
 .text.process_alloc_event
                0x0000000000005a68       0x10 contiki-srf06-cc26xx.a(process.o)
                0x0000000000005a68                process_alloc_event
 .text.process_start
                0x0000000000005a78       0x48 contiki-srf06-cc26xx.a(process.o)
                0x0000000000005a78                process_start
 .text.process_init
                0x0000000000005ac0       0x34 contiki-srf06-cc26xx.a(process.o)
                0x0000000000005ac0                process_init
 .text.process_run
                0x0000000000005af4       0xa4 contiki-srf06-cc26xx.a(process.o)
                0x0000000000005af4                process_run
 .text.process_nevents
                0x0000000000005b98       0x14 contiki-srf06-cc26xx.a(process.o)
                0x0000000000005b98                process_nevents
 .text.process_post
                0x0000000000005bac       0x40 contiki-srf06-cc26xx.a(process.o)
                0x0000000000005bac                process_post
 .text.process_post_synch
                0x0000000000005bec       0x18 contiki-srf06-cc26xx.a(process.o)
                0x0000000000005bec                process_post_synch
 .text.process_poll
                0x0000000000005c04       0x1c contiki-srf06-cc26xx.a(process.o)
                0x0000000000005c04                process_poll
 .text.rtimer_init
                0x0000000000005c20        0x4 contiki-srf06-cc26xx.a(rtimer.o)
                0x0000000000005c20                rtimer_init
 .text.rtimer_set
                0x0000000000005c24       0x30 contiki-srf06-cc26xx.a(rtimer.o)
                0x0000000000005c24                rtimer_set
 .text.rtimer_run_next
                0x0000000000005c54       0x28 contiki-srf06-cc26xx.a(rtimer.o)
                0x0000000000005c54                rtimer_run_next
 .text.timer_set
                0x0000000000005c7c       0x10 contiki-srf06-cc26xx.a(timer.o)
                0x0000000000005c7c                timer_set
 .text.timer_reset
                0x0000000000005c8c        0xc contiki-srf06-cc26xx.a(timer.o)
                0x0000000000005c8c                timer_reset
 .text.timer_restart
                0x0000000000005c98        0xc contiki-srf06-cc26xx.a(timer.o)
                0x0000000000005c98                timer_restart
 .text.timer_expired
                0x0000000000005ca4       0x1c contiki-srf06-cc26xx.a(timer.o)
                0x0000000000005ca4                timer_expired
 .text.process_thread_serial_line_process
                0x0000000000005cc0       0xa4 contiki-srf06-cc26xx.a(serial-line.o)
 .text.serial_line_init
                0x0000000000005d64       0x24 contiki-srf06-cc26xx.a(serial-line.o)
                0x0000000000005d64                serial_line_init
 .text.list_init
                0x0000000000005d88        0x8 contiki-srf06-cc26xx.a(list.o)
                0x0000000000005d88                list_init
 .text.list_head
                0x0000000000005d90        0x4 contiki-srf06-cc26xx.a(list.o)
                0x0000000000005d90                list_head
 .text.list_add
                0x0000000000005d94       0x4c contiki-srf06-cc26xx.a(list.o)
                0x0000000000005d94                list_add
 .text.list_push
                0x0000000000005de0       0x40 contiki-srf06-cc26xx.a(list.o)
                0x0000000000005de0                list_push
 .text.list_remove
                0x0000000000005e20       0x38 contiki-srf06-cc26xx.a(list.o)
                0x0000000000005e20                list_remove
 .text.list_length
                0x0000000000005e58       0x14 contiki-srf06-cc26xx.a(list.o)
                0x0000000000005e58                list_length
 .text.list_item_next
                0x0000000000005e6c        0x8 contiki-srf06-cc26xx.a(list.o)
                0x0000000000005e6c                list_item_next
 .text.ringbuf_init
                0x0000000000005e74       0x10 contiki-srf06-cc26xx.a(ringbuf.o)
                0x0000000000005e74                ringbuf_init
 .text.ringbuf_get
                0x0000000000005e84       0x24 contiki-srf06-cc26xx.a(ringbuf.o)
                0x0000000000005e84                ringbuf_get
 .text.sicslowpan_init
                0x0000000000005ea8       0x1c contiki-srf06-cc26xx.a(sicslowpan.o)
                0x0000000000005ea8                sicslowpan_init
 .text.compress_addr_64
                0x0000000000005ec4       0x98 contiki-srf06-cc26xx.a(sicslowpan.o)
 .text.set_packet_attrs
                0x0000000000005f5c       0x50 contiki-srf06-cc26xx.a(sicslowpan.o)
 .text.addr_context_lookup_by_prefix
                0x0000000000005fac       0x40 contiki-srf06-cc26xx.a(sicslowpan.o)
 .text.send_packet
                0x0000000000005fec       0x24 contiki-srf06-cc26xx.a(sicslowpan.o)
 .text.packet_sent
                0x0000000000006010       0x28 contiki-srf06-cc26xx.a(sicslowpan.o)
 .text.store_fragment
                0x0000000000006038       0x74 contiki-srf06-cc26xx.a(sicslowpan.o)
 .text.add_fragment
                0x00000000000060ac      0x1bc contiki-srf06-cc26xx.a(sicslowpan.o)
 .text.uncompress_addr
                0x0000000000006268       0xc0 contiki-srf06-cc26xx.a(sicslowpan.o)
 .text.input    0x0000000000006328      0x5fc contiki-srf06-cc26xx.a(sicslowpan.o)
 .text.output   0x0000000000006924      0x738 contiki-srf06-cc26xx.a(sicslowpan.o)
 .text.uip_ds6_nbr_rm
                0x000000000000705c       0x20 contiki-srf06-cc26xx.a(uip-ds6-nbr.o)
                0x000000000000705c                uip_ds6_nbr_rm
 .text.uip_ds6_neighbors_init
                0x000000000000707c       0x1c contiki-srf06-cc26xx.a(uip-ds6-nbr.o)
                0x000000000000707c                uip_ds6_neighbors_init
 .text.uip_ds6_nbr_add
                0x0000000000007098       0x38 contiki-srf06-cc26xx.a(uip-ds6-nbr.o)
                0x0000000000007098                uip_ds6_nbr_add
 .text.uip_ds6_nbr_get_ll
                0x00000000000070d0       0x10 contiki-srf06-cc26xx.a(uip-ds6-nbr.o)
                0x00000000000070d0                uip_ds6_nbr_get_ll
 .text.uip_ds6_nbr_lookup
                0x00000000000070e0       0x34 contiki-srf06-cc26xx.a(uip-ds6-nbr.o)
                0x00000000000070e0                uip_ds6_nbr_lookup
 .text.uip_ds6_nbr_ipaddr_from_lladdr
                0x0000000000007114       0x10 contiki-srf06-cc26xx.a(uip-ds6-nbr.o)
                0x0000000000007114                uip_ds6_nbr_ipaddr_from_lladdr
 .text.uip_ds6_nbr_lladdr_from_ipaddr
                0x0000000000007124       0x1c contiki-srf06-cc26xx.a(uip-ds6-nbr.o)
                0x0000000000007124                uip_ds6_nbr_lladdr_from_ipaddr
 .text.uip_ds6_link_neighbor_callback
                0x0000000000007140       0x34 contiki-srf06-cc26xx.a(uip-ds6-nbr.o)
                0x0000000000007140                uip_ds6_link_neighbor_callback
 .text.uip_ds6_list_loop
                0x0000000000007174       0x58 contiki-srf06-cc26xx.a(uip-ds6.o)
                0x0000000000007174                uip_ds6_list_loop
 .text.uip_ds6_prefix_add
                0x00000000000071cc       0x6c contiki-srf06-cc26xx.a(uip-ds6.o)
                0x00000000000071cc                uip_ds6_prefix_add
 .text.uip_ds6_is_addr_onlink
                0x0000000000007238       0x40 contiki-srf06-cc26xx.a(uip-ds6.o)
                0x0000000000007238                uip_ds6_is_addr_onlink
 .text.uip_ds6_addr_lookup
                0x0000000000007278       0x2c contiki-srf06-cc26xx.a(uip-ds6.o)
                0x0000000000007278                uip_ds6_addr_lookup
 .text.uip_ds6_get_link_local
                0x00000000000072a4       0x54 contiki-srf06-cc26xx.a(uip-ds6.o)
                0x00000000000072a4                uip_ds6_get_link_local
 .text.uip_ds6_maddr_add
                0x00000000000072f8       0x50 contiki-srf06-cc26xx.a(uip-ds6.o)
                0x00000000000072f8                uip_ds6_maddr_add
 .text.uip_ds6_addr_add
                0x0000000000007348       0xa0 contiki-srf06-cc26xx.a(uip-ds6.o)
                0x0000000000007348                uip_ds6_addr_add
 .text.uip_ds6_maddr_lookup
                0x00000000000073e8       0x2c contiki-srf06-cc26xx.a(uip-ds6.o)
                0x00000000000073e8                uip_ds6_maddr_lookup
 .text.uip_ds6_addr_rm.part.0
                0x0000000000007414       0x40 contiki-srf06-cc26xx.a(uip-ds6.o)
 .text.uip_ds6_addr_rm
                0x0000000000007454        0x8 contiki-srf06-cc26xx.a(uip-ds6.o)
                0x0000000000007454                uip_ds6_addr_rm
 .text.uip_ds6_periodic
                0x000000000000745c       0x58 contiki-srf06-cc26xx.a(uip-ds6.o)
                0x000000000000745c                uip_ds6_periodic
 .text.uip_ds6_select_src
                0x00000000000074b4      0x114 contiki-srf06-cc26xx.a(uip-ds6.o)
                0x00000000000074b4                uip_ds6_select_src
 .text.uip_ds6_set_addr_iid
                0x00000000000075c8       0x14 contiki-srf06-cc26xx.a(uip-ds6.o)
                0x00000000000075c8                uip_ds6_set_addr_iid
 .text.uip_ds6_compute_reachable_time
                0x00000000000075dc       0x2c contiki-srf06-cc26xx.a(uip-ds6.o)
                0x00000000000075dc                uip_ds6_compute_reachable_time
 .text.uip_ds6_init
                0x0000000000007608       0xe0 contiki-srf06-cc26xx.a(uip-ds6.o)
                0x0000000000007608                uip_ds6_init
 .text.chksum   0x00000000000076e8       0x58 contiki-srf06-cc26xx.a(uip6.o)
 .text.upper_layer_chksum
                0x0000000000007740       0x54 contiki-srf06-cc26xx.a(uip6.o)
 .text.ext_hdr_options_process
                0x0000000000007794       0xd0 contiki-srf06-cc26xx.a(uip6.o)
 .text.uip_add32
                0x0000000000007864       0x58 contiki-srf06-cc26xx.a(uip6.o)
                0x0000000000007864                uip_add32
 .text.unlikely.uip_add_rcv_nxt
                0x00000000000078bc       0x2c contiki-srf06-cc26xx.a(uip6.o)
 .text.uip_icmp6chksum
                0x00000000000078e8        0x8 contiki-srf06-cc26xx.a(uip6.o)
                0x00000000000078e8                uip_icmp6chksum
 .text.uip_init
                0x00000000000078f0       0x5c contiki-srf06-cc26xx.a(uip6.o)
                0x00000000000078f0                uip_init
 .text.remove_ext_hdr
                0x000000000000794c       0x54 contiki-srf06-cc26xx.a(uip6.o)
                0x000000000000794c                remove_ext_hdr
 .text.uip_unlisten
                0x00000000000079a0       0x28 contiki-srf06-cc26xx.a(uip6.o)
                0x00000000000079a0                uip_unlisten
 .text.uip_process
                0x00000000000079c8      0xf48 contiki-srf06-cc26xx.a(uip6.o)
                0x00000000000079c8                uip_process
 .text.uip_htonl
                0x0000000000008910       0x1c contiki-srf06-cc26xx.a(uip6.o)
                0x0000000000008910                uip_htonl
 .text.start_periodic_tcp_timer
                0x000000000000892c       0x1c contiki-srf06-cc26xx.a(tcpip.o)
 .text.tcpip_set_outputfunc
                0x0000000000008948        0xc contiki-srf06-cc26xx.a(tcpip.o)
                0x0000000000008948                tcpip_set_outputfunc
 .text.tcpip_icmp6_call
                0x0000000000008954       0x28 contiki-srf06-cc26xx.a(tcpip.o)
                0x0000000000008954                tcpip_icmp6_call
 .text.tcpip_input
                0x000000000000897c       0x24 contiki-srf06-cc26xx.a(tcpip.o)
                0x000000000000897c                tcpip_input
 .text.tcpip_ipv6_output
                0x00000000000089a0       0xc4 contiki-srf06-cc26xx.a(tcpip.o)
                0x00000000000089a0                tcpip_ipv6_output
 .text.process_thread_tcpip_process
                0x0000000000008a64      0x1c8 contiki-srf06-cc26xx.a(tcpip.o)
 .text.tcpip_uipcall
                0x0000000000008c2c       0x70 contiki-srf06-cc26xx.a(tcpip.o)
                0x0000000000008c2c                tcpip_uipcall
 .text.rpl_set_preferred_parent
                0x0000000000008c9c       0x2c contiki-srf06-cc26xx.a(rpl-dag.o)
 .text.set_ip_from_prefix
                0x0000000000008cc8       0x24 contiki-srf06-cc26xx.a(rpl-dag.o)
 .text.check_prefix
                0x0000000000008cec       0x7c contiki-srf06-cc26xx.a(rpl-dag.o)
 .text.find_parent_any_dag_any_instance
                0x0000000000008d68       0x1c contiki-srf06-cc26xx.a(rpl-dag.o)
 .text.lollipop_greater_than
                0x0000000000008d84       0x3c contiki-srf06-cc26xx.a(rpl-dag.o)
 .text.rpl_dag_init
                0x0000000000008dc0       0x14 contiki-srf06-cc26xx.a(rpl-dag.o)
                0x0000000000008dc0                rpl_dag_init
 .text.rpl_get_parent
                0x0000000000008dd4       0x10 contiki-srf06-cc26xx.a(rpl-dag.o)
                0x0000000000008dd4                rpl_get_parent
 .text.rpl_rank_via_parent
                0x0000000000008de4       0x1c contiki-srf06-cc26xx.a(rpl-dag.o)
                0x0000000000008de4                rpl_rank_via_parent
 .text.rpl_get_parent_ipaddr
                0x0000000000008e00       0x18 contiki-srf06-cc26xx.a(rpl-dag.o)
                0x0000000000008e00                rpl_get_parent_ipaddr
 .text.rpl_get_parent_link_stats
                0x0000000000008e18       0x18 contiki-srf06-cc26xx.a(rpl-dag.o)
                0x0000000000008e18                rpl_get_parent_link_stats
 .text.best_parent
                0x0000000000008e30       0x94 contiki-srf06-cc26xx.a(rpl-dag.o)
 .text.rpl_parent_is_fresh
                0x0000000000008ec4       0x10 contiki-srf06-cc26xx.a(rpl-dag.o)
                0x0000000000008ec4                rpl_parent_is_fresh
 .text.rpl_parent_is_reachable
                0x0000000000008ed4       0x38 contiki-srf06-cc26xx.a(rpl-dag.o)
                0x0000000000008ed4                rpl_parent_is_reachable
 .text.rpl_repair_root
                0x0000000000008f0c       0x54 contiki-srf06-cc26xx.a(rpl-dag.o)
                0x0000000000008f0c                rpl_repair_root
 .text.rpl_set_prefix
                0x0000000000008f60       0x9c contiki-srf06-cc26xx.a(rpl-dag.o)
                0x0000000000008f60                rpl_set_prefix
 .text.rpl_set_default_route
                0x0000000000008ffc       0x30 contiki-srf06-cc26xx.a(rpl-dag.o)
                0x0000000000008ffc                rpl_set_default_route
 .text.rpl_alloc_instance
                0x000000000000902c       0x34 contiki-srf06-cc26xx.a(rpl-dag.o)
                0x000000000000902c                rpl_alloc_instance
 .text.rpl_alloc_dag
                0x0000000000009060       0x5c contiki-srf06-cc26xx.a(rpl-dag.o)
                0x0000000000009060                rpl_alloc_dag
 .text.rpl_add_parent
                0x00000000000090bc       0x30 contiki-srf06-cc26xx.a(rpl-dag.o)
                0x00000000000090bc                rpl_add_parent
 .text.rpl_join_instance.part.6
                0x00000000000090ec      0x150 contiki-srf06-cc26xx.a(rpl-dag.o)
 .text.rpl_find_parent
                0x000000000000923c       0x18 contiki-srf06-cc26xx.a(rpl-dag.o)
                0x000000000000923c                rpl_find_parent
 .text.rpl_find_parent_any_dag
                0x0000000000009254       0x20 contiki-srf06-cc26xx.a(rpl-dag.o)
                0x0000000000009254                rpl_find_parent_any_dag
 .text.rpl_select_parent
                0x0000000000009274       0x58 contiki-srf06-cc26xx.a(rpl-dag.o)
                0x0000000000009274                rpl_select_parent
 .text.rpl_select_dag
                0x00000000000092cc      0x170 contiki-srf06-cc26xx.a(rpl-dag.o)
                0x00000000000092cc                rpl_select_dag
 .text.rpl_nullify_parent
                0x000000000000943c       0x58 contiki-srf06-cc26xx.a(rpl-dag.o)
                0x000000000000943c                rpl_nullify_parent
 .text.nbr_callback
                0x0000000000009494       0x1c contiki-srf06-cc26xx.a(rpl-dag.o)
 .text.remove_parents.constprop.9
                0x00000000000094b0       0x48 contiki-srf06-cc26xx.a(rpl-dag.o)
 .text.rpl_free_dag
                0x00000000000094f8       0x48 contiki-srf06-cc26xx.a(rpl-dag.o)
                0x00000000000094f8                rpl_free_dag
 .text.rpl_move_parent
                0x0000000000009540       0x58 contiki-srf06-cc26xx.a(rpl-dag.o)
                0x0000000000009540                rpl_move_parent
 .text.rpl_get_dag
                0x0000000000009598       0x58 contiki-srf06-cc26xx.a(rpl-dag.o)
                0x0000000000009598                rpl_get_dag
 .text.rpl_get_any_dag
                0x00000000000095f0       0x18 contiki-srf06-cc26xx.a(rpl-dag.o)
                0x00000000000095f0                rpl_get_any_dag
 .text.rpl_get_instance
                0x0000000000009608       0x1c contiki-srf06-cc26xx.a(rpl-dag.o)
                0x0000000000009608                rpl_get_instance
 .text.rpl_local_repair
                0x0000000000009624       0x80 contiki-srf06-cc26xx.a(rpl-dag.o)
                0x0000000000009624                rpl_local_repair
 .text.rpl_process_parent_event
                0x00000000000096a4       0xa0 contiki-srf06-cc26xx.a(rpl-dag.o)
                0x00000000000096a4                rpl_process_parent_event
 .text.rpl_add_dag
                0x0000000000009744      0x14c contiki-srf06-cc26xx.a(rpl-dag.o)
                0x0000000000009744                rpl_add_dag
 .text.rpl_recalculate_ranks
                0x0000000000009890       0x50 contiki-srf06-cc26xx.a(rpl-dag.o)
                0x0000000000009890                rpl_recalculate_ranks
 .text.rpl_process_dio
                0x00000000000098e0      0x314 contiki-srf06-cc26xx.a(rpl-dag.o)
                0x00000000000098e0                rpl_process_dio
 .text.update_hbh_header
                0x0000000000009bf4       0xd0 contiki-srf06-cc26xx.a(rpl-ext-header.)
 .text.insert_hbh_header.isra.0
                0x0000000000009cc4       0xa8 contiki-srf06-cc26xx.a(rpl-ext-header.)
 .text.rpl_verify_hbh_header
                0x0000000000009d6c       0xe8 contiki-srf06-cc26xx.a(rpl-ext-header.)
                0x0000000000009d6c                rpl_verify_hbh_header
 .text.rpl_remove_header
                0x0000000000009e54       0x78 contiki-srf06-cc26xx.a(rpl-ext-header.)
                0x0000000000009e54                rpl_remove_header
 .text.rpl_update_header
                0x0000000000009ecc       0x74 contiki-srf06-cc26xx.a(rpl-ext-header.)
                0x0000000000009ecc                rpl_update_header
 .text.dao_ack_input
                0x0000000000009f40       0x14 contiki-srf06-cc26xx.a(rpl-icmp6.o)
 .text.dao_output_target_seq
                0x0000000000009f54      0x118 contiki-srf06-cc26xx.a(rpl-icmp6.o)
 .text.dio_input
                0x000000000000a06c      0x29c contiki-srf06-cc26xx.a(rpl-icmp6.o)
 .text.rpl_icmp6_update_nbr_table
                0x000000000000a308       0x38 contiki-srf06-cc26xx.a(rpl-icmp6.o)
                0x000000000000a308                rpl_icmp6_update_nbr_table
 .text.dao_input
                0x000000000000a340      0x2d8 contiki-srf06-cc26xx.a(rpl-icmp6.o)
 .text.dis_output
                0x000000000000a618       0x40 contiki-srf06-cc26xx.a(rpl-icmp6.o)
                0x000000000000a618                dis_output
 .text.dio_output
                0x000000000000a658      0x29c contiki-srf06-cc26xx.a(rpl-icmp6.o)
                0x000000000000a658                dio_output
 .text.dis_input
                0x000000000000a8f4       0x54 contiki-srf06-cc26xx.a(rpl-icmp6.o)
 .text.dao_output
                0x000000000000a948       0x88 contiki-srf06-cc26xx.a(rpl-icmp6.o)
                0x000000000000a948                dao_output
 .text.dao_output_target
                0x000000000000a9d0        0xc contiki-srf06-cc26xx.a(rpl-icmp6.o)
                0x000000000000a9d0                dao_output_target
 .text.rpl_icmp6_register_handlers
                0x000000000000a9dc       0x30 contiki-srf06-cc26xx.a(rpl-icmp6.o)
                0x000000000000a9dc                rpl_icmp6_register_handlers
 .text.reset    0x000000000000aa0c        0x4 contiki-srf06-cc26xx.a(rpl-mrhof.o)
 .text.update_metric_container
                0x000000000000aa10        0x8 contiki-srf06-cc26xx.a(rpl-mrhof.o)
 .text.parent_link_metric
                0x000000000000aa18       0x14 contiki-srf06-cc26xx.a(rpl-mrhof.o)
 .text.parent_has_usable_link
                0x000000000000aa2c       0x18 contiki-srf06-cc26xx.a(rpl-mrhof.o)
 .text.best_dag
                0x000000000000aa44       0x30 contiki-srf06-cc26xx.a(rpl-mrhof.o)
 .text.parent_path_cost
                0x000000000000aa74       0x4c contiki-srf06-cc26xx.a(rpl-mrhof.o)
 .text.rank_via_parent
                0x000000000000aac0       0x3c contiki-srf06-cc26xx.a(rpl-mrhof.o)
 .text.parent_is_acceptable
                0x000000000000aafc       0x34 contiki-srf06-cc26xx.a(rpl-mrhof.o)
 .text.best_parent
                0x000000000000ab30       0x68 contiki-srf06-cc26xx.a(rpl-mrhof.o)
 .text.new_dio_interval
                0x000000000000ab98       0x60 contiki-srf06-cc26xx.a(rpl-timers.o)
 .text.handle_periodic_timer
                0x000000000000abf8       0x60 contiki-srf06-cc26xx.a(rpl-timers.o)
 .text.handle_unicast_dio_timer
                0x000000000000ac58       0x1c contiki-srf06-cc26xx.a(rpl-timers.o)
 .text.handle_dio_timer
                0x000000000000ac74       0x8c contiki-srf06-cc26xx.a(rpl-timers.o)
 .text.set_dao_lifetime_timer.part.1
                0x000000000000ad00       0x40 contiki-srf06-cc26xx.a(rpl-timers.o)
 .text.schedule_dao
                0x000000000000ad40       0x5c contiki-srf06-cc26xx.a(rpl-timers.o)
 .text.handle_dao_timer
                0x000000000000ad9c       0x64 contiki-srf06-cc26xx.a(rpl-timers.o)
 .text.rpl_reset_periodic_timer
                0x000000000000ae00       0x3c contiki-srf06-cc26xx.a(rpl-timers.o)
                0x000000000000ae00                rpl_reset_periodic_timer
 .text.rpl_reset_dio_timer
                0x000000000000ae3c       0x1c contiki-srf06-cc26xx.a(rpl-timers.o)
                0x000000000000ae3c                rpl_reset_dio_timer
 .text.rpl_schedule_dao
                0x000000000000ae58        0x8 contiki-srf06-cc26xx.a(rpl-timers.o)
                0x000000000000ae58                rpl_schedule_dao
 .text.rpl_schedule_unicast_dio_immediately
                0x000000000000ae60       0x14 contiki-srf06-cc26xx.a(rpl-timers.o)
                0x000000000000ae60                rpl_schedule_unicast_dio_immediately
 .text.get_probing_delay
                0x000000000000ae74       0x4c contiki-srf06-cc26xx.a(rpl-timers.o)
                0x000000000000ae74                get_probing_delay
 .text.get_probing_target
                0x000000000000aec0       0xd8 contiki-srf06-cc26xx.a(rpl-timers.o)
                0x000000000000aec0                get_probing_target
 .text.rpl_schedule_probing
                0x000000000000af98       0x20 contiki-srf06-cc26xx.a(rpl-timers.o)
                0x000000000000af98                rpl_schedule_probing
 .text.handle_probing_timer
                0x000000000000afb8       0x34 contiki-srf06-cc26xx.a(rpl-timers.o)
 .text.rpl_get_mode
                0x000000000000afec        0xc contiki-srf06-cc26xx.a(rpl.o)
                0x000000000000afec                rpl_get_mode
 .text.rpl_purge_routes
                0x000000000000aff8       0x80 contiki-srf06-cc26xx.a(rpl.o)
                0x000000000000aff8                rpl_purge_routes
 .text.rpl_remove_routes
                0x000000000000b078       0x24 contiki-srf06-cc26xx.a(rpl.o)
                0x000000000000b078                rpl_remove_routes
 .text.rpl_remove_routes_by_nexthop
                0x000000000000b09c       0x34 contiki-srf06-cc26xx.a(rpl.o)
                0x000000000000b09c                rpl_remove_routes_by_nexthop
 .text.rpl_add_route
                0x000000000000b0d0       0x38 contiki-srf06-cc26xx.a(rpl.o)
                0x000000000000b0d0                rpl_add_route
 .text.rpl_link_neighbor_callback
                0x000000000000b108       0x48 contiki-srf06-cc26xx.a(rpl.o)
                0x000000000000b108                rpl_link_neighbor_callback
 .text.rpl_ipv6_neighbor_callback
                0x000000000000b150       0x30 contiki-srf06-cc26xx.a(rpl.o)
                0x000000000000b150                rpl_ipv6_neighbor_callback
 .text.rpl_purge_dags
                0x000000000000b180       0x5c contiki-srf06-cc26xx.a(rpl.o)
                0x000000000000b180                rpl_purge_dags
 .text.rpl_init
                0x000000000000b1dc       0x34 contiki-srf06-cc26xx.a(rpl.o)
                0x000000000000b1dc                rpl_init
 .text.SafeHapiVoid
                0x000000000000b210       0x28 contiki-srf06-cc26xx.a(adi.o)
                0x000000000000b210                SafeHapiVoid
 .text.NOROM_AONBatMonTemperatureGetDegC
                0x000000000000b238       0x30 contiki-srf06-cc26xx.a(aon_batmon.o)
                0x000000000000b238                NOROM_AONBatMonTemperatureGetDegC
 .text.NOROM_AONRTCCurrentCompareValueGet
                0x000000000000b268       0x24 contiki-srf06-cc26xx.a(aon_rtc.o)
                0x000000000000b268                NOROM_AONRTCCurrentCompareValueGet
 .text.NOROM_ChipInfo_GetSupportedProtocol_BV
                0x000000000000b28c       0x10 contiki-srf06-cc26xx.a(chipinfo.o)
                0x000000000000b28c                NOROM_ChipInfo_GetSupportedProtocol_BV
 .text.NOROM_ChipInfo_GetChipFamily
                0x000000000000b29c       0x4c contiki-srf06-cc26xx.a(chipinfo.o)
                0x000000000000b29c                NOROM_ChipInfo_GetChipFamily
 .text.NOROM_ChipInfo_GetChipType
                0x000000000000b2e8       0x50 contiki-srf06-cc26xx.a(chipinfo.o)
                0x000000000000b2e8                NOROM_ChipInfo_GetChipType
 .text.NOROM_ChipInfo_GetHwRevision
                0x000000000000b338       0x6c contiki-srf06-cc26xx.a(chipinfo.o)
                0x000000000000b338                NOROM_ChipInfo_GetHwRevision
 .text.NOROM_ThisCodeIsBuiltForCC26xxHwRev22AndLater_HaltIfViolated
                0x000000000000b3a4       0x14 contiki-srf06-cc26xx.a(chipinfo.o)
                0x000000000000b3a4                NOROM_ThisCodeIsBuiltForCC26xxHwRev22AndLater_HaltIfViolated
 .text.NOROM_CPUcpsid
                0x000000000000b3b8        0x8 contiki-srf06-cc26xx.a(cpu.o)
                0x000000000000b3b8                NOROM_CPUcpsid
 .text.NOROM_CPUcpsie
                0x000000000000b3c0        0x8 contiki-srf06-cc26xx.a(cpu.o)
                0x000000000000b3c0                NOROM_CPUcpsie
 .text.NOROM_CPUdelay
                0x000000000000b3c8        0x8 contiki-srf06-cc26xx.a(cpu.o)
                0x000000000000b3c8                NOROM_CPUdelay
 .text.NOROM_DDI32RegWrite
                0x000000000000b3d0       0x2c contiki-srf06-cc26xx.a(ddi.o)
                0x000000000000b3d0                NOROM_DDI32RegWrite
 .text.NOROM_DDI16BitfieldWrite
                0x000000000000b3fc       0x48 contiki-srf06-cc26xx.a(ddi.o)
                0x000000000000b3fc                NOROM_DDI16BitfieldWrite
 .text.NOROM_DDI16BitfieldRead
                0x000000000000b444       0x48 contiki-srf06-cc26xx.a(ddi.o)
                0x000000000000b444                NOROM_DDI16BitfieldRead
 .text.NOROM_OSCClockSourceSet
                0x000000000000b48c       0x50 contiki-srf06-cc26xx.a(osc.o)
                0x000000000000b48c                NOROM_OSCClockSourceSet
 .text.NOROM_OSCClockSourceGet
                0x000000000000b4dc       0x20 contiki-srf06-cc26xx.a(osc.o)
                0x000000000000b4dc                NOROM_OSCClockSourceGet
 .text.NOROM_PowerCtrlSourceSet
                0x000000000000b4fc       0x30 contiki-srf06-cc26xx.a(pwr_ctrl.o)
                0x000000000000b4fc                NOROM_PowerCtrlSourceSet
 .text.TrimAfterColdResetWakeupFromShutDown
                0x000000000000b52c       0xe4 contiki-srf06-cc26xx.a(setup.o)
 .text.NOROM_SetupTrimDevice
                0x000000000000b610       0xa0 contiki-srf06-cc26xx.a(setup.o)
                0x000000000000b610                NOROM_SetupTrimDevice
 .text.NOROM_SetupGetTrimForXoscHfCtl.part.3
                0x000000000000b6b0       0x20 contiki-srf06-cc26xx.a(setup_rom.o)
 .text.NOROM_SetupGetTrimForRadcExtCfg.part.4
                0x000000000000b6d0       0x1c contiki-srf06-cc26xx.a(setup_rom.o)
 .text.NOROM_SetupAfterColdResetWakeupFromShutDownCfg1
                0x000000000000b6ec       0x74 contiki-srf06-cc26xx.a(setup_rom.o)
                0x000000000000b6ec                NOROM_SetupAfterColdResetWakeupFromShutDownCfg1
 .text.NOROM_SetupAfterColdResetWakeupFromShutDownCfg3
                0x000000000000b760      0x1a0 contiki-srf06-cc26xx.a(setup_rom.o)
                0x000000000000b760                NOROM_SetupAfterColdResetWakeupFromShutDownCfg3
 .text.NOROM_SetupGetTrimForAnabypassValue1
                0x000000000000b900       0x64 contiki-srf06-cc26xx.a(setup_rom.o)
                0x000000000000b900                NOROM_SetupGetTrimForAnabypassValue1
 .text.NOROM_SetupGetTrimForAmpcompCtrl
                0x000000000000b964       0x58 contiki-srf06-cc26xx.a(setup_rom.o)
                0x000000000000b964                NOROM_SetupGetTrimForAmpcompCtrl
 .text.NOROM_SetupAfterColdResetWakeupFromShutDownCfg2
                0x000000000000b9bc      0x190 contiki-srf06-cc26xx.a(setup_rom.o)
                0x000000000000b9bc                NOROM_SetupAfterColdResetWakeupFromShutDownCfg2
 .text.NOROM_SetupSetCacheModeAccordingToCcfgSetting
                0x000000000000bb4c       0x6c contiki-srf06-cc26xx.a(setup_rom.o)
                0x000000000000bb4c                NOROM_SetupSetCacheModeAccordingToCcfgSetting
 .text.NOROM_SysCtrlSetRechargeBeforePowerDown
                0x000000000000bbb8      0x238 contiki-srf06-cc26xx.a(sys_ctrl.o)
                0x000000000000bbb8                NOROM_SysCtrlSetRechargeBeforePowerDown
 .text.NOROM_SysCtrlAdjustRechargeAfterPowerDown
                0x000000000000bdf0       0x64 contiki-srf06-cc26xx.a(sys_ctrl.o)
                0x000000000000bdf0                NOROM_SysCtrlAdjustRechargeAfterPowerDown
 .text.NOROM_SysCtrl_DCDC_VoltageConditionalControl
                0x000000000000be54       0x7c contiki-srf06-cc26xx.a(sys_ctrl.o)
                0x000000000000be54                NOROM_SysCtrl_DCDC_VoltageConditionalControl
 .text.NOROM_TRNGConfigure
                0x000000000000bed0       0x38 contiki-srf06-cc26xx.a(trng.o)
                0x000000000000bed0                NOROM_TRNGConfigure
 .text.periodic
                0x000000000000bf08       0x30 contiki-srf06-cc26xx.a(link-stats.o)
 .text.link_stats_from_lladdr
                0x000000000000bf38        0xc contiki-srf06-cc26xx.a(link-stats.o)
                0x000000000000bf38                link_stats_from_lladdr
 .text.link_stats_is_fresh
                0x000000000000bf44       0x28 contiki-srf06-cc26xx.a(link-stats.o)
                0x000000000000bf44                link_stats_is_fresh
 .text.link_stats_packet_sent
                0x000000000000bf6c       0xcc contiki-srf06-cc26xx.a(link-stats.o)
                0x000000000000bf6c                link_stats_packet_sent
 .text.link_stats_input_callback
                0x000000000000c038       0x5c contiki-srf06-cc26xx.a(link-stats.o)
                0x000000000000c038                link_stats_input_callback
 .text.link_stats_init
                0x000000000000c094       0x28 contiki-srf06-cc26xx.a(link-stats.o)
                0x000000000000c094                link_stats_init
 .text.linkaddr_copy
                0x000000000000c0bc        0xc contiki-srf06-cc26xx.a(linkaddr.o)
                0x000000000000c0bc                linkaddr_copy
 .text.linkaddr_cmp
                0x000000000000c0c8       0x10 contiki-srf06-cc26xx.a(linkaddr.o)
                0x000000000000c0c8                linkaddr_cmp
 .text.index_from_lladdr
                0x000000000000c0d8       0x50 contiki-srf06-cc26xx.a(nbr-table.o)
 .text.remove_key
                0x000000000000c128       0x90 contiki-srf06-cc26xx.a(nbr-table.o)
 .text.nbr_table_register
                0x000000000000c1b8       0x2c contiki-srf06-cc26xx.a(nbr-table.o)
                0x000000000000c1b8                nbr_table_register
 .text.nbr_table_next
                0x000000000000c1e4       0x70 contiki-srf06-cc26xx.a(nbr-table.o)
                0x000000000000c1e4                nbr_table_next
 .text.nbr_table_head
                0x000000000000c254       0x58 contiki-srf06-cc26xx.a(nbr-table.o)
                0x000000000000c254                nbr_table_head
 .text.nbr_table_add_lladdr
                0x000000000000c2ac      0x150 contiki-srf06-cc26xx.a(nbr-table.o)
                0x000000000000c2ac                nbr_table_add_lladdr
 .text.nbr_table_get_from_lladdr
                0x000000000000c3fc       0x38 contiki-srf06-cc26xx.a(nbr-table.o)
                0x000000000000c3fc                nbr_table_get_from_lladdr
 .text.nbr_table_remove
                0x000000000000c434       0x5c contiki-srf06-cc26xx.a(nbr-table.o)
                0x000000000000c434                nbr_table_remove
 .text.nbr_table_lock
                0x000000000000c490       0x34 contiki-srf06-cc26xx.a(nbr-table.o)
                0x000000000000c490                nbr_table_lock
 .text.nbr_table_unlock
                0x000000000000c4c4       0x38 contiki-srf06-cc26xx.a(nbr-table.o)
                0x000000000000c4c4                nbr_table_unlock
 .text.nbr_table_get_lladdr
                0x000000000000c4fc       0x30 contiki-srf06-cc26xx.a(nbr-table.o)
                0x000000000000c4fc                nbr_table_get_lladdr
 .text.nbr_table_update_lladdr
                0x000000000000c52c       0x58 contiki-srf06-cc26xx.a(nbr-table.o)
                0x000000000000c52c                nbr_table_update_lladdr
 .text.netstack_init
                0x000000000000c584       0x38 contiki-srf06-cc26xx.a(netstack.o)
                0x000000000000c584                netstack_init
 .text.packetbuf_copyto
                0x000000000000c5bc       0x50 contiki-srf06-cc26xx.a(packetbuf.o)
                0x000000000000c5bc                packetbuf_copyto
 .text.packetbuf_hdralloc
                0x000000000000c60c       0x60 contiki-srf06-cc26xx.a(packetbuf.o)
                0x000000000000c60c                packetbuf_hdralloc
 .text.packetbuf_hdrreduce
                0x000000000000c66c       0x2c contiki-srf06-cc26xx.a(packetbuf.o)
                0x000000000000c66c                packetbuf_hdrreduce
 .text.packetbuf_set_datalen
                0x000000000000c698        0xc contiki-srf06-cc26xx.a(packetbuf.o)
                0x000000000000c698                packetbuf_set_datalen
 .text.packetbuf_dataptr
                0x000000000000c6a4       0x20 contiki-srf06-cc26xx.a(packetbuf.o)
                0x000000000000c6a4                packetbuf_dataptr
 .text.packetbuf_hdrptr
                0x000000000000c6c4        0x8 contiki-srf06-cc26xx.a(packetbuf.o)
                0x000000000000c6c4                packetbuf_hdrptr
 .text.packetbuf_datalen
                0x000000000000c6cc        0xc contiki-srf06-cc26xx.a(packetbuf.o)
                0x000000000000c6cc                packetbuf_datalen
 .text.packetbuf_totlen
                0x000000000000c6d8       0x24 contiki-srf06-cc26xx.a(packetbuf.o)
                0x000000000000c6d8                packetbuf_totlen
 .text.packetbuf_attr_clear
                0x000000000000c6fc       0x34 contiki-srf06-cc26xx.a(packetbuf.o)
                0x000000000000c6fc                packetbuf_attr_clear
 .text.packetbuf_clear
                0x000000000000c730       0x20 contiki-srf06-cc26xx.a(packetbuf.o)
                0x000000000000c730                packetbuf_clear
 .text.packetbuf_copyfrom
                0x000000000000c750       0x40 contiki-srf06-cc26xx.a(packetbuf.o)
                0x000000000000c750                packetbuf_copyfrom
 .text.packetbuf_attr_copyto
                0x000000000000c790       0x44 contiki-srf06-cc26xx.a(packetbuf.o)
                0x000000000000c790                packetbuf_attr_copyto
 .text.packetbuf_attr_copyfrom
                0x000000000000c7d4       0x44 contiki-srf06-cc26xx.a(packetbuf.o)
                0x000000000000c7d4                packetbuf_attr_copyfrom
 .text.packetbuf_set_attr
                0x000000000000c818       0x10 contiki-srf06-cc26xx.a(packetbuf.o)
                0x000000000000c818                packetbuf_set_attr
 .text.packetbuf_attr
                0x000000000000c828        0xc contiki-srf06-cc26xx.a(packetbuf.o)
                0x000000000000c828                packetbuf_attr
 .text.packetbuf_set_addr
                0x000000000000c834       0x18 contiki-srf06-cc26xx.a(packetbuf.o)
                0x000000000000c834                packetbuf_set_addr
 .text.packetbuf_addr
                0x000000000000c84c       0x10 contiki-srf06-cc26xx.a(packetbuf.o)
                0x000000000000c84c                packetbuf_addr
 .text.packetbuf_holds_broadcast
                0x000000000000c85c       0x10 contiki-srf06-cc26xx.a(packetbuf.o)
                0x000000000000c85c                packetbuf_holds_broadcast
 .text.queuebuf_init
                0x000000000000c86c       0x1c contiki-srf06-cc26xx.a(queuebuf.o)
                0x000000000000c86c                queuebuf_init
 .text.queuebuf_numfree
                0x000000000000c888        0xc contiki-srf06-cc26xx.a(queuebuf.o)
                0x000000000000c888                queuebuf_numfree
 .text.queuebuf_new_from_packetbuf
                0x000000000000c894       0x44 contiki-srf06-cc26xx.a(queuebuf.o)
                0x000000000000c894                queuebuf_new_from_packetbuf
 .text.queuebuf_update_attr_from_packetbuf
                0x000000000000c8d8        0xc contiki-srf06-cc26xx.a(queuebuf.o)
                0x000000000000c8d8                queuebuf_update_attr_from_packetbuf
 .text.queuebuf_update_from_packetbuf
                0x000000000000c8e4       0x1c contiki-srf06-cc26xx.a(queuebuf.o)
                0x000000000000c8e4                queuebuf_update_from_packetbuf
 .text.queuebuf_free
                0x000000000000c900       0x2c contiki-srf06-cc26xx.a(queuebuf.o)
                0x000000000000c900                queuebuf_free
 .text.queuebuf_to_packetbuf
                0x000000000000c92c       0x30 contiki-srf06-cc26xx.a(queuebuf.o)
                0x000000000000c92c                queuebuf_to_packetbuf
 .text.queuebuf_attr
                0x000000000000c95c        0xc contiki-srf06-cc26xx.a(queuebuf.o)
                0x000000000000c95c                queuebuf_attr
 .text.input_packet
                0x000000000000c968        0xc contiki-srf06-cc26xx.a(csma.o)
 .text.on       0x000000000000c974        0xc contiki-srf06-cc26xx.a(csma.o)
 .text.off      0x000000000000c980        0xc contiki-srf06-cc26xx.a(csma.o)
 .text.channel_check_interval
                0x000000000000c98c       0x10 contiki-srf06-cc26xx.a(csma.o)
 .text.schedule_transmission
                0x000000000000c99c       0x4c contiki-srf06-cc26xx.a(csma.o)
 .text.send_packet
                0x000000000000c9e8      0x150 contiki-srf06-cc26xx.a(csma.o)
 .text.init     0x000000000000cb38       0x24 contiki-srf06-cc26xx.a(csma.o)
 .text.transmit_packet_list
                0x000000000000cb5c       0x34 contiki-srf06-cc26xx.a(csma.o)
 .text.tx_done  0x000000000000cb90       0x8c contiki-srf06-cc26xx.a(csma.o)
 .text.packet_sent
                0x000000000000cc1c       0xe4 contiki-srf06-cc26xx.a(csma.o)
 .text.parse    0x000000000000cd00       0xa0 contiki-srf06-cc26xx.a(framer-802154.o)
 .text.create_frame.isra.0
                0x000000000000cda0      0x144 contiki-srf06-cc26xx.a(framer-802154.o)
 .text.create   0x000000000000cee4        0x8 contiki-srf06-cc26xx.a(framer-802154.o)
 .text.hdr_length
                0x000000000000ceec        0x8 contiki-srf06-cc26xx.a(framer-802154.o)
 .text.mac_call_sent_callback
                0x000000000000cef4       0x18 contiki-srf06-cc26xx.a(mac.o)
                0x000000000000cef4                mac_call_sent_callback
 .text.duty_cycle
                0x000000000000cf0c        0x4 contiki-srf06-cc26xx.a(contikimac.o)
 .text.init     0x000000000000cf10       0x40 contiki-srf06-cc26xx.a(contikimac.o)
 .text.on.part.0
                0x000000000000cf50       0x14 contiki-srf06-cc26xx.a(contikimac.o)
 .text.off      0x000000000000cf64       0x38 contiki-srf06-cc26xx.a(contikimac.o)
 .text.recv_burst_off
                0x000000000000cf9c       0x14 contiki-srf06-cc26xx.a(contikimac.o)
 .text.powercycle_turn_radio_off.part.2
                0x000000000000cfb0       0x10 contiki-srf06-cc26xx.a(contikimac.o)
 .text.turn_off
                0x000000000000cfc0       0x48 contiki-srf06-cc26xx.a(contikimac.o)
 .text.turn_on  0x000000000000d008       0x44 contiki-srf06-cc26xx.a(contikimac.o)
 .text.schedule_powercycle_fixed.part.5
                0x000000000000d04c       0x30 contiki-srf06-cc26xx.a(contikimac.o)
 .text.input_packet
                0x000000000000d07c       0xc0 contiki-srf06-cc26xx.a(contikimac.o)
 .text.send_packet.isra.8
                0x000000000000d13c      0x254 contiki-srf06-cc26xx.a(contikimac.o)
 .text.qsend_packet
                0x000000000000d390       0x24 contiki-srf06-cc26xx.a(contikimac.o)
 .text.qsend_list
                0x000000000000d3b4       0xf4 contiki-srf06-cc26xx.a(contikimac.o)
 .text.powercycle_wrapper
                0x000000000000d4a8      0x278 contiki-srf06-cc26xx.a(contikimac.o)
 .text.init     0x000000000000d720        0x4 contiki-srf06-cc26xx.a(nullsec.o)
 .text.input    0x000000000000d724        0xc contiki-srf06-cc26xx.a(nullsec.o)
 .text.send     0x000000000000d730       0x20 contiki-srf06-cc26xx.a(nullsec.o)
 .text.sensor_common_read_reg
                0x000000000000d750       0x1c contiki-srf06-cc26xx.a(sensor-common.o)
                0x000000000000d750                sensor_common_read_reg
 .text.sensor_common_write_reg
                0x000000000000d76c       0x38 contiki-srf06-cc26xx.a(sensor-common.o)
                0x000000000000d76c                sensor_common_write_reg
 .text.sensor_common_set_error_data
                0x000000000000d7a4       0x18 contiki-srf06-cc26xx.a(sensor-common.o)
                0x000000000000d7a4                sensor_common_set_error_data
 .text.verify_part
                0x000000000000d7bc       0x80 contiki-srf06-cc26xx.a(ext-flash.o)
 .text.wait_ready
                0x000000000000d83c       0x58 contiki-srf06-cc26xx.a(ext-flash.o)
 .text.power_down
                0x000000000000d894       0x50 contiki-srf06-cc26xx.a(ext-flash.o)
 .text.ext_flash_open
                0x000000000000d8e4       0x60 contiki-srf06-cc26xx.a(ext-flash.o)
                0x000000000000d8e4                ext_flash_open
 .text.ext_flash_init
                0x000000000000d944       0x14 contiki-srf06-cc26xx.a(ext-flash.o)
                0x000000000000d944                ext_flash_init
 .text.accessible
                0x000000000000d958       0x24 contiki-srf06-cc26xx.a(board-spi.o)
 .text.board_spi_write
                0x000000000000d97c       0x40 contiki-srf06-cc26xx.a(board-spi.o)
                0x000000000000d97c                board_spi_write
 .text.board_spi_read
                0x000000000000d9bc       0x4c contiki-srf06-cc26xx.a(board-spi.o)
                0x000000000000d9bc                board_spi_read
 .text.board_spi_flush
                0x000000000000da08       0x24 contiki-srf06-cc26xx.a(board-spi.o)
                0x000000000000da08                board_spi_flush
 .text.board_spi_open
                0x000000000000da2c       0xbc contiki-srf06-cc26xx.a(board-spi.o)
                0x000000000000da2c                board_spi_open
 .text.board_spi_close
                0x000000000000dae8       0x70 contiki-srf06-cc26xx.a(board-spi.o)
                0x000000000000dae8                board_spi_close
 .text.aux_ctrl_power_up
                0x000000000000db58       0x28 contiki-srf06-cc26xx.a(aux-ctrl.o)
                0x000000000000db58                aux_ctrl_power_up
 .text.aux_ctrl_register_consumer
                0x000000000000db80       0x40 contiki-srf06-cc26xx.a(aux-ctrl.o)
                0x000000000000db80                aux_ctrl_register_consumer
 .text.aux_ctrl_power_down
                0x000000000000dbc0       0x6c contiki-srf06-cc26xx.a(aux-ctrl.o)
                0x000000000000dbc0                aux_ctrl_power_down
 .text.aux_ctrl_unregister_consumer
                0x000000000000dc2c       0x28 contiki-srf06-cc26xx.a(aux-ctrl.o)
                0x000000000000dc2c                aux_ctrl_unregister_consumer
 .text.process_thread_rf_core_process
                0x000000000000dc54       0x58 contiki-srf06-cc26xx.a(rf-core.o)
 .text.rf_core_is_accessible
                0x000000000000dcac       0x10 contiki-srf06-cc26xx.a(rf-core.o)
                0x000000000000dcac                rf_core_is_accessible
 .text.rf_core_send_cmd
                0x000000000000dcbc       0x98 contiki-srf06-cc26xx.a(rf-core.o)
                0x000000000000dcbc                rf_core_send_cmd
 .text.rf_core_wait_cmd_done
                0x000000000000dd54       0x30 contiki-srf06-cc26xx.a(rf-core.o)
                0x000000000000dd54                rf_core_wait_cmd_done
 .text.rf_core_power_up
                0x000000000000dd84       0xcc contiki-srf06-cc26xx.a(rf-core.o)
                0x000000000000dd84                rf_core_power_up
 .text.rf_core_start_rat
                0x000000000000de50       0x78 contiki-srf06-cc26xx.a(rf-core.o)
                0x000000000000de50                rf_core_start_rat
 .text.rf_core_stop_rat
                0x000000000000dec8       0x8c contiki-srf06-cc26xx.a(rf-core.o)
                0x000000000000dec8                rf_core_stop_rat
 .text.rf_core_power_down
                0x000000000000df54       0xfc contiki-srf06-cc26xx.a(rf-core.o)
                0x000000000000df54                rf_core_power_down
 .text.rf_core_set_modesel
                0x000000000000e050       0x44 contiki-srf06-cc26xx.a(rf-core.o)
                0x000000000000e050                rf_core_set_modesel
 .text.rf_core_boot
                0x000000000000e094       0x1c contiki-srf06-cc26xx.a(rf-core.o)
                0x000000000000e094                rf_core_boot
 .text.rf_core_restart_rat
                0x000000000000e0b0       0x18 contiki-srf06-cc26xx.a(rf-core.o)
                0x000000000000e0b0                rf_core_restart_rat
 .text.rf_core_setup_interrupts
                0x000000000000e0c8       0x70 contiki-srf06-cc26xx.a(rf-core.o)
                0x000000000000e0c8                rf_core_setup_interrupts
 .text.rf_core_cmd_done_en
                0x000000000000e138       0x28 contiki-srf06-cc26xx.a(rf-core.o)
                0x000000000000e138                rf_core_cmd_done_en
 .text.rf_core_cmd_done_dis
                0x000000000000e160       0x18 contiki-srf06-cc26xx.a(rf-core.o)
                0x000000000000e160                rf_core_cmd_done_dis
 .text.rf_core_get_last_radio_op
                0x000000000000e178        0xc contiki-srf06-cc26xx.a(rf-core.o)
                0x000000000000e178                rf_core_get_last_radio_op
 .text.rf_core_init_radio_op
                0x000000000000e184       0x1c contiki-srf06-cc26xx.a(rf-core.o)
                0x000000000000e184                rf_core_init_radio_op
 .text.rf_core_primary_mode_register
                0x000000000000e1a0        0xc contiki-srf06-cc26xx.a(rf-core.o)
                0x000000000000e1a0                rf_core_primary_mode_register
 .text.rf_core_primary_mode_abort
                0x000000000000e1ac       0x14 contiki-srf06-cc26xx.a(rf-core.o)
                0x000000000000e1ac                rf_core_primary_mode_abort
 .text.rf_core_primary_mode_restore
                0x000000000000e1c0       0x14 contiki-srf06-cc26xx.a(rf-core.o)
                0x000000000000e1c0                rf_core_primary_mode_restore
 .text.RFCCPE1IntHandler
                0x000000000000e1d4       0x28 contiki-srf06-cc26xx.a(rf-core.o)
                0x000000000000e1d4                RFCCPE1IntHandler
 .text.RFCCPE0IntHandler
                0x000000000000e1fc       0x5c contiki-srf06-cc26xx.a(rf-core.o)
                0x000000000000e1fc                RFCCPE0IntHandler
 .text.stimer_set
                0x000000000000e258       0x10 contiki-srf06-cc26xx.a(stimer.o)
                0x000000000000e258                stimer_set
 .text.stimer_expired
                0x000000000000e268       0x20 contiki-srf06-cc26xx.a(stimer.o)
                0x000000000000e268                stimer_expired
 .text.memb_init
                0x000000000000e288       0x24 contiki-srf06-cc26xx.a(memb.o)
                0x000000000000e288                memb_init
 .text.memb_alloc
                0x000000000000e2ac       0x3c contiki-srf06-cc26xx.a(memb.o)
                0x000000000000e2ac                memb_alloc
 .text.memb_free
                0x000000000000e2e8       0x3c contiki-srf06-cc26xx.a(memb.o)
                0x000000000000e2e8                memb_free
 .text.memb_inmemb
                0x000000000000e324       0x1c contiki-srf06-cc26xx.a(memb.o)
                0x000000000000e324                memb_inmemb
 .text.memb_numfree
                0x000000000000e340       0x20 contiki-srf06-cc26xx.a(memb.o)
                0x000000000000e340                memb_numfree
 .text.call_route_callback
                0x000000000000e360       0x54 contiki-srf06-cc26xx.a(uip-ds6-route.o)
 .text.uip_ds6_route_init
                0x000000000000e3b4       0x4c contiki-srf06-cc26xx.a(uip-ds6-route.o)
                0x000000000000e3b4                uip_ds6_route_init
 .text.uip_ds6_route_nexthop
                0x000000000000e400       0x1c contiki-srf06-cc26xx.a(uip-ds6-route.o)
                0x000000000000e400                uip_ds6_route_nexthop
 .text.uip_ds6_route_rm.part.0
                0x000000000000e41c       0x9c contiki-srf06-cc26xx.a(uip-ds6-route.o)
 .text.rm_routelist
                0x000000000000e4b8       0x3c contiki-srf06-cc26xx.a(uip-ds6-route.o)
 .text.rm_routelist_callback
                0x000000000000e4f4        0x4 contiki-srf06-cc26xx.a(uip-ds6-route.o)
 .text.uip_ds6_route_head
                0x000000000000e4f8        0xc contiki-srf06-cc26xx.a(uip-ds6-route.o)
                0x000000000000e4f8                uip_ds6_route_head
 .text.uip_ds6_route_next
                0x000000000000e504        0x8 contiki-srf06-cc26xx.a(uip-ds6-route.o)
                0x000000000000e504                uip_ds6_route_next
 .text.uip_ds6_route_is_nexthop
                0x000000000000e50c       0x20 contiki-srf06-cc26xx.a(uip-ds6-route.o)
                0x000000000000e50c                uip_ds6_route_is_nexthop
 .text.uip_ds6_route_lookup
                0x000000000000e52c       0x78 contiki-srf06-cc26xx.a(uip-ds6-route.o)
                0x000000000000e52c                uip_ds6_route_lookup
 .text.uip_ds6_route_add
                0x000000000000e5a4      0x114 contiki-srf06-cc26xx.a(uip-ds6-route.o)
                0x000000000000e5a4                uip_ds6_route_add
 .text.uip_ds6_route_rm
                0x000000000000e6b8        0xc contiki-srf06-cc26xx.a(uip-ds6-route.o)
                0x000000000000e6b8                uip_ds6_route_rm
 .text.uip_ds6_defrt_rm
                0x000000000000e6c4       0x48 contiki-srf06-cc26xx.a(uip-ds6-route.o)
                0x000000000000e6c4                uip_ds6_defrt_rm
 .text.uip_ds6_defrt_lookup
                0x000000000000e70c       0x38 contiki-srf06-cc26xx.a(uip-ds6-route.o)
                0x000000000000e70c                uip_ds6_defrt_lookup
 .text.uip_ds6_defrt_add
                0x000000000000e744       0x5c contiki-srf06-cc26xx.a(uip-ds6-route.o)
                0x000000000000e744                uip_ds6_defrt_add
 .text.uip_ds6_defrt_choose
                0x000000000000e7a0       0x34 contiki-srf06-cc26xx.a(uip-ds6-route.o)
                0x000000000000e7a0                uip_ds6_defrt_choose
 .text.uip_ds6_defrt_periodic
                0x000000000000e7d4       0x44 contiki-srf06-cc26xx.a(uip-ds6-route.o)
                0x000000000000e7d4                uip_ds6_defrt_periodic
 .text.echo_reply_input
                0x000000000000e818       0xb0 contiki-srf06-cc26xx.a(uip-icmp6.o)
 .text.echo_request_input
                0x000000000000e8c8       0xb8 contiki-srf06-cc26xx.a(uip-icmp6.o)
 .text.uip_icmp6_input
                0x000000000000e980       0x3c contiki-srf06-cc26xx.a(uip-icmp6.o)
                0x000000000000e980                uip_icmp6_input
 .text.uip_icmp6_register_input_handler
                0x000000000000e9bc        0xc contiki-srf06-cc26xx.a(uip-icmp6.o)
                0x000000000000e9bc                uip_icmp6_register_input_handler
 .text.uip_icmp6_error_output
                0x000000000000e9c8      0x16c contiki-srf06-cc26xx.a(uip-icmp6.o)
                0x000000000000e9c8                uip_icmp6_error_output
 .text.uip_icmp6_send
                0x000000000000eb34       0x8c contiki-srf06-cc26xx.a(uip-icmp6.o)
                0x000000000000eb34                uip_icmp6_send
 .text.uip_icmp6_init
                0x000000000000ebc0       0x24 contiki-srf06-cc26xx.a(uip-icmp6.o)
                0x000000000000ebc0                uip_icmp6_init
 .text.ns_input
                0x000000000000ebe4      0x278 contiki-srf06-cc26xx.a(uip-nd6.o)
 .text.uip_nd6_init
                0x000000000000ee5c        0xc contiki-srf06-cc26xx.a(uip-nd6.o)
                0x000000000000ee5c                uip_nd6_init
 .text.uip_debug_ipaddr_print
                0x000000000000ee68       0xc4 contiki-srf06-cc26xx.a(uip-debug.o)
                0x000000000000ee68                uip_debug_ipaddr_print
 .text.update_nbr
                0x000000000000ef2c      0x10c contiki-srf06-cc26xx.a(rpl-nbr-policy.)
 .text.handle_periodic_timer
                0x000000000000f038       0x14 contiki-srf06-cc26xx.a(rpl-nbr-policy.)
 .text.find_removable_dio
                0x000000000000f04c       0x3c contiki-srf06-cc26xx.a(rpl-nbr-policy.)
                0x000000000000f04c                find_removable_dio
 .text.rpl_nbr_policy_find_removable
                0x000000000000f088       0x60 contiki-srf06-cc26xx.a(rpl-nbr-policy.)
                0x000000000000f088                rpl_nbr_policy_find_removable
 .text.frame802154_get_pan_id
                0x000000000000f0e8        0xc contiki-srf06-cc26xx.a(frame802154.o)
                0x000000000000f0e8                frame802154_get_pan_id
 .text.frame802154_has_panid
                0x000000000000f0f4       0xd0 contiki-srf06-cc26xx.a(frame802154.o)
                0x000000000000f0f4                frame802154_has_panid
 .text.field_len
                0x000000000000f1c4       0x88 contiki-srf06-cc26xx.a(frame802154.o)
 .text.frame802154_is_broadcast_addr
                0x000000000000f24c       0x20 contiki-srf06-cc26xx.a(frame802154.o)
                0x000000000000f24c                frame802154_is_broadcast_addr
 .text.frame802154_hdrlen
                0x000000000000f26c       0x34 contiki-srf06-cc26xx.a(frame802154.o)
                0x000000000000f26c                frame802154_hdrlen
 .text.frame802154_create_fcf
                0x000000000000f2a0       0x64 contiki-srf06-cc26xx.a(frame802154.o)
                0x000000000000f2a0                frame802154_create_fcf
 .text.frame802154_create
                0x000000000000f304       0xa8 contiki-srf06-cc26xx.a(frame802154.o)
                0x000000000000f304                frame802154_create
 .text.frame802154_parse_fcf
                0x000000000000f3ac       0x44 contiki-srf06-cc26xx.a(frame802154.o)
                0x000000000000f3ac                frame802154_parse_fcf
 .text.frame802154_parse
                0x000000000000f3f0      0x13c contiki-srf06-cc26xx.a(frame802154.o)
                0x000000000000f3f0                frame802154_parse
 .text.mac_sequence_is_duplicate
                0x000000000000f52c       0x50 contiki-srf06-cc26xx.a(mac-sequence.o)
                0x000000000000f52c                mac_sequence_is_duplicate
 .text.mac_sequence_register_seqno
                0x000000000000f57c       0x6c contiki-srf06-cc26xx.a(mac-sequence.o)
                0x000000000000f57c                mac_sequence_register_seqno
 .text.exp2     0x000000000000f5e8       0x10 /usr/local/gcc_arm/gcc-arm-none-eabi-7-2017-q4-major/bin/../lib/gcc/arm-none-eabi/7.2.1/../../../../arm-none-eabi/lib/thumb/v7-m/libm.a(lib_a-w_exp2.o)
                0x000000000000f5e8                exp2
 .text.pow      0x000000000000f5f8      0x334 /usr/local/gcc_arm/gcc-arm-none-eabi-7-2017-q4-major/bin/../lib/gcc/arm-none-eabi/7.2.1/../../../../arm-none-eabi/lib/thumb/v7-m/libm.a(lib_a-w_pow.o)
                0x000000000000f5f8                pow
 .text.__ieee754_sqrt
                0x000000000000f92c      0x184 /usr/local/gcc_arm/gcc-arm-none-eabi-7-2017-q4-major/bin/../lib/gcc/arm-none-eabi/7.2.1/../../../../arm-none-eabi/lib/thumb/v7-m/libm.a(lib_a-e_sqrt.o)
                0x000000000000f92c                __ieee754_sqrt
 .text.fabs     0x000000000000fab0        0x8 /usr/local/gcc_arm/gcc-arm-none-eabi-7-2017-q4-major/bin/../lib/gcc/arm-none-eabi/7.2.1/../../../../arm-none-eabi/lib/thumb/v7-m/libm.a(lib_a-s_fabs.o)
                0x000000000000fab0                fabs
 .text.finite   0x000000000000fab8        0xc /usr/local/gcc_arm/gcc-arm-none-eabi-7-2017-q4-major/bin/../lib/gcc/arm-none-eabi/7.2.1/../../../../arm-none-eabi/lib/thumb/v7-m/libm.a(lib_a-s_finite.o)
                0x000000000000fab8                finite
 .text.matherr  0x000000000000fac4        0x4 /usr/local/gcc_arm/gcc-arm-none-eabi-7-2017-q4-major/bin/../lib/gcc/arm-none-eabi/7.2.1/../../../../arm-none-eabi/lib/thumb/v7-m/libm.a(lib_a-s_matherr.o)
                0x000000000000fac4                matherr
 .text.nan      0x000000000000fac8        0xc /usr/local/gcc_arm/gcc-arm-none-eabi-7-2017-q4-major/bin/../lib/gcc/arm-none-eabi/7.2.1/../../../../arm-none-eabi/lib/thumb/v7-m/libm.a(lib_a-s_nan.o)
                0x000000000000fac8                nan
 .text.rint     0x000000000000fad4      0x118 /usr/local/gcc_arm/gcc-arm-none-eabi-7-2017-q4-major/bin/../lib/gcc/arm-none-eabi/7.2.1/../../../../arm-none-eabi/lib/thumb/v7-m/libm.a(lib_a-s_rint.o)
                0x000000000000fad4                rint
 .text.copysign
                0x000000000000fbec       0x10 /usr/local/gcc_arm/gcc-arm-none-eabi-7-2017-q4-major/bin/../lib/gcc/arm-none-eabi/7.2.1/../../../../arm-none-eabi/lib/thumb/v7-m/libm.a(lib_a-s_copysign.o)
                0x000000000000fbec                copysign
 .text          0x000000000000fbfc      0x378 /usr/local/gcc_arm/gcc-arm-none-eabi-7-2017-q4-major/bin/../lib/gcc/arm-none-eabi/7.2.1/thumb/v7-m/libgcc.a(_arm_addsubdf3.o)
                0x000000000000fbfc                __aeabi_drsub
                0x000000000000fc04                __subdf3
                0x000000000000fc04                __aeabi_dsub
                0x000000000000fc08                __aeabi_dadd
                0x000000000000fc08                __adddf3
                0x000000000000fe80                __aeabi_ui2d
                0x000000000000fe80                __floatunsidf
                0x000000000000fea0                __floatsidf
                0x000000000000fea0                __aeabi_i2d
                0x000000000000fec4                __extendsfdf2
                0x000000000000fec4                __aeabi_f2d
                0x000000000000ff08                __aeabi_ul2d
                0x000000000000ff08                __floatundidf
                0x000000000000ff18                __aeabi_l2d
                0x000000000000ff18                __floatdidf
 .text          0x000000000000ff74      0x424 /usr/local/gcc_arm/gcc-arm-none-eabi-7-2017-q4-major/bin/../lib/gcc/arm-none-eabi/7.2.1/thumb/v7-m/libgcc.a(_arm_muldivdf3.o)
                0x000000000000ff74                __aeabi_dmul
                0x000000000000ff74                __muldf3
                0x00000000000101c8                __aeabi_ddiv
                0x00000000000101c8                __divdf3
 .text          0x0000000000010398      0x110 /usr/local/gcc_arm/gcc-arm-none-eabi-7-2017-q4-major/bin/../lib/gcc/arm-none-eabi/7.2.1/thumb/v7-m/libgcc.a(_arm_cmpdf2.o)
                0x0000000000010398                __gedf2
                0x0000000000010398                __gtdf2
                0x00000000000103a0                __ledf2
                0x00000000000103a0                __ltdf2
                0x00000000000103a8                __cmpdf2
                0x00000000000103a8                __eqdf2
                0x00000000000103a8                __nedf2
                0x0000000000010424                __aeabi_cdrcmple
                0x0000000000010434                __aeabi_cdcmple
                0x0000000000010434                __aeabi_cdcmpeq
                0x0000000000010444                __aeabi_dcmpeq
                0x0000000000010458                __aeabi_dcmplt
                0x000000000001046c                __aeabi_dcmple
                0x0000000000010480                __aeabi_dcmpge
                0x0000000000010494                __aeabi_dcmpgt
 .text          0x00000000000104a8       0x2c /usr/local/gcc_arm/gcc-arm-none-eabi-7-2017-q4-major/bin/../lib/gcc/arm-none-eabi/7.2.1/thumb/v7-m/libgcc.a(_arm_unorddf2.o)
                0x00000000000104a8                __aeabi_dcmpun
                0x00000000000104a8                __unorddf2
 .text          0x00000000000104d4       0xa0 /usr/local/gcc_arm/gcc-arm-none-eabi-7-2017-q4-major/bin/../lib/gcc/arm-none-eabi/7.2.1/thumb/v7-m/libgcc.a(_arm_truncdfsf2.o)
                0x00000000000104d4                __aeabi_d2f
                0x00000000000104d4                __truncdfsf2
 .text          0x0000000000010574      0x21c /usr/local/gcc_arm/gcc-arm-none-eabi-7-2017-q4-major/bin/../lib/gcc/arm-none-eabi/7.2.1/thumb/v7-m/libgcc.a(_arm_addsubsf3.o)
                0x0000000000010574                __aeabi_frsub
                0x000000000001057c                __aeabi_fsub
                0x000000000001057c                __subsf3
                0x0000000000010580                __aeabi_fadd
                0x0000000000010580                __addsf3
                0x00000000000106e0                __aeabi_ui2f
                0x00000000000106e0                __floatunsisf
                0x00000000000106e8                __floatsisf
                0x00000000000106e8                __aeabi_i2f
                0x0000000000010704                __aeabi_ul2f
                0x0000000000010704                __floatundisf
                0x0000000000010714                __aeabi_l2f
                0x0000000000010714                __floatdisf
 .text          0x0000000000010790      0x2a0 /usr/local/gcc_arm/gcc-arm-none-eabi-7-2017-q4-major/bin/../lib/gcc/arm-none-eabi/7.2.1/thumb/v7-m/libgcc.a(_arm_muldivsf3.o)
                0x0000000000010790                __mulsf3
                0x0000000000010790                __aeabi_fmul
                0x00000000000108f8                __divsf3
                0x00000000000108f8                __aeabi_fdiv
 .text          0x0000000000010a30       0x4c /usr/local/gcc_arm/gcc-arm-none-eabi-7-2017-q4-major/bin/../lib/gcc/arm-none-eabi/7.2.1/thumb/v7-m/libgcc.a(_arm_fixsfsi.o)
                0x0000000000010a30                __fixsfsi
                0x0000000000010a30                __aeabi_f2iz
 .text          0x0000000000010a7c       0x30 /usr/local/gcc_arm/gcc-arm-none-eabi-7-2017-q4-major/bin/../lib/gcc/arm-none-eabi/7.2.1/thumb/v7-m/libgcc.a(_aeabi_uldivmod.o)
                0x0000000000010a7c                __aeabi_uldivmod
 .text          0x0000000000010aac      0x2d0 /usr/local/gcc_arm/gcc-arm-none-eabi-7-2017-q4-major/bin/../lib/gcc/arm-none-eabi/7.2.1/thumb/v7-m/libgcc.a(_udivmoddi4.o)
                0x0000000000010aac                __udivmoddi4
 .text          0x0000000000010d7c        0x4 /usr/local/gcc_arm/gcc-arm-none-eabi-7-2017-q4-major/bin/../lib/gcc/arm-none-eabi/7.2.1/thumb/v7-m/libgcc.a(_dvmd_tls.o)
                0x0000000000010d7c                __aeabi_ldiv0
                0x0000000000010d7c                __aeabi_idiv0
 .text.__errno  0x0000000000010d80        0xc /usr/local/gcc_arm/gcc-arm-none-eabi-7-2017-q4-major/bin/../lib/gcc/arm-none-eabi/7.2.1/../../../../arm-none-eabi/lib/thumb/v7-m/libc.a(lib_a-errno.o)
                0x0000000000010d80                __errno
 .text.memcmp   0x0000000000010d8c       0x64 /usr/local/gcc_arm/gcc-arm-none-eabi-7-2017-q4-major/bin/../lib/gcc/arm-none-eabi/7.2.1/../../../../arm-none-eabi/lib/thumb/v7-m/libc.a(lib_a-memcmp.o)
                0x0000000000010d8c                memcmp
 .text          0x0000000000010df0       0xec /usr/local/gcc_arm/gcc-arm-none-eabi-7-2017-q4-major/bin/../lib/gcc/arm-none-eabi/7.2.1/../../../../arm-none-eabi/lib/thumb/v7-m/libc.a(lib_a-memcpy.o)
                0x0000000000010df0                memcpy
 .text.memmove  0x0000000000010edc       0xc4 /usr/local/gcc_arm/gcc-arm-none-eabi-7-2017-q4-major/bin/../lib/gcc/arm-none-eabi/7.2.1/../../../../arm-none-eabi/lib/thumb/v7-m/libc.a(lib_a-memmove.o)
                0x0000000000010edc                memmove
 .text.memset   0x0000000000010fa0       0x94 /usr/local/gcc_arm/gcc-arm-none-eabi-7-2017-q4-major/bin/../lib/gcc/arm-none-eabi/7.2.1/../../../../arm-none-eabi/lib/thumb/v7-m/libc.a(lib_a-memset.o)
                0x0000000000010fa0                memset