Archive member included to satisfy reference by file (symbol)

contiki-srf06-cc26xx.a(contiki-main.o)
                              obj_srf06-cc26xx/startup_gcc.o (main)
contiki-srf06-cc26xx.a(sensors.o)
                              contiki-srf06-cc26xx.a(contiki-main.o) (sensors_process)
contiki-srf06-cc26xx.a(leds.o)
                              contiki-srf06-cc26xx.a(contiki-main.o) (leds_init)
contiki-srf06-cc26xx.a(leds-arch.o)
                              contiki-srf06-cc26xx.a(leds.o) (leds_arch_init)
contiki-srf06-cc26xx.a(sensortag-senso)
                              contiki-srf06-cc26xx.a(sensors.o) (sensors_flags)
contiki-srf06-cc26xx.a(bmp-280-sensor.)
                              contiki-srf06-cc26xx.a(sensortag-senso) (bmp_280_sensor)
contiki-srf06-cc26xx.a(tmp-007-sensor.)
                              contiki-srf06-cc26xx.a(sensortag-senso) (tmp_007_sensor)
contiki-srf06-cc26xx.a(opt-3001-sensor)
                              contiki-srf06-cc26xx.a(sensortag-senso) (opt_3001_sensor)
contiki-srf06-cc26xx.a(hdc-1000-sensor)
                              contiki-srf06-cc26xx.a(sensortag-senso) (hdc_1000_sensor)
contiki-srf06-cc26xx.a(mpu-9250-sensor)
                              contiki-srf06-cc26xx.a(sensortag-senso) (mpu_9250_sensor)
contiki-srf06-cc26xx.a(button-sensor.o)
                              contiki-srf06-cc26xx.a(sensortag-senso) (button_right_sensor)
contiki-srf06-cc26xx.a(reed-relay.o)
                              contiki-srf06-cc26xx.a(sensortag-senso) (reed_relay_sensor)
contiki-srf06-cc26xx.a(board.o)
                              contiki-srf06-cc26xx.a(contiki-main.o) (board_init)
contiki-srf06-cc26xx.a(board-i2c.o)
                              contiki-srf06-cc26xx.a(board.o) (board_i2c_wakeup)
contiki-srf06-cc26xx.a(clock.o)
                              contiki-srf06-cc26xx.a(contiki-main.o) (clock_init)
contiki-srf06-cc26xx.a(rtimer-arch.o)
                              contiki-srf06-cc26xx.a(mpu-9250-sensor) (rtimer_arch_now)
contiki-srf06-cc26xx.a(soc-rtc.o)
                              contiki-srf06-cc26xx.a(contiki-main.o) (soc_rtc_init)
contiki-srf06-cc26xx.a(contiki-watchdo)
                              contiki-srf06-cc26xx.a(contiki-main.o) (watchdog_init)
contiki-srf06-cc26xx.a(putchar.o)
                              example-runicast.co (putchar)
contiki-srf06-cc26xx.a(ieee-addr.o)
                              contiki-srf06-cc26xx.a(contiki-main.o) (ieee_addr_cpy_to)
contiki-srf06-cc26xx.a(cc26xx-uart.o)
                              contiki-srf06-cc26xx.a(contiki-main.o) (cc26xx_uart_init)
contiki-srf06-cc26xx.a(lpm.o)
                              contiki-srf06-cc26xx.a(button-sensor.o) (lpm_shutdown)
contiki-srf06-cc26xx.a(gpio-interrupt.)
                              contiki-srf06-cc26xx.a(button-sensor.o) (gpio_interrupt_register_handler)
contiki-srf06-cc26xx.a(oscillators.o)
                              contiki-srf06-cc26xx.a(contiki-main.o) (oscillators_select_lf_xosc)
contiki-srf06-cc26xx.a(ieee-mode.o)
                              contiki-srf06-cc26xx.a(contiki-main.o) (ieee_mode_driver)
contiki-srf06-cc26xx.a(random.o)
                              contiki-srf06-cc26xx.a(contiki-main.o) (random_init)
contiki-srf06-cc26xx.a(soc-trng.o)
                              contiki-srf06-cc26xx.a(random.o) (soc_trng_rand_synchronous)
contiki-srf06-cc26xx.a(dbg-printf.o)
                              example-runicast.co (printf)
contiki-srf06-cc26xx.a(strformat.o)
                              contiki-srf06-cc26xx.a(dbg-printf.o) (format_str_v)
contiki-srf06-cc26xx.a(autostart.o)
                              contiki-srf06-cc26xx.a(contiki-main.o) (autostart_start)
contiki-srf06-cc26xx.a(ctimer.o)
                              contiki-srf06-cc26xx.a(contiki-main.o) (ctimer_init)
contiki-srf06-cc26xx.a(energest.o)
                              contiki-srf06-cc26xx.a(contiki-main.o) (energest_init)
contiki-srf06-cc26xx.a(etimer.o)
                              contiki-srf06-cc26xx.a(clock.o) (etimer_request_poll)
contiki-srf06-cc26xx.a(process.o)
                              contiki-srf06-cc26xx.a(sensors.o) (process_alloc_event)
contiki-srf06-cc26xx.a(rtimer.o)
                              contiki-srf06-cc26xx.a(contiki-main.o) (rtimer_init)
contiki-srf06-cc26xx.a(timer.o)
                              contiki-srf06-cc26xx.a(button-sensor.o) (timer_set)
contiki-srf06-cc26xx.a(serial-line.o)
                              contiki-srf06-cc26xx.a(contiki-main.o) (serial_line_init)
contiki-srf06-cc26xx.a(list.o)
                              example-runicast.co (list_init)
contiki-srf06-cc26xx.a(memb.o)
                              example-runicast.co (memb_init)
contiki-srf06-cc26xx.a(ringbuf.o)
                              contiki-srf06-cc26xx.a(serial-line.o) (ringbuf_init)
contiki-srf06-cc26xx.a(rime.o)
                              contiki-srf06-cc26xx.a(contiki-main.o) (rime_driver)
contiki-srf06-cc26xx.a(runicast.o)
[...]
Memory Configuration

Name             Origin             Length             Attributes
FLASH            0x0000000000000000 0x000000000001ffa8 xr
FLASH_CCFG       0x000000000001ffa8 0x0000000000000058 xr
SRAM             0x0000000020000000 0x0000000000005000 xrw
GPRAM            0x0000000011000000 0x0000000000002000 xrw
*default*        0x0000000000000000 0xffffffffffffffff

Linker script and memory map

LOAD obj_srf06-cc26xx/fault-handlers.o
LOAD obj_srf06-cc26xx/ccfg.o
LOAD obj_srf06-cc26xx/startup_gcc.o
LOAD example-runicast.co
LOAD contiki-srf06-cc26xx.a
LOAD /usr/local/gcc_arm/gcc-arm-none-eabi-7-2017-q4-major/bin/../lib/gcc/arm-none-eabi/7.2.1/../../../../arm-none-eabi/lib/thumb/v7-m/libm.a
START GROUP
LOAD /usr/local/gcc_arm/gcc-arm-none-eabi-7-2017-q4-major/bin/../lib/gcc/arm-none-eabi/7.2.1/thumb/v7-m/libgcc.a
LOAD /usr/local/gcc_arm/gcc-arm-none-eabi-7-2017-q4-major/bin/../lib/gcc/arm-none-eabi/7.2.1/../../../../arm-none-eabi/lib/thumb/v7-m/libc.a
END GROUP
                0x0000000020005000                _estack = (ORIGIN (SRAM) + LENGTH (SRAM))
                0x0000000000000000                _Min_Heap_Size = 0x0
                0x0000000000000100                _Min_Stack_Size = 0x100

.text           0x0000000000000000     0xabbc
                0x0000000000000000                _text = .
 *(SORT_BY_ALIGNMENT(.vectors))
 .vectors       0x0000000000000000       0xc8 obj_srf06-cc26xx/startup_gcc.o
                0x0000000000000000                g_pfnVectors
 *(SORT_BY_ALIGNMENT(.text*))
 .text.value    0x00000000000000c8       0xb0 contiki-srf06-cc26xx.a(opt-3001-sensor)
 .text.value    0x0000000000000178       0x9c contiki-srf06-cc26xx.a(hdc-1000-sensor)
 *fill*         0x0000000000000214        0x4 00000000
 .text.value    0x0000000000000218      0x1a4 contiki-srf06-cc26xx.a(mpu-9250-sensor)
 *fill*         0x00000000000003bc        0x4 00000000
 .text.__ieee754_pow
                0x00000000000003c0      0xae4 /usr/local/gcc_arm/gcc-arm-none-eabi-7-2017-q4-major/bin/../lib/gcc/arm-none-eabi/7.2.1/../../../../arm-none-eabi/lib/thumb/v7-m/libm.a(lib_a-e_pow.o)
                0x00000000000003c0                __ieee754_pow
 *fill*         0x0000000000000ea4        0x4 00000000
 .text.scalbn   0x0000000000000ea8       0xe4 /usr/local/gcc_arm/gcc-arm-none-eabi-7-2017-q4-major/bin/../lib/gcc/arm-none-eabi/7.2.1/../../../../arm-none-eabi/lib/thumb/v7-m/libm.a(lib_a-s_scalbn.o)
                0x0000000000000ea8                scalbn
 .text.FaultISR
                0x0000000000000f8c       0x18 obj_srf06-cc26xx/fault-handlers.o
                0x0000000000000f8c                FaultISR
 .text.NmiSRHandler
                0x0000000000000fa4        0x4 obj_srf06-cc26xx/startup_gcc.o
                0x0000000000000fa4                NmiSR
 .text.IntDefaultHandler
                0x0000000000000fa8        0x4 obj_srf06-cc26xx/startup_gcc.o
                0x0000000000000fa8                Timer3BIntHandler
                0x0000000000000fa8                SWEvent0IntHandler
                0x0000000000000fa8                uDMAIntHandler
                0x0000000000000fa8                WatchdogIntHandler
                0x0000000000000fa8                RFCHardwareIntHandler
                0x0000000000000fa8                Timer1BIntHandler
                0x0000000000000fa8                I2SIntHandler
                0x0000000000000fa8                Timer2BIntHandler
                0x0000000000000fa8                Timer2AIntHandler
                0x0000000000000fa8                Timer1AIntHandler
                0x0000000000000fa8                AONIntHandler
                0x0000000000000fa8                AUXSWEvent0IntHandler
                0x0000000000000fa8                AUXADCIntHandler
                0x0000000000000fa8                PendSVIntHandler
                0x0000000000000fa8                AUXSWEvent1IntHandler
                0x0000000000000fa8                SVCallIntHandler
                0x0000000000000fa8                MPUFaultIntHandler
                0x0000000000000fa8                SysTickIntHandler
                0x0000000000000fa8                BusFaultIntHandler
                0x0000000000000fa8                AONProgIntHandler
                0x0000000000000fa8                AUXCompAIntHandler
                0x0000000000000fa8                SSI1IntHandler
                0x0000000000000fa8                FlashIntHandler
                0x0000000000000fa8                uDMAErrIntHandler
                0x0000000000000fa8                UsageFaultIntHandler
                0x0000000000000fa8                RFCCmdAckIntHandler
                0x0000000000000fa8                CryptoIntHandler
                0x0000000000000fa8                Timer0AIntHandler
                0x0000000000000fa8                I2CIntHandler
                0x0000000000000fa8                DebugMonIntHandler
                0x0000000000000fa8                Timer0BIntHandler
                0x0000000000000fa8                AUXCombEventIntHandler
                0x0000000000000fa8                Timer3AIntHandler
                0x0000000000000fa8                DynProgIntHandler
                0x0000000000000fa8                SSI0IntHandler
 .text.ResetISR
                0x0000000000000fac       0x58 obj_srf06-cc26xx/startup_gcc.o
                0x0000000000000fac                ResetISR
 .text.timedout_runicast
                0x0000000000001004        0x4 example-runicast.co
 .text.sent_runicast
                0x0000000000001008       0x14 example-runicast.co
 .text.recv_runicast
                0x000000000000101c       0x98 example-runicast.co
 .text.process_thread_test_runicast_process
                0x00000000000010b4       0x80 example-runicast.co
 .text.fade     0x0000000000001134       0x64 contiki-srf06-cc26xx.a(contiki-main.o)
 .text.startup.main
                0x0000000000001198      0x22c contiki-srf06-cc26xx.a(contiki-main.o)
                0x0000000000001198                main
 .text.process_thread_sensors_process
                0x00000000000013c4       0xf0 contiki-srf06-cc26xx.a(sensors.o)
 .text.sensors_changed
                0x00000000000014b4       0x4c contiki-srf06-cc26xx.a(sensors.o)
                0x00000000000014b4                sensors_changed
 .text.leds_init
                0x0000000000001500       0x14 contiki-srf06-cc26xx.a(leds.o)
                0x0000000000001500                leds_init
 .text.leds_on  0x0000000000001514       0x14 contiki-srf06-cc26xx.a(leds.o)
                0x0000000000001514                leds_on
 .text.leds_off
                0x0000000000001528       0x14 contiki-srf06-cc26xx.a(leds.o)
                0x0000000000001528                leds_off
 .text.leds_arch_init
                0x000000000000153c       0x38 contiki-srf06-cc26xx.a(leds-arch.o)
                0x000000000000153c                leds_arch_init
 .text.leds_arch_set
                0x0000000000001574       0x34 contiki-srf06-cc26xx.a(leds-arch.o)
                0x0000000000001574                leds_arch_set
 .text.status   0x00000000000015a8       0x14 contiki-srf06-cc26xx.a(bmp-280-sensor.)
 .text.notify_ready
                0x00000000000015bc       0x14 contiki-srf06-cc26xx.a(bmp-280-sensor.)
 .text.enable_sensor
                0x00000000000015d0       0x2c contiki-srf06-cc26xx.a(bmp-280-sensor.)
 .text.configure
                0x00000000000015fc       0x94 contiki-srf06-cc26xx.a(bmp-280-sensor.)
 .text.value    0x0000000000001690      0x160 contiki-srf06-cc26xx.a(bmp-280-sensor.)
 .text.status   0x00000000000017f0       0x14 contiki-srf06-cc26xx.a(tmp-007-sensor.)
 .text.notify_ready
                0x0000000000001804       0x14 contiki-srf06-cc26xx.a(tmp-007-sensor.)
 .text.enable_sensor
                0x0000000000001818       0x2c contiki-srf06-cc26xx.a(tmp-007-sensor.)
 .text.configure
                0x0000000000001844       0x94 contiki-srf06-cc26xx.a(tmp-007-sensor.)
 .text.value    0x00000000000018d8       0xf0 contiki-srf06-cc26xx.a(tmp-007-sensor.)
 .text.status   0x00000000000019c8        0xc contiki-srf06-cc26xx.a(opt-3001-sensor)
 .text.enable_sensor
                0x00000000000019d4       0x44 contiki-srf06-cc26xx.a(opt-3001-sensor)
 .text.notify_ready
                0x0000000000001a18       0x54 contiki-srf06-cc26xx.a(opt-3001-sensor)
 .text.configure
                0x0000000000001a6c       0x4c contiki-srf06-cc26xx.a(opt-3001-sensor)
 .text.status   0x0000000000001ab8       0x14 contiki-srf06-cc26xx.a(hdc-1000-sensor)
 .text.notify_ready
                0x0000000000001acc       0x68 contiki-srf06-cc26xx.a(hdc-1000-sensor)
 .text.configure
                0x0000000000001b34       0xb8 contiki-srf06-cc26xx.a(hdc-1000-sensor)
 .text.acc_convert
                0x0000000000001bec       0x70 contiki-srf06-cc26xx.a(mpu-9250-sensor)
 .text.status   0x0000000000001c5c       0x14 contiki-srf06-cc26xx.a(mpu-9250-sensor)
 .text.notify_ready
                0x0000000000001c70       0x14 contiki-srf06-cc26xx.a(mpu-9250-sensor)
 .text.sensor_sleep
                0x0000000000001c84       0x38 contiki-srf06-cc26xx.a(mpu-9250-sensor)
 .text.configure
                0x0000000000001cbc       0xdc contiki-srf06-cc26xx.a(mpu-9250-sensor)
 .text.int_status
                0x0000000000001d98       0x28 contiki-srf06-cc26xx.a(mpu-9250-sensor)
 .text.initialise
                0x0000000000001dc0      0x100 contiki-srf06-cc26xx.a(mpu-9250-sensor)
 .text.status_left
                0x0000000000001ec0       0x20 contiki-srf06-cc26xx.a(button-sensor.o)
 .text.status_right
                0x0000000000001ee0       0x20 contiki-srf06-cc26xx.a(button-sensor.o)
 .text.value_left
                0x0000000000001f00       0x24 contiki-srf06-cc26xx.a(button-sensor.o)
 .text.value_right
                0x0000000000001f24       0x18 contiki-srf06-cc26xx.a(button-sensor.o)
 .text.config_buttons
                0x0000000000001f3c       0x84 contiki-srf06-cc26xx.a(button-sensor.o)
 .text.config_left
                0x0000000000001fc0        0xc contiki-srf06-cc26xx.a(button-sensor.o)
 .text.config_right
                0x0000000000001fcc        0xc contiki-srf06-cc26xx.a(button-sensor.o)
 .text.button_press_handler
                0x0000000000001fd8       0x64 contiki-srf06-cc26xx.a(button-sensor.o)
 .text.value    0x000000000000203c       0x10 contiki-srf06-cc26xx.a(reed-relay.o)
 .text.status   0x000000000000204c       0x20 contiki-srf06-cc26xx.a(reed-relay.o)
 .text.configure
                0x000000000000206c       0x6c contiki-srf06-cc26xx.a(reed-relay.o)
 .text.reed_interrupt_handler
                0x00000000000020d8       0x28 contiki-srf06-cc26xx.a(reed-relay.o)
 .text.power_domains_on
                0x0000000000002100       0x20 contiki-srf06-cc26xx.a(board.o)
 .text.lpm_wakeup_handler
                0x0000000000002120        0x4 contiki-srf06-cc26xx.a(board.o)
 .text.shutdown_handler
                0x0000000000002124       0x68 contiki-srf06-cc26xx.a(board.o)
 .text.board_init
                0x000000000000218c      0x110 contiki-srf06-cc26xx.a(board.o)
                0x000000000000218c                board_init
 .text.i2c_status
                0x000000000000229c       0x34 contiki-srf06-cc26xx.a(board-i2c.o)
 .text.accessible
                0x00000000000022d0       0x24 contiki-srf06-cc26xx.a(board-i2c.o)
 .text.board_i2c_wakeup
                0x00000000000022f4       0x5c contiki-srf06-cc26xx.a(board-i2c.o)
                0x00000000000022f4                board_i2c_wakeup
 .text.board_i2c_shutdown
                0x0000000000002350       0xa4 contiki-srf06-cc26xx.a(board-i2c.o)
                0x0000000000002350                board_i2c_shutdown
 .text.board_i2c_write
                0x00000000000023f4      0x134 contiki-srf06-cc26xx.a(board-i2c.o)
                0x00000000000023f4                board_i2c_write
 .text.board_i2c_write_single
                0x0000000000002528       0x74 contiki-srf06-cc26xx.a(board-i2c.o)
                0x0000000000002528                board_i2c_write_single
 .text.board_i2c_read
                0x000000000000259c       0xfc contiki-srf06-cc26xx.a(board-i2c.o)
                0x000000000000259c                board_i2c_read
 .text.board_i2c_write_read
                0x0000000000002698      0x1a4 contiki-srf06-cc26xx.a(board-i2c.o)
                0x0000000000002698                board_i2c_write_read
 .text.board_i2c_select
                0x000000000000283c       0xdc contiki-srf06-cc26xx.a(board-i2c.o)
                0x000000000000283c                board_i2c_select
 .text.power_domain_on
                0x0000000000002918       0x20 contiki-srf06-cc26xx.a(clock.o)
 .text.clock_init
                0x0000000000002938       0x9c contiki-srf06-cc26xx.a(clock.o)
                0x0000000000002938                clock_init
 .text.clock_time
                0x00000000000029d4       0x34 contiki-srf06-cc26xx.a(clock.o)
                0x00000000000029d4                clock_time
 .text.clock_update
                0x0000000000002a08       0x3c contiki-srf06-cc26xx.a(clock.o)
                0x0000000000002a08                clock_update
 .text.rtimer_arch_init
                0x0000000000002a44        0x4 contiki-srf06-cc26xx.a(rtimer-arch.o)
                0x0000000000002a44                rtimer_arch_init
 .text.rtimer_arch_schedule
                0x0000000000002a48        0x8 contiki-srf06-cc26xx.a(rtimer-arch.o)
                0x0000000000002a48                rtimer_arch_schedule
 .text.rtimer_arch_now
                0x0000000000002a50        0x4 contiki-srf06-cc26xx.a(rtimer-arch.o)
                0x0000000000002a50                rtimer_arch_now
 .text.soc_rtc_init
                0x0000000000002a54       0xa0 contiki-srf06-cc26xx.a(soc-rtc.o)
                0x0000000000002a54                soc_rtc_init
 .text.soc_rtc_schedule_one_shot
                0x0000000000002af4       0x6c contiki-srf06-cc26xx.a(soc-rtc.o)
                0x0000000000002af4                soc_rtc_schedule_one_shot
 .text.soc_rtc_last_isr_time
                0x0000000000002b60        0xc contiki-srf06-cc26xx.a(soc-rtc.o)
                0x0000000000002b60                soc_rtc_last_isr_time
 .text.AONRTCIntHandler
                0x0000000000002b6c       0x88 contiki-srf06-cc26xx.a(soc-rtc.o)
                0x0000000000002b6c                AONRTCIntHandler
 .text.watchdog_init
                0x0000000000002bf4       0x1c contiki-srf06-cc26xx.a(contiki-watchdo)
                0x0000000000002bf4                watchdog_init
 .text.watchdog_start
                0x0000000000002c10       0x68 contiki-srf06-cc26xx.a(contiki-watchdo)
                0x0000000000002c10                watchdog_start
 .text.watchdog_periodic
                0x0000000000002c78       0x1c contiki-srf06-cc26xx.a(contiki-watchdo)
                0x0000000000002c78                watchdog_periodic
 .text.putchar  0x0000000000002c94       0x10 contiki-srf06-cc26xx.a(putchar.o)
                0x0000000000002c94                putchar
 .text.puts     0x0000000000002ca4       0x30 contiki-srf06-cc26xx.a(putchar.o)
                0x0000000000002ca4                puts
 .text.dbg_send_bytes
                0x0000000000002cd4       0x40 contiki-srf06-cc26xx.a(putchar.o)
                0x0000000000002cd4                dbg_send_bytes
 .text.ieee_addr_cpy_to
                0x0000000000002d14       0x3c contiki-srf06-cc26xx.a(ieee-addr.o)
                0x0000000000002d14                ieee_addr_cpy_to
 .text.power_and_clock
                0x0000000000002d50       0x40 contiki-srf06-cc26xx.a(cc26xx-uart.o)
 .text.enable   0x0000000000002d90       0xf0 contiki-srf06-cc26xx.a(cc26xx-uart.o)
 .text.accessible
                0x0000000000002e80       0x24 contiki-srf06-cc26xx.a(cc26xx-uart.o)
 .text.lpm_drop_handler
                0x0000000000002ea4       0xc8 contiki-srf06-cc26xx.a(cc26xx-uart.o)
 .text.cc26xx_uart_init
                0x0000000000002f6c       0x28 contiki-srf06-cc26xx.a(cc26xx-uart.o)
                0x0000000000002f6c                cc26xx_uart_init
 .text.cc26xx_uart_write_byte
                0x0000000000002f94       0x28 contiki-srf06-cc26xx.a(cc26xx-uart.o)
                0x0000000000002f94                cc26xx_uart_write_byte
 .text.cc26xx_uart_busy
                0x0000000000002fbc       0x18 contiki-srf06-cc26xx.a(cc26xx-uart.o)
                0x0000000000002fbc                cc26xx_uart_busy
 .text.UART0IntHandler
                0x0000000000002fd4       0x54 contiki-srf06-cc26xx.a(cc26xx-uart.o)
                0x0000000000002fd4                UART0IntHandler
 .text.lpm_shutdown
                0x0000000000003028      0x188 contiki-srf06-cc26xx.a(lpm.o)
                0x0000000000003028                lpm_shutdown
 .text.lpm_sleep
                0x00000000000031b0       0x14 contiki-srf06-cc26xx.a(lpm.o)
                0x00000000000031b0                lpm_sleep
 .text.lpm_drop
                0x00000000000031c4      0x250 contiki-srf06-cc26xx.a(lpm.o)
                0x00000000000031c4                lpm_drop
 .text.lpm_register_module
                0x0000000000003414        0xc contiki-srf06-cc26xx.a(lpm.o)
                0x0000000000003414                lpm_register_module
 .text.lpm_unregister_module
                0x0000000000003420        0xc contiki-srf06-cc26xx.a(lpm.o)
                0x0000000000003420                lpm_unregister_module
 .text.lpm_init
                0x000000000000342c       0x20 contiki-srf06-cc26xx.a(lpm.o)
                0x000000000000342c                lpm_init
 .text.lpm_pin_set_default_state
                0x000000000000344c       0x2c contiki-srf06-cc26xx.a(lpm.o)
                0x000000000000344c                lpm_pin_set_default_state
 .text.gpio_interrupt_register_handler
                0x0000000000003478       0x2c contiki-srf06-cc26xx.a(gpio-interrupt.)
                0x0000000000003478                gpio_interrupt_register_handler
 .text.gpio_interrupt_init
                0x00000000000034a4       0x24 contiki-srf06-cc26xx.a(gpio-interrupt.)
                0x00000000000034a4                gpio_interrupt_init
 .text.GPIOIntHandler
                0x00000000000034c8       0x30 contiki-srf06-cc26xx.a(gpio-interrupt.)
                0x00000000000034c8                GPIOIntHandler
 .text.oscillators_select_lf_xosc
                0x00000000000034f8       0x50 contiki-srf06-cc26xx.a(oscillators.o)
                0x00000000000034f8                oscillators_select_lf_xosc
 .text.oscillators_select_lf_rcosc
                0x0000000000003548       0x3c contiki-srf06-cc26xx.a(oscillators.o)
                0x0000000000003548                oscillators_select_lf_rcosc
 .text.oscillators_request_hf_xosc
                0x0000000000003584       0x30 contiki-srf06-cc26xx.a(oscillators.o)
                0x0000000000003584                oscillators_request_hf_xosc
 .text.oscillators_switch_to_hf_xosc
                0x00000000000035b4       0x34 contiki-srf06-cc26xx.a(oscillators.o)
                0x00000000000035b4                oscillators_switch_to_hf_xosc
 .text.oscillators_switch_to_hf_rc
                0x00000000000035e8       0x38 contiki-srf06-cc26xx.a(oscillators.o)
                0x00000000000035e8                oscillators_switch_to_hf_rc
 .text.request  0x0000000000003620       0x20 contiki-srf06-cc26xx.a(ieee-mode.o)
 .text.rx_on    0x0000000000003640       0x5c contiki-srf06-cc26xx.a(ieee-mode.o)
 .text.rf_radio_setup
                0x000000000000369c       0x60 contiki-srf06-cc26xx.a(ieee-mode.o)
 .text.soft_on  0x00000000000036fc       0x18 contiki-srf06-cc26xx.a(ieee-mode.o)
 .text.pending_packet
                0x0000000000003714       0x48 contiki-srf06-cc26xx.a(ieee-mode.o)
 .text.prepare  0x000000000000375c       0x1c contiki-srf06-cc26xx.a(ieee-mode.o)
 .text.soft_off
                0x0000000000003778       0x44 contiki-srf06-cc26xx.a(ieee-mode.o)
 .text.get_object
                0x00000000000037bc       0x48 contiki-srf06-cc26xx.a(ieee-mode.o)
 .text.transmitting.part.1
                0x0000000000003804       0x44 contiki-srf06-cc26xx.a(ieee-mode.o)
 .text.rx_off   0x0000000000003848       0x74 contiki-srf06-cc26xx.a(ieee-mode.o)
 .text.set_object
                0x00000000000038bc       0x60 contiki-srf06-cc26xx.a(ieee-mode.o)
 .text.get_cca_info
                0x000000000000391c       0x54 contiki-srf06-cc26xx.a(ieee-mode.o)
 .text.check_rat_overflow
                0x0000000000003970       0x84 contiki-srf06-cc26xx.a(ieee-mode.o)
 .text.receiving_packet
                0x00000000000039f4       0x3c contiki-srf06-cc26xx.a(ieee-mode.o)
 .text.off.part.7
                0x0000000000003a30       0x68 contiki-srf06-cc26xx.a(ieee-mode.o)
 .text.off      0x0000000000003a98       0x14 contiki-srf06-cc26xx.a(ieee-mode.o)
 .text.on       0x0000000000003aac       0xa4 contiki-srf06-cc26xx.a(ieee-mode.o)
 .text.set_value
                0x0000000000003b50      0x174 contiki-srf06-cc26xx.a(ieee-mode.o)
 .text.get_value
                0x0000000000003cc4      0x198 contiki-srf06-cc26xx.a(ieee-mode.o)
 .text.transmit
                0x0000000000003e5c      0x104 contiki-srf06-cc26xx.a(ieee-mode.o)
 .text.send     0x0000000000003f60       0x24 contiki-srf06-cc26xx.a(ieee-mode.o)
 .text.channel_clear
                0x0000000000003f84       0x84 contiki-srf06-cc26xx.a(ieee-mode.o)
 .text.read_frame
                0x0000000000004008      0x194 contiki-srf06-cc26xx.a(ieee-mode.o)
 .text.handle_rat_overflow
                0x000000000000419c       0x68 contiki-srf06-cc26xx.a(ieee-mode.o)
 .text.init     0x0000000000004204      0x114 contiki-srf06-cc26xx.a(ieee-mode.o)
 .text.random_rand
                0x0000000000004318        0xc contiki-srf06-cc26xx.a(random.o)
                0x0000000000004318                random_rand
 .text.random_init
                0x0000000000004324        0x4 contiki-srf06-cc26xx.a(random.o)
                0x0000000000004324                random_init
 .text.power_up
                0x0000000000004328       0x40 contiki-srf06-cc26xx.a(soc-trng.o)
 .text.request  0x0000000000004368       0x14 contiki-srf06-cc26xx.a(soc-trng.o)
 .text.process_thread_soc_trng_process
                0x000000000000437c       0x94 contiki-srf06-cc26xx.a(soc-trng.o)
 .text.accessible
                0x0000000000004410       0x24 contiki-srf06-cc26xx.a(soc-trng.o)
 .text.soc_trng_rand_synchronous
                0x0000000000004434       0xcc contiki-srf06-cc26xx.a(soc-trng.o)
                0x0000000000004434                soc_trng_rand_synchronous
 .text.TRNGIntHandler
                0x0000000000004500       0x50 contiki-srf06-cc26xx.a(soc-trng.o)
                0x0000000000004500                TRNGIntHandler
 .text.soc_trng_init
                0x0000000000004550       0x28 contiki-srf06-cc26xx.a(soc-trng.o)
                0x0000000000004550                soc_trng_init
 .text.write_str
                0x0000000000004578       0x14 contiki-srf06-cc26xx.a(dbg-printf.o)
 .text.printf   0x000000000000458c       0x24 contiki-srf06-cc26xx.a(dbg-printf.o)
                0x000000000000458c                printf
 .text.fill_space
                0x00000000000045b0       0x40 contiki-srf06-cc26xx.a(strformat.o)
 .text.format_str_v
                0x00000000000045f0      0x928 contiki-srf06-cc26xx.a(strformat.o)
                0x00000000000045f0                format_str_v
 .text.autostart_start
                0x0000000000004f18       0x18 contiki-srf06-cc26xx.a(autostart.o)
                0x0000000000004f18                autostart_start
 .text.process_thread_ctimer_process
                0x0000000000004f30       0x94 contiki-srf06-cc26xx.a(ctimer.o)
 .text.ctimer_init
                0x0000000000004fc4       0x28 contiki-srf06-cc26xx.a(ctimer.o)
                0x0000000000004fc4                ctimer_init
 .text.ctimer_set_with_process
                0x0000000000004fec       0x4c contiki-srf06-cc26xx.a(ctimer.o)
                0x0000000000004fec                ctimer_set_with_process
 .text.ctimer_set
                0x0000000000005038       0x18 contiki-srf06-cc26xx.a(ctimer.o)
                0x0000000000005038                ctimer_set
 .text.ctimer_stop
                0x0000000000005050       0x34 contiki-srf06-cc26xx.a(ctimer.o)
                0x0000000000005050                ctimer_stop
 .text.energest_init
                0x0000000000005084        0x4 contiki-srf06-cc26xx.a(energest.o)
                0x0000000000005084                energest_init
 .text.update_time.part.0
                0x0000000000005088       0x3c contiki-srf06-cc26xx.a(etimer.o)
 .text.process_thread_etimer_process
                0x00000000000050c4       0xdc contiki-srf06-cc26xx.a(etimer.o)
 .text.add_timer
                0x00000000000051a0       0x54 contiki-srf06-cc26xx.a(etimer.o)
 .text.etimer_request_poll
                0x00000000000051f4        0xc contiki-srf06-cc26xx.a(etimer.o)
                0x00000000000051f4                etimer_request_poll
 .text.etimer_set
                0x0000000000005200       0x14 contiki-srf06-cc26xx.a(etimer.o)
                0x0000000000005200                etimer_set
 .text.etimer_expired
                0x0000000000005214        0xc contiki-srf06-cc26xx.a(etimer.o)
                0x0000000000005214                etimer_expired
 .text.etimer_pending
                0x0000000000005220       0x10 contiki-srf06-cc26xx.a(etimer.o)
                0x0000000000005220                etimer_pending
 .text.etimer_next_expiration_time
                0x0000000000005230       0x14 contiki-srf06-cc26xx.a(etimer.o)
                0x0000000000005230                etimer_next_expiration_time
 .text.etimer_stop
                0x0000000000005244       0x50 contiki-srf06-cc26xx.a(etimer.o)
                0x0000000000005244                etimer_stop
 .text.exit_process
                0x0000000000005294       0x9c contiki-srf06-cc26xx.a(process.o)
 .text.call_process.part.0
                0x0000000000005330       0x38 contiki-srf06-cc26xx.a(process.o)
 .text.do_poll  0x0000000000005368       0x38 contiki-srf06-cc26xx.a(process.o)
 .text.process_alloc_event
                0x00000000000053a0       0x10 contiki-srf06-cc26xx.a(process.o)
                0x00000000000053a0                process_alloc_event
 .text.process_start
                0x00000000000053b0       0x48 contiki-srf06-cc26xx.a(process.o)
                0x00000000000053b0                process_start
 .text.process_init
                0x00000000000053f8       0x34 contiki-srf06-cc26xx.a(process.o)
                0x00000000000053f8                process_init
 .text.process_run
                0x000000000000542c       0xa4 contiki-srf06-cc26xx.a(process.o)
                0x000000000000542c                process_run
 .text.process_nevents
                0x00000000000054d0       0x14 contiki-srf06-cc26xx.a(process.o)
                0x00000000000054d0                process_nevents
 .text.process_post
                0x00000000000054e4       0x40 contiki-srf06-cc26xx.a(process.o)
                0x00000000000054e4                process_post
 .text.process_poll
                0x0000000000005524       0x1c contiki-srf06-cc26xx.a(process.o)
                0x0000000000005524                process_poll
 .text.rtimer_init
                0x0000000000005540        0x4 contiki-srf06-cc26xx.a(rtimer.o)
                0x0000000000005540                rtimer_init
 .text.rtimer_set
                0x0000000000005544       0x30 contiki-srf06-cc26xx.a(rtimer.o)
                0x0000000000005544                rtimer_set
 .text.rtimer_run_next
                0x0000000000005574       0x28 contiki-srf06-cc26xx.a(rtimer.o)
                0x0000000000005574                rtimer_run_next
 .text.timer_set
                0x000000000000559c       0x10 contiki-srf06-cc26xx.a(timer.o)
                0x000000000000559c                timer_set
 .text.timer_expired
                0x00000000000055ac       0x1c contiki-srf06-cc26xx.a(timer.o)
                0x00000000000055ac                timer_expired
 .text.process_thread_serial_line_process
                0x00000000000055c8       0xa4 contiki-srf06-cc26xx.a(serial-line.o)
 .text.serial_line_init
                0x000000000000566c       0x24 contiki-srf06-cc26xx.a(serial-line.o)
                0x000000000000566c                serial_line_init
 .text.list_init
                0x0000000000005690        0x8 contiki-srf06-cc26xx.a(list.o)
                0x0000000000005690                list_init
 .text.list_head
                0x0000000000005698        0x4 contiki-srf06-cc26xx.a(list.o)
                0x0000000000005698                list_head
 .text.list_add
                0x000000000000569c       0x4c contiki-srf06-cc26xx.a(list.o)
                0x000000000000569c                list_add
 .text.list_push
                0x00000000000056e8       0x40 contiki-srf06-cc26xx.a(list.o)
                0x00000000000056e8                list_push
 .text.list_chop
                0x0000000000005728       0x28 contiki-srf06-cc26xx.a(list.o)
                0x0000000000005728                list_chop
 .text.list_remove
                0x0000000000005750       0x38 contiki-srf06-cc26xx.a(list.o)
                0x0000000000005750                list_remove
 .text.list_item_next
                0x0000000000005788        0x8 contiki-srf06-cc26xx.a(list.o)
                0x0000000000005788                list_item_next
 .text.memb_init
                0x0000000000005790       0x24 contiki-srf06-cc26xx.a(memb.o)
                0x0000000000005790                memb_init
 .text.memb_alloc
                0x00000000000057b4       0x3c contiki-srf06-cc26xx.a(memb.o)
                0x00000000000057b4                memb_alloc
 .text.memb_free
                0x00000000000057f0       0x3c contiki-srf06-cc26xx.a(memb.o)
                0x00000000000057f0                memb_free
 .text.memb_inmemb
                0x000000000000582c       0x1c contiki-srf06-cc26xx.a(memb.o)
                0x000000000000582c                memb_inmemb
 .text.ringbuf_init
                0x0000000000005848       0x10 contiki-srf06-cc26xx.a(ringbuf.o)
                0x0000000000005848                ringbuf_init
 .text.ringbuf_get
                0x0000000000005858       0x24 contiki-srf06-cc26xx.a(ringbuf.o)
                0x0000000000005858                ringbuf_get
 .text.packet_sent
                0x000000000000587c       0x38 contiki-srf06-cc26xx.a(rime.o)
 .text.input    0x00000000000058b4       0x38 contiki-srf06-cc26xx.a(rime.o)
 .text.init     0x00000000000058ec       0x28 contiki-srf06-cc26xx.a(rime.o)
 .text.rime_output
                0x0000000000005914       0x28 contiki-srf06-cc26xx.a(rime.o)
                0x0000000000005914                rime_output
 .text.sent_by_stunicast
                0x000000000000593c       0x58 contiki-srf06-cc26xx.a(runicast.o)
 .text.recv_from_stunicast
                0x0000000000005994       0xac contiki-srf06-cc26xx.a(runicast.o)
 .text.runicast_open
                0x0000000000005a40       0x2c contiki-srf06-cc26xx.a(runicast.o)
                0x0000000000005a40                runicast_open
 .text.runicast_close
                0x0000000000005a6c        0x4 contiki-srf06-cc26xx.a(runicast.o)
                0x0000000000005a6c                runicast_close
 .text.recv_from_uc
                0x0000000000005a70        0xc contiki-srf06-cc26xx.a(stunicast.o)
 .text.sent_by_uc
                0x0000000000005a7c        0xc contiki-srf06-cc26xx.a(stunicast.o)
 .text.stunicast_open
                0x0000000000005a88       0x14 contiki-srf06-cc26xx.a(stunicast.o)
                0x0000000000005a88                stunicast_open
 .text.stunicast_receiver
                0x0000000000005a9c        0x4 contiki-srf06-cc26xx.a(stunicast.o)
                0x0000000000005a9c                stunicast_receiver
 .text.stunicast_send
                0x0000000000005aa0        0x4 contiki-srf06-cc26xx.a(stunicast.o)
                0x0000000000005aa0                stunicast_send
 .text.stunicast_cancel
                0x0000000000005aa4       0x18 contiki-srf06-cc26xx.a(stunicast.o)
                0x0000000000005aa4                stunicast_cancel
 .text.stunicast_close
                0x0000000000005abc       0x14 contiki-srf06-cc26xx.a(stunicast.o)
                0x0000000000005abc                stunicast_close
 .text.sent_by_broadcast
                0x0000000000005ad0        0xc contiki-srf06-cc26xx.a(unicast.o)
 .text.recv_from_broadcast
                0x0000000000005adc       0x2c contiki-srf06-cc26xx.a(unicast.o)
 .text.unicast_open
                0x0000000000005b08       0x24 contiki-srf06-cc26xx.a(unicast.o)
                0x0000000000005b08                unicast_open
 .text.unicast_close
                0x0000000000005b2c        0x4 contiki-srf06-cc26xx.a(unicast.o)
                0x0000000000005b2c                unicast_close
 .text.unicast_send
                0x0000000000005b30       0x14 contiki-srf06-cc26xx.a(unicast.o)
                0x0000000000005b30                unicast_send
 .text.SafeHapiVoid
                0x0000000000005b44       0x28 contiki-srf06-cc26xx.a(adi.o)
                0x0000000000005b44                SafeHapiVoid
 .text.NOROM_AONRTCCurrentCompareValueGet
                0x0000000000005b6c       0x24 contiki-srf06-cc26xx.a(aon_rtc.o)
                0x0000000000005b6c                NOROM_AONRTCCurrentCompareValueGet
 .text.NOROM_ChipInfo_GetSupportedProtocol_BV
                0x0000000000005b90       0x10 contiki-srf06-cc26xx.a(chipinfo.o)
                0x0000000000005b90                NOROM_ChipInfo_GetSupportedProtocol_BV
 .text.NOROM_ChipInfo_GetChipFamily
                0x0000000000005ba0       0x4c contiki-srf06-cc26xx.a(chipinfo.o)
                0x0000000000005ba0                NOROM_ChipInfo_GetChipFamily
 .text.NOROM_ChipInfo_GetChipType
                0x0000000000005bec       0x50 contiki-srf06-cc26xx.a(chipinfo.o)
                0x0000000000005bec                NOROM_ChipInfo_GetChipType
 .text.NOROM_ChipInfo_GetHwRevision
                0x0000000000005c3c       0x6c contiki-srf06-cc26xx.a(chipinfo.o)
                0x0000000000005c3c                NOROM_ChipInfo_GetHwRevision
 .text.NOROM_ThisCodeIsBuiltForCC26xxHwRev22AndLater_HaltIfViolated
                0x0000000000005ca8       0x14 contiki-srf06-cc26xx.a(chipinfo.o)
                0x0000000000005ca8                NOROM_ThisCodeIsBuiltForCC26xxHwRev22AndLater_HaltIfViolated
 .text.NOROM_CPUcpsid
                0x0000000000005cbc        0x8 contiki-srf06-cc26xx.a(cpu.o)
                0x0000000000005cbc                NOROM_CPUcpsid
 .text.NOROM_CPUcpsie
                0x0000000000005cc4        0x8 contiki-srf06-cc26xx.a(cpu.o)
                0x0000000000005cc4                NOROM_CPUcpsie
 .text.NOROM_CPUdelay
                0x0000000000005ccc        0x8 contiki-srf06-cc26xx.a(cpu.o)
                0x0000000000005ccc                NOROM_CPUdelay
 .text.NOROM_DDI32RegWrite
                0x0000000000005cd4       0x2c contiki-srf06-cc26xx.a(ddi.o)
                0x0000000000005cd4                NOROM_DDI32RegWrite
 .text.NOROM_DDI16BitfieldWrite
                0x0000000000005d00       0x48 contiki-srf06-cc26xx.a(ddi.o)
                0x0000000000005d00                NOROM_DDI16BitfieldWrite
 .text.NOROM_DDI16BitfieldRead
                0x0000000000005d48       0x48 contiki-srf06-cc26xx.a(ddi.o)
                0x0000000000005d48                NOROM_DDI16BitfieldRead
 .text.NOROM_OSCClockSourceSet
                0x0000000000005d90       0x50 contiki-srf06-cc26xx.a(osc.o)
                0x0000000000005d90                NOROM_OSCClockSourceSet
 .text.NOROM_OSCClockSourceGet
                0x0000000000005de0       0x20 contiki-srf06-cc26xx.a(osc.o)
                0x0000000000005de0                NOROM_OSCClockSourceGet
 .text.NOROM_PowerCtrlSourceSet
                0x0000000000005e00       0x30 contiki-srf06-cc26xx.a(pwr_ctrl.o)
                0x0000000000005e00                NOROM_PowerCtrlSourceSet
 .text.TrimAfterColdResetWakeupFromShutDown
                0x0000000000005e30       0xe4 contiki-srf06-cc26xx.a(setup.o)
 .text.NOROM_SetupTrimDevice
                0x0000000000005f14       0xa0 contiki-srf06-cc26xx.a(setup.o)
                0x0000000000005f14                NOROM_SetupTrimDevice
 .text.NOROM_SetupGetTrimForXoscHfCtl.part.3
                0x0000000000005fb4       0x20 contiki-srf06-cc26xx.a(setup_rom.o)
 .text.NOROM_SetupGetTrimForRadcExtCfg.part.4
                0x0000000000005fd4       0x1c contiki-srf06-cc26xx.a(setup_rom.o)
 .text.NOROM_SetupAfterColdResetWakeupFromShutDownCfg1
                0x0000000000005ff0       0x74 contiki-srf06-cc26xx.a(setup_rom.o)
                0x0000000000005ff0                NOROM_SetupAfterColdResetWakeupFromShutDownCfg1
 .text.NOROM_SetupAfterColdResetWakeupFromShutDownCfg3
                0x0000000000006064      0x1a0 contiki-srf06-cc26xx.a(setup_rom.o)
                0x0000000000006064                NOROM_SetupAfterColdResetWakeupFromShutDownCfg3
 .text.NOROM_SetupGetTrimForAnabypassValue1
                0x0000000000006204       0x64 contiki-srf06-cc26xx.a(setup_rom.o)
                0x0000000000006204                NOROM_SetupGetTrimForAnabypassValue1
 .text.NOROM_SetupGetTrimForAmpcompCtrl
                0x0000000000006268       0x58 contiki-srf06-cc26xx.a(setup_rom.o)
                0x0000000000006268                NOROM_SetupGetTrimForAmpcompCtrl
 .text.NOROM_SetupAfterColdResetWakeupFromShutDownCfg2
                0x00000000000062c0      0x190 contiki-srf06-cc26xx.a(setup_rom.o)
                0x00000000000062c0                NOROM_SetupAfterColdResetWakeupFromShutDownCfg2
 .text.NOROM_SetupSetCacheModeAccordingToCcfgSetting
                0x0000000000006450       0x6c contiki-srf06-cc26xx.a(setup_rom.o)
                0x0000000000006450                NOROM_SetupSetCacheModeAccordingToCcfgSetting
 .text.NOROM_SysCtrlSetRechargeBeforePowerDown
                0x00000000000064bc      0x238 contiki-srf06-cc26xx.a(sys_ctrl.o)
                0x00000000000064bc                NOROM_SysCtrlSetRechargeBeforePowerDown
 .text.NOROM_SysCtrlAdjustRechargeAfterPowerDown
                0x00000000000066f4       0x64 contiki-srf06-cc26xx.a(sys_ctrl.o)
                0x00000000000066f4                NOROM_SysCtrlAdjustRechargeAfterPowerDown
 .text.NOROM_SysCtrl_DCDC_VoltageConditionalControl
                0x0000000000006758       0x7c contiki-srf06-cc26xx.a(sys_ctrl.o)
                0x0000000000006758                NOROM_SysCtrl_DCDC_VoltageConditionalControl
 .text.NOROM_TRNGConfigure
                0x00000000000067d4       0x38 contiki-srf06-cc26xx.a(trng.o)
                0x00000000000067d4                NOROM_TRNGConfigure
 .text.linkaddr_copy
                0x000000000000680c        0x8 contiki-srf06-cc26xx.a(linkaddr.o)
                0x000000000000680c                linkaddr_copy
 .text.linkaddr_cmp
                0x0000000000006814       0x20 contiki-srf06-cc26xx.a(linkaddr.o)
                0x0000000000006814                linkaddr_cmp
 .text.netstack_init
                0x0000000000006834       0x38 contiki-srf06-cc26xx.a(netstack.o)
                0x0000000000006834                netstack_init
 .text.packetbuf_compact
                0x000000000000686c       0x48 contiki-srf06-cc26xx.a(packetbuf.o)
                0x000000000000686c                packetbuf_compact
 .text.packetbuf_copyto
                0x00000000000068b4       0x50 contiki-srf06-cc26xx.a(packetbuf.o)
                0x00000000000068b4                packetbuf_copyto
 .text.packetbuf_hdralloc
                0x0000000000006904       0x60 contiki-srf06-cc26xx.a(packetbuf.o)
                0x0000000000006904                packetbuf_hdralloc
 .text.packetbuf_hdrreduce
                0x0000000000006964       0x2c contiki-srf06-cc26xx.a(packetbuf.o)
                0x0000000000006964                packetbuf_hdrreduce
 .text.packetbuf_set_datalen
                0x0000000000006990        0xc contiki-srf06-cc26xx.a(packetbuf.o)
                0x0000000000006990                packetbuf_set_datalen
 .text.packetbuf_dataptr
                0x000000000000699c       0x20 contiki-srf06-cc26xx.a(packetbuf.o)
                0x000000000000699c                packetbuf_dataptr
 .text.packetbuf_hdrptr
                0x00000000000069bc        0x8 contiki-srf06-cc26xx.a(packetbuf.o)
                0x00000000000069bc                packetbuf_hdrptr
 .text.packetbuf_datalen
                0x00000000000069c4        0xc contiki-srf06-cc26xx.a(packetbuf.o)
                0x00000000000069c4                packetbuf_datalen
 .text.packetbuf_totlen
                0x00000000000069d0       0x24 contiki-srf06-cc26xx.a(packetbuf.o)
                0x00000000000069d0                packetbuf_totlen
 .text.packetbuf_attr_clear
                0x00000000000069f4       0x40 contiki-srf06-cc26xx.a(packetbuf.o)
                0x00000000000069f4                packetbuf_attr_clear
 .text.packetbuf_clear
                0x0000000000006a34       0x20 contiki-srf06-cc26xx.a(packetbuf.o)
                0x0000000000006a34                packetbuf_clear
 .text.packetbuf_copyfrom
                0x0000000000006a54       0x40 contiki-srf06-cc26xx.a(packetbuf.o)
                0x0000000000006a54                packetbuf_copyfrom
 .text.packetbuf_attr_copyto
                0x0000000000006a94       0x3c contiki-srf06-cc26xx.a(packetbuf.o)
                0x0000000000006a94                packetbuf_attr_copyto
 .text.packetbuf_attr_copyfrom
                0x0000000000006ad0       0x3c contiki-srf06-cc26xx.a(packetbuf.o)
                0x0000000000006ad0                packetbuf_attr_copyfrom
 .text.packetbuf_set_attr
                0x0000000000006b0c       0x10 contiki-srf06-cc26xx.a(packetbuf.o)
                0x0000000000006b0c                packetbuf_set_attr
 .text.packetbuf_attr
                0x0000000000006b1c        0xc contiki-srf06-cc26xx.a(packetbuf.o)
                0x0000000000006b1c                packetbuf_attr
 .text.packetbuf_set_addr
                0x0000000000006b28       0x18 contiki-srf06-cc26xx.a(packetbuf.o)
                0x0000000000006b28                packetbuf_set_addr
 .text.packetbuf_addr
                0x0000000000006b40       0x10 contiki-srf06-cc26xx.a(packetbuf.o)
                0x0000000000006b40                packetbuf_addr
 .text.packetbuf_holds_broadcast
                0x0000000000006b50       0x10 contiki-srf06-cc26xx.a(packetbuf.o)
                0x0000000000006b50                packetbuf_holds_broadcast
 .text.queuebuf_init
                0x0000000000006b60       0x1c contiki-srf06-cc26xx.a(queuebuf.o)
                0x0000000000006b60                queuebuf_init
 .text.queuebuf_new_from_packetbuf
                0x0000000000006b7c       0x44 contiki-srf06-cc26xx.a(queuebuf.o)
                0x0000000000006b7c                queuebuf_new_from_packetbuf
 .text.queuebuf_update_from_packetbuf
                0x0000000000006bc0       0x1c contiki-srf06-cc26xx.a(queuebuf.o)
                0x0000000000006bc0                queuebuf_update_from_packetbuf
 .text.queuebuf_free
                0x0000000000006bdc       0x2c contiki-srf06-cc26xx.a(queuebuf.o)
                0x0000000000006bdc                queuebuf_free
 .text.queuebuf_to_packetbuf
                0x0000000000006c08       0x30 contiki-srf06-cc26xx.a(queuebuf.o)
                0x0000000000006c08                queuebuf_to_packetbuf
 .text.send_packet
                0x0000000000006c38        0xc contiki-srf06-cc26xx.a(nullmac.o)
 .text.packet_input
                0x0000000000006c44        0xc contiki-srf06-cc26xx.a(nullmac.o)
 .text.on       0x0000000000006c50        0xc contiki-srf06-cc26xx.a(nullmac.o)
 .text.off      0x0000000000006c5c        0xc contiki-srf06-cc26xx.a(nullmac.o)
 .text.channel_check_interval
                0x0000000000006c68        0x4 contiki-srf06-cc26xx.a(nullmac.o)
 .text.init     0x0000000000006c6c        0x4 contiki-srf06-cc26xx.a(nullmac.o)
 .text.duty_cycle
                0x0000000000006c70        0x4 contiki-srf06-cc26xx.a(contikimac.o)
 .text.init     0x0000000000006c74       0x40 contiki-srf06-cc26xx.a(contikimac.o)
 .text.on.part.0
                0x0000000000006cb4       0x14 contiki-srf06-cc26xx.a(contikimac.o)
 .text.off      0x0000000000006cc8       0x38 contiki-srf06-cc26xx.a(contikimac.o)
 .text.recv_burst_off
                0x0000000000006d00       0x14 contiki-srf06-cc26xx.a(contikimac.o)
 .text.powercycle_turn_radio_off.part.2
                0x0000000000006d14       0x10 contiki-srf06-cc26xx.a(contikimac.o)
 .text.turn_off
                0x0000000000006d24       0x48 contiki-srf06-cc26xx.a(contikimac.o)
 .text.turn_on  0x0000000000006d6c       0x44 contiki-srf06-cc26xx.a(contikimac.o)
 .text.schedule_powercycle_fixed.part.5
                0x0000000000006db0       0x30 contiki-srf06-cc26xx.a(contikimac.o)
 .text.input_packet
                0x0000000000006de0       0xc0 contiki-srf06-cc26xx.a(contikimac.o)
 .text.send_packet.isra.8
                0x0000000000006ea0      0x254 contiki-srf06-cc26xx.a(contikimac.o)
 .text.qsend_packet
                0x00000000000070f4       0x24 contiki-srf06-cc26xx.a(contikimac.o)
 .text.qsend_list
                0x0000000000007118       0xf4 contiki-srf06-cc26xx.a(contikimac.o)
 .text.powercycle_wrapper
                0x000000000000720c      0x278 contiki-srf06-cc26xx.a(contikimac.o)
 .text.init     0x0000000000007484        0x4 contiki-srf06-cc26xx.a(nullsec.o)
 .text.input    0x0000000000007488        0xc contiki-srf06-cc26xx.a(nullsec.o)
 .text.send     0x0000000000007494       0x20 contiki-srf06-cc26xx.a(nullsec.o)
 .text.sensor_common_read_reg
                0x00000000000074b4       0x1c contiki-srf06-cc26xx.a(sensor-common.o)
                0x00000000000074b4                sensor_common_read_reg
 .text.sensor_common_write_reg
                0x00000000000074d0       0x38 contiki-srf06-cc26xx.a(sensor-common.o)
                0x00000000000074d0                sensor_common_write_reg
 .text.sensor_common_set_error_data
                0x0000000000007508       0x18 contiki-srf06-cc26xx.a(sensor-common.o)
                0x0000000000007508                sensor_common_set_error_data
 .text.verify_part
                0x0000000000007520       0x80 contiki-srf06-cc26xx.a(ext-flash.o)
 .text.wait_ready
                0x00000000000075a0       0x58 contiki-srf06-cc26xx.a(ext-flash.o)
 .text.power_down
                0x00000000000075f8       0x50 contiki-srf06-cc26xx.a(ext-flash.o)
 .text.ext_flash_open
                0x0000000000007648       0x60 contiki-srf06-cc26xx.a(ext-flash.o)
                0x0000000000007648                ext_flash_open
 .text.ext_flash_init
                0x00000000000076a8       0x14 contiki-srf06-cc26xx.a(ext-flash.o)
                0x00000000000076a8                ext_flash_init
 .text.buzzer_init
                0x00000000000076bc        0xc contiki-srf06-cc26xx.a(buzzer.o)
                0x00000000000076bc                buzzer_init
 .text.buzzer_stop
                0x00000000000076c8       0x74 contiki-srf06-cc26xx.a(buzzer.o)
                0x00000000000076c8                buzzer_stop
 .text.accessible
                0x000000000000773c       0x24 contiki-srf06-cc26xx.a(board-spi.o)
 .text.board_spi_write
                0x0000000000007760       0x40 contiki-srf06-cc26xx.a(board-spi.o)
                0x0000000000007760                board_spi_write
 .text.board_spi_read
                0x00000000000077a0       0x4c contiki-srf06-cc26xx.a(board-spi.o)
                0x00000000000077a0                board_spi_read
 .text.board_spi_flush
                0x00000000000077ec       0x24 contiki-srf06-cc26xx.a(board-spi.o)
                0x00000000000077ec                board_spi_flush
 .text.board_spi_open
                0x0000000000007810       0xbc contiki-srf06-cc26xx.a(board-spi.o)
                0x0000000000007810                board_spi_open
 .text.board_spi_close
                0x00000000000078cc       0x70 contiki-srf06-cc26xx.a(board-spi.o)
                0x00000000000078cc                board_spi_close
 .text.aux_ctrl_power_up
                0x000000000000793c       0x28 contiki-srf06-cc26xx.a(aux-ctrl.o)
                0x000000000000793c                aux_ctrl_power_up
 .text.aux_ctrl_register_consumer
                0x0000000000007964       0x40 contiki-srf06-cc26xx.a(aux-ctrl.o)
                0x0000000000007964                aux_ctrl_register_consumer
 .text.aux_ctrl_power_down
                0x00000000000079a4       0x6c contiki-srf06-cc26xx.a(aux-ctrl.o)
                0x00000000000079a4                aux_ctrl_power_down
 .text.aux_ctrl_unregister_consumer
                0x0000000000007a10       0x28 contiki-srf06-cc26xx.a(aux-ctrl.o)
                0x0000000000007a10                aux_ctrl_unregister_consumer
 .text.process_thread_rf_core_process
                0x0000000000007a38       0x58 contiki-srf06-cc26xx.a(rf-core.o)
 .text.rf_core_is_accessible
                0x0000000000007a90       0x10 contiki-srf06-cc26xx.a(rf-core.o)
                0x0000000000007a90                rf_core_is_accessible
 .text.rf_core_send_cmd
                0x0000000000007aa0       0x98 contiki-srf06-cc26xx.a(rf-core.o)
                0x0000000000007aa0                rf_core_send_cmd
 .text.rf_core_wait_cmd_done
                0x0000000000007b38       0x30 contiki-srf06-cc26xx.a(rf-core.o)
                0x0000000000007b38                rf_core_wait_cmd_done
 .text.rf_core_power_up
                0x0000000000007b68       0xcc contiki-srf06-cc26xx.a(rf-core.o)
                0x0000000000007b68                rf_core_power_up
 .text.rf_core_start_rat
                0x0000000000007c34       0x78 contiki-srf06-cc26xx.a(rf-core.o)
                0x0000000000007c34                rf_core_start_rat
 .text.rf_core_stop_rat
                0x0000000000007cac       0x8c contiki-srf06-cc26xx.a(rf-core.o)
                0x0000000000007cac                rf_core_stop_rat
 .text.rf_core_power_down
                0x0000000000007d38       0xfc contiki-srf06-cc26xx.a(rf-core.o)
                0x0000000000007d38                rf_core_power_down
 .text.rf_core_set_modesel
                0x0000000000007e34       0x44 contiki-srf06-cc26xx.a(rf-core.o)
                0x0000000000007e34                rf_core_set_modesel
 .text.rf_core_boot
                0x0000000000007e78       0x1c contiki-srf06-cc26xx.a(rf-core.o)
                0x0000000000007e78                rf_core_boot
 .text.rf_core_restart_rat
                0x0000000000007e94       0x18 contiki-srf06-cc26xx.a(rf-core.o)
                0x0000000000007e94                rf_core_restart_rat
 .text.rf_core_setup_interrupts
                0x0000000000007eac       0x70 contiki-srf06-cc26xx.a(rf-core.o)
                0x0000000000007eac                rf_core_setup_interrupts
 .text.rf_core_cmd_done_en
                0x0000000000007f1c       0x28 contiki-srf06-cc26xx.a(rf-core.o)
                0x0000000000007f1c                rf_core_cmd_done_en
 .text.rf_core_cmd_done_dis
                0x0000000000007f44       0x18 contiki-srf06-cc26xx.a(rf-core.o)
                0x0000000000007f44                rf_core_cmd_done_dis
 .text.rf_core_get_last_radio_op
                0x0000000000007f5c        0xc contiki-srf06-cc26xx.a(rf-core.o)
                0x0000000000007f5c                rf_core_get_last_radio_op
 .text.rf_core_init_radio_op
                0x0000000000007f68       0x1c contiki-srf06-cc26xx.a(rf-core.o)
                0x0000000000007f68                rf_core_init_radio_op
 .text.rf_core_primary_mode_register
                0x0000000000007f84        0xc contiki-srf06-cc26xx.a(rf-core.o)
                0x0000000000007f84                rf_core_primary_mode_register
 .text.RFCCPE1IntHandler
                0x0000000000007f90       0x28 contiki-srf06-cc26xx.a(rf-core.o)
                0x0000000000007f90                RFCCPE1IntHandler
 .text.RFCCPE0IntHandler
                0x0000000000007fb8       0x5c contiki-srf06-cc26xx.a(rf-core.o)
                0x0000000000007fb8                RFCCPE0IntHandler
 .text.rf_ble_is_active
                0x0000000000008014        0xc contiki-srf06-cc26xx.a(rf-ble.o)
                0x0000000000008014                rf_ble_is_active
 .text.abc_open
                0x0000000000008020       0x20 contiki-srf06-cc26xx.a(abc.o)
                0x0000000000008020                abc_open
 .text.abc_close
                0x0000000000008040        0x4 contiki-srf06-cc26xx.a(abc.o)
                0x0000000000008040                abc_close
 .text.abc_send
                0x0000000000008044        0x4 contiki-srf06-cc26xx.a(abc.o)
                0x0000000000008044                abc_send
 .text.abc_input
                0x0000000000008048        0xc contiki-srf06-cc26xx.a(abc.o)
                0x0000000000008048                abc_input
 .text.abc_sent
                0x0000000000008054        0xc contiki-srf06-cc26xx.a(abc.o)
                0x0000000000008054                abc_sent
 .text.announcement_init
                0x0000000000008060        0xc contiki-srf06-cc26xx.a(announcement.o)
                0x0000000000008060                announcement_init
 .text.announcement_register_observer_callback
                0x000000000000806c        0xc contiki-srf06-cc26xx.a(announcement.o)
                0x000000000000806c                announcement_register_observer_callback
 .text.announcement_list
                0x0000000000008078        0xc contiki-srf06-cc26xx.a(announcement.o)
                0x0000000000008078                announcement_list
 .text.announcement_heard
                0x0000000000008084       0x3c contiki-srf06-cc26xx.a(announcement.o)
                0x0000000000008084                announcement_heard
 .text.adv_packet_sent
                0x00000000000080c0        0x4 contiki-srf06-cc26xx.a(broadcast-annou)
 .text.set_timers
                0x00000000000080c4       0x3c contiki-srf06-cc26xx.a(broadcast-annou)
 .text.send_timer
                0x0000000000008100       0x18 contiki-srf06-cc26xx.a(broadcast-annou)
 .text.send_adv
                0x0000000000008118       0x58 contiki-srf06-cc26xx.a(broadcast-annou)
 .text.adv_packet_received
                0x0000000000008170       0x34 contiki-srf06-cc26xx.a(broadcast-annou)
 .text.new_announcement
                0x00000000000081a4       0x18 contiki-srf06-cc26xx.a(broadcast-annou)
 .text.broadcast_announcement_init
                0x00000000000081bc       0x30 contiki-srf06-cc26xx.a(broadcast-annou)
                0x00000000000081bc                broadcast_announcement_init
 .text.sent_by_abc
                0x00000000000081ec        0xc contiki-srf06-cc26xx.a(broadcast.o)
 .text.recv_from_abc
                0x00000000000081f8       0x24 contiki-srf06-cc26xx.a(broadcast.o)
 .text.broadcast_open
                0x000000000000821c       0x24 contiki-srf06-cc26xx.a(broadcast.o)
                0x000000000000821c                broadcast_open
 .text.broadcast_close
                0x0000000000008240        0x4 contiki-srf06-cc26xx.a(broadcast.o)
                0x0000000000008240                broadcast_close
 .text.broadcast_send
                0x0000000000008244       0x1c contiki-srf06-cc26xx.a(broadcast.o)
                0x0000000000008244                broadcast_send
 .text.chameleon_init
                0x0000000000008260        0x4 contiki-srf06-cc26xx.a(chameleon.o)
                0x0000000000008260                chameleon_init
 .text.chameleon_parse
                0x0000000000008264       0x1c contiki-srf06-cc26xx.a(chameleon.o)
                0x0000000000008264                chameleon_parse
 .text.chameleon_create
                0x0000000000008280       0x20 contiki-srf06-cc26xx.a(chameleon.o)
                0x0000000000008280                chameleon_create
 .text.chameleon_hdrsize
                0x00000000000082a0        0xc contiki-srf06-cc26xx.a(chameleon.o)
                0x00000000000082a0                chameleon_hdrsize
 .text.channel_init
                0x00000000000082ac        0xc contiki-srf06-cc26xx.a(channel.o)
                0x00000000000082ac                channel_init
 .text.channel_open
                0x00000000000082b8       0x10 contiki-srf06-cc26xx.a(channel.o)
                0x00000000000082b8                channel_open
 .text.channel_close
                0x00000000000082c8        0xc contiki-srf06-cc26xx.a(channel.o)
                0x00000000000082c8                channel_close
 .text.channel_lookup
                0x00000000000082d4       0x24 contiki-srf06-cc26xx.a(channel.o)
                0x00000000000082d4                channel_lookup
 .text.channel_set_attributes
                0x00000000000082f8       0x18 contiki-srf06-cc26xx.a(channel.o)
                0x00000000000082f8                channel_set_attributes
 .text.NOROM_AONBatMonTemperatureGetDegC
                0x0000000000008310       0x30 contiki-srf06-cc26xx.a(aon_batmon.o)
                0x0000000000008310                NOROM_AONBatMonTemperatureGetDegC
 .text.parse    0x0000000000008340       0xa8 contiki-srf06-cc26xx.a(framer-802154.o)
 .text.create_frame.isra.0
                0x00000000000083e8      0x140 contiki-srf06-cc26xx.a(framer-802154.o)
 .text.create   0x0000000000008528        0x8 contiki-srf06-cc26xx.a(framer-802154.o)
 .text.hdr_length
                0x0000000000008530        0x8 contiki-srf06-cc26xx.a(framer-802154.o)
 .text.mac_sequence_is_duplicate
                0x0000000000008538       0x54 contiki-srf06-cc26xx.a(mac-sequence.o)
                0x0000000000008538                mac_sequence_is_duplicate
 .text.mac_sequence_register_seqno
                0x000000000000858c       0x6c contiki-srf06-cc26xx.a(mac-sequence.o)
                0x000000000000858c                mac_sequence_register_seqno
 .text.mac_call_sent_callback
                0x00000000000085f8       0x18 contiki-srf06-cc26xx.a(mac.o)
                0x00000000000085f8                mac_call_sent_callback
 .text.header_size
                0x0000000000008610       0x1c contiki-srf06-cc26xx.a(chameleon-bitop)
 .text.get_bits
                0x000000000000862c       0xa0 contiki-srf06-cc26xx.a(chameleon-bitop)
                0x000000000000862c                get_bits
 .text.unpack_header
                0x00000000000086cc       0xb4 contiki-srf06-cc26xx.a(chameleon-bitop)
 .text.set_bits
                0x0000000000008780       0xc4 contiki-srf06-cc26xx.a(chameleon-bitop)
                0x0000000000008780                set_bits
 .text.pack_header
                0x0000000000008844       0xa4 contiki-srf06-cc26xx.a(chameleon-bitop)
 .text.frame802154_get_pan_id
                0x00000000000088e8        0xc contiki-srf06-cc26xx.a(frame802154.o)
                0x00000000000088e8                frame802154_get_pan_id
 .text.frame802154_has_panid
                0x00000000000088f4       0xd0 contiki-srf06-cc26xx.a(frame802154.o)
                0x00000000000088f4                frame802154_has_panid
 .text.field_len
                0x00000000000089c4       0x88 contiki-srf06-cc26xx.a(frame802154.o)
 .text.frame802154_is_broadcast_addr
                0x0000000000008a4c       0x20 contiki-srf06-cc26xx.a(frame802154.o)
                0x0000000000008a4c                frame802154_is_broadcast_addr
 .text.frame802154_hdrlen
                0x0000000000008a6c       0x34 contiki-srf06-cc26xx.a(frame802154.o)
                0x0000000000008a6c                frame802154_hdrlen
 .text.frame802154_create_fcf
                0x0000000000008aa0       0x64 contiki-srf06-cc26xx.a(frame802154.o)
                0x0000000000008aa0                frame802154_create_fcf
 .text.frame802154_create
                0x0000000000008b04       0xa8 contiki-srf06-cc26xx.a(frame802154.o)
                0x0000000000008b04                frame802154_create
 .text.frame802154_parse_fcf
                0x0000000000008bac       0x44 contiki-srf06-cc26xx.a(frame802154.o)
                0x0000000000008bac                frame802154_parse_fcf
 .text.frame802154_parse
                0x0000000000008bf0      0x13c contiki-srf06-cc26xx.a(frame802154.o)
                0x0000000000008bf0                frame802154_parse
 .text.exp2     0x0000000000008d2c       0x10 /usr/local/gcc_arm/gcc-arm-none-eabi-7-2017-q4-major/bin/../lib/gcc/arm-none-eabi/7.2.1/../../../../arm-none-eabi/lib/thumb/v7-m/libm.a(lib_a-w_exp2.o)
                0x0000000000008d2c                exp2
 .text.pow      0x0000000000008d3c      0x334 /usr/local/gcc_arm/gcc-arm-none-eabi-7-2017-q4-major/bin/../lib/gcc/arm-none-eabi/7.2.1/../../../../arm-none-eabi/lib/thumb/v7-m/libm.a(lib_a-w_pow.o)
                0x0000000000008d3c                pow
 .text.__ieee754_sqrt
                0x0000000000009070      0x184 /usr/local/gcc_arm/gcc-arm-none-eabi-7-2017-q4-major/bin/../lib/gcc/arm-none-eabi/7.2.1/../../../../arm-none-eabi/lib/thumb/v7-m/libm.a(lib_a-e_sqrt.o)
                0x0000000000009070                __ieee754_sqrt
 .text.fabs     0x00000000000091f4        0x8 /usr/local/gcc_arm/gcc-arm-none-eabi-7-2017-q4-major/bin/../lib/gcc/arm-none-eabi/7.2.1/../../../../arm-none-eabi/lib/thumb/v7-m/libm.a(lib_a-s_fabs.o)
                0x00000000000091f4                fabs
 .text.finite   0x00000000000091fc        0xc /usr/local/gcc_arm/gcc-arm-none-eabi-7-2017-q4-major/bin/../lib/gcc/arm-none-eabi/7.2.1/../../../../arm-none-eabi/lib/thumb/v7-m/libm.a(lib_a-s_finite.o)
                0x00000000000091fc                finite
 .text.matherr  0x0000000000009208        0x4 /usr/local/gcc_arm/gcc-arm-none-eabi-7-2017-q4-major/bin/../lib/gcc/arm-none-eabi/7.2.1/../../../../arm-none-eabi/lib/thumb/v7-m/libm.a(lib_a-s_matherr.o)
                0x0000000000009208                matherr
 .text.nan      0x000000000000920c        0xc /usr/local/gcc_arm/gcc-arm-none-eabi-7-2017-q4-major/bin/../lib/gcc/arm-none-eabi/7.2.1/../../../../arm-none-eabi/lib/thumb/v7-m/libm.a(lib_a-s_nan.o)
                0x000000000000920c                nan
 .text.rint     0x0000000000009218      0x118 /usr/local/gcc_arm/gcc-arm-none-eabi-7-2017-q4-major/bin/../lib/gcc/arm-none-eabi/7.2.1/../../../../arm-none-eabi/lib/thumb/v7-m/libm.a(lib_a-s_rint.o)
                0x0000000000009218                rint
 .text.copysign
                0x0000000000009330       0x10 /usr/local/gcc_arm/gcc-arm-none-eabi-7-2017-q4-major/bin/../lib/gcc/arm-none-eabi/7.2.1/../../../../arm-none-eabi/lib/thumb/v7-m/libm.a(lib_a-s_copysign.o)
                0x0000000000009330                copysign
 .text          0x0000000000009340      0x378 /usr/local/gcc_arm/gcc-arm-none-eabi-7-2017-q4-major/bin/../lib/gcc/arm-none-eabi/7.2.1/thumb/v7-m/libgcc.a(_arm_addsubdf3.o)
                0x0000000000009340                __aeabi_drsub
                0x0000000000009348                __subdf3
                0x0000000000009348                __aeabi_dsub
                0x000000000000934c                __aeabi_dadd
                0x000000000000934c                __adddf3
                0x00000000000095c4                __aeabi_ui2d
                0x00000000000095c4                __floatunsidf
                0x00000000000095e4                __floatsidf
                0x00000000000095e4                __aeabi_i2d
                0x0000000000009608                __extendsfdf2
                0x0000000000009608                __aeabi_f2d
                0x000000000000964c                __aeabi_ul2d
                0x000000000000964c                __floatundidf
                0x000000000000965c                __aeabi_l2d
                0x000000000000965c                __floatdidf
 .text          0x00000000000096b8      0x424 /usr/local/gcc_arm/gcc-arm-none-eabi-7-2017-q4-major/bin/../lib/gcc/arm-none-eabi/7.2.1/thumb/v7-m/libgcc.a(_arm_muldivdf3.o)
                0x00000000000096b8                __aeabi_dmul
                0x00000000000096b8                __muldf3
                0x000000000000990c                __aeabi_ddiv
                0x000000000000990c                __divdf3
 .text          0x0000000000009adc      0x110 /usr/local/gcc_arm/gcc-arm-none-eabi-7-2017-q4-major/bin/../lib/gcc/arm-none-eabi/7.2.1/thumb/v7-m/libgcc.a(_arm_cmpdf2.o)
                0x0000000000009adc                __gedf2
                0x0000000000009adc                __gtdf2
                0x0000000000009ae4                __ledf2
                0x0000000000009ae4                __ltdf2
                0x0000000000009aec                __cmpdf2
                0x0000000000009aec                __eqdf2
                0x0000000000009aec                __nedf2
                0x0000000000009b68                __aeabi_cdrcmple
                0x0000000000009b78                __aeabi_cdcmple
                0x0000000000009b78                __aeabi_cdcmpeq
                0x0000000000009b88                __aeabi_dcmpeq
                0x0000000000009b9c                __aeabi_dcmplt
                0x0000000000009bb0                __aeabi_dcmple
                0x0000000000009bc4                __aeabi_dcmpge
                0x0000000000009bd8                __aeabi_dcmpgt
 .text          0x0000000000009bec       0x2c /usr/local/gcc_arm/gcc-arm-none-eabi-7-2017-q4-major/bin/../lib/gcc/arm-none-eabi/7.2.1/thumb/v7-m/libgcc.a(_arm_unorddf2.o)
                0x0000000000009bec                __aeabi_dcmpun
                0x0000000000009bec                __unorddf2
 .text          0x0000000000009c18       0xa0 /usr/local/gcc_arm/gcc-arm-none-eabi-7-2017-q4-major/bin/../lib/gcc/arm-none-eabi/7.2.1/thumb/v7-m/libgcc.a(_arm_truncdfsf2.o)
                0x0000000000009c18                __aeabi_d2f
                0x0000000000009c18                __truncdfsf2
 .text          0x0000000000009cb8      0x21c /usr/local/gcc_arm/gcc-arm-none-eabi-7-2017-q4-major/bin/../lib/gcc/arm-none-eabi/7.2.1/thumb/v7-m/libgcc.a(_arm_addsubsf3.o)
                0x0000000000009cb8                __aeabi_frsub
                0x0000000000009cc0                __aeabi_fsub
                0x0000000000009cc0                __subsf3
                0x0000000000009cc4                __aeabi_fadd
                0x0000000000009cc4                __addsf3
                0x0000000000009e24                __aeabi_ui2f
                0x0000000000009e24                __floatunsisf
                0x0000000000009e2c                __floatsisf
                0x0000000000009e2c                __aeabi_i2f
                0x0000000000009e48                __aeabi_ul2f
                0x0000000000009e48                __floatundisf
                0x0000000000009e58                __aeabi_l2f
                0x0000000000009e58                __floatdisf
 .text          0x0000000000009ed4      0x2a0 /usr/local/gcc_arm/gcc-arm-none-eabi-7-2017-q4-major/bin/../lib/gcc/arm-none-eabi/7.2.1/thumb/v7-m/libgcc.a(_arm_muldivsf3.o)
                0x0000000000009ed4                __mulsf3
                0x0000000000009ed4                __aeabi_fmul
                0x000000000000a03c                __divsf3
                0x000000000000a03c                __aeabi_fdiv
 .text          0x000000000000a174       0x4c /usr/local/gcc_arm/gcc-arm-none-eabi-7-2017-q4-major/bin/../lib/gcc/arm-none-eabi/7.2.1/thumb/v7-m/libgcc.a(_arm_fixsfsi.o)
                0x000000000000a174                __fixsfsi
                0x000000000000a174                __aeabi_f2iz
 .text          0x000000000000a1c0       0x30 /usr/local/gcc_arm/gcc-arm-none-eabi-7-2017-q4-major/bin/../lib/gcc/arm-none-eabi/7.2.1/thumb/v7-m/libgcc.a(_aeabi_uldivmod.o)
                0x000000000000a1c0                __aeabi_uldivmod
 .text          0x000000000000a1f0      0x2d0 /usr/local/gcc_arm/gcc-arm-none-eabi-7-2017-q4-major/bin/../lib/gcc/arm-none-eabi/7.2.1/thumb/v7-m/libgcc.a(_udivmoddi4.o)
                0x000000000000a1f0                __udivmoddi4
 .text          0x000000000000a4c0        0x4 /usr/local/gcc_arm/gcc-arm-none-eabi-7-2017-q4-major/bin/../lib/gcc/arm-none-eabi/7.2.1/thumb/v7-m/libgcc.a(_dvmd_tls.o)
                0x000000000000a4c0                __aeabi_ldiv0
                0x000000000000a4c0                __aeabi_idiv0
 .text.__errno  0x000000000000a4c4        0xc /usr/local/gcc_arm/gcc-arm-none-eabi-7-2017-q4-major/bin/../lib/gcc/arm-none-eabi/7.2.1/../../../../arm-none-eabi/lib/thumb/v7-m/libc.a(lib_a-errno.o)
                0x000000000000a4c4                __errno
 .text          0x000000000000a4d0       0xec /usr/local/gcc_arm/gcc-arm-none-eabi-7-2017-q4-major/bin/../lib/gcc/arm-none-eabi/7.2.1/../../../../arm-none-eabi/lib/thumb/v7-m/libc.a(lib_a-memcpy.o)
                0x000000000000a4d0                memcpy
 .text.memset   0x000000000000a5bc       0x94 /usr/local/gcc_arm/gcc-arm-none-eabi-7-2017-q4-major/bin/../lib/gcc/arm-none-eabi/7.2.1/../../../../arm-none-eabi/lib/thumb/v7-m/libc.a(lib_a-memset.o)
                0x000000000000a5bc                memset
 .text.strlen   0x000000000000a650       0x5c /usr/local/gcc_arm/gcc-arm-none-eabi-7-2017-q4-major/bin/../lib/gcc/arm-none-eabi/7.2.1/../../../../arm-none-eabi/lib/thumb/v7-m/libc.a(lib_a-strlen-stub.o)
                0x000000000000a650                strlen
 .text.strncpy  0x000000000000a6ac       0x64 /usr/local/gcc_arm/gcc-arm-none-eabi-7-2017-q4-major/bin/../lib/gcc/arm-none-eabi/7.2.1/../../../../arm-none-eabi/lib/thumb/v7-m/libc.a(lib_a-strncpy.o)
                0x000000000000a6ac                strncpy
 *(SORT_BY_ALIGNMENT(.rodata*))
 .rodata.TWO52  0x000000000000a710       0x10 /usr/local/gcc_arm/gcc-arm-none-eabi-7-2017-q4-major/bin/../lib/gcc/arm-none-eabi/7.2.1/../../../../arm-none-eabi/lib/thumb/v7-m/libm.a(lib_a-s_rint.o)
 .rodata.autostart_processes
                0x000000000000a720        0x8 example-runicast.co
                0x000000000000a720                autostart_processes
 .rodata.runicast_callbacks
                0x000000000000a728        0xc example-runicast.co
 .rodata.sent_runicast.str1.4
                0x000000000000a734       0x34 example-runicast.co
 .rodata.str1.4
                0x000000000000a768        0xe example-runicast.co
 *fill*         0x000000000000a776        0x2 00000000
 .rodata.main.str1.4
                0x000000000000a778       0xf2 contiki-srf06-cc26xx.a(contiki-main.o)
 *fill*         0x000000000000a86a        0x2 00000000
 .rodata.str1.4
                0x000000000000a86c        0x8 contiki-srf06-cc26xx.a(sensors.o)
 .rodata.bmp_280_sensor
                0x000000000000a874       0x10 contiki-srf06-cc26xx.a(bmp-280-sensor.)
                0x000000000000a874                bmp_280_sensor
 .rodata.str1.4
                0x000000000000a884        0x7 contiki-srf06-cc26xx.a(bmp-280-sensor.)
 *fill*         0x000000000000a88b        0x1 00000000
 .rodata.str1.4
                0x000000000000a88c        0x7 contiki-srf06-cc26xx.a(tmp-007-sensor.)
 *fill*         0x000000000000a893        0x1 00000000
 .rodata.tmp_007_sensor
                0x000000000000a894       0x10 contiki-srf06-cc26xx.a(tmp-007-sensor.)
                0x000000000000a894                tmp_007_sensor
 .rodata.opt_3001_sensor
                0x000000000000a8a4       0x10 contiki-srf06-cc26xx.a(opt-3001-sensor)
                0x000000000000a8a4                opt_3001_sensor
 .rodata.str1.4
                0x000000000000a8b4        0x8 contiki-srf06-cc26xx.a(opt-3001-sensor)
 .rodata.hdc_1000_sensor
                0x000000000000a8bc       0x10 contiki-srf06-cc26xx.a(hdc-1000-sensor)
                0x000000000000a8bc                hdc_1000_sensor
 .rodata.str1.4
                0x000000000000a8cc        0x8 contiki-srf06-cc26xx.a(hdc-1000-sensor)
 .rodata.mpu_9250_sensor
                0x000000000000a8d4       0x10 contiki-srf06-cc26xx.a(mpu-9250-sensor)
                0x000000000000a8d4                mpu_9250_sensor
 .rodata.str1.4
                0x000000000000a8e4        0x8 contiki-srf06-cc26xx.a(mpu-9250-sensor)
 .rodata.button_left_sensor
                0x000000000000a8ec       0x10 contiki-srf06-cc26xx.a(button-sensor.o)
                0x000000000000a8ec                button_left_sensor
 .rodata.button_right_sensor
                0x000000000000a8fc       0x10 contiki-srf06-cc26xx.a(button-sensor.o)
                0x000000000000a8fc                button_right_sensor
 .rodata.str1.4
                0x000000000000a90c        0x7 contiki-srf06-cc26xx.a(button-sensor.o)
 *fill*         0x000000000000a913        0x1 00000000
 .rodata.reed_relay_sensor
                0x000000000000a914       0x10 contiki-srf06-cc26xx.a(reed-relay.o)
                0x000000000000a914                reed_relay_sensor
 .rodata.str1.4
                0x000000000000a924        0x5 contiki-srf06-cc26xx.a(reed-relay.o)
 *fill*         0x000000000000a929        0x3 00000000
 .rodata.ieee_mode_driver
                0x000000000000a92c       0x38 contiki-srf06-cc26xx.a(ieee-mode.o)
                0x000000000000a92c                ieee_mode_driver
 .rodata.mode_ieee
                0x000000000000a964        0x8 contiki-srf06-cc26xx.a(ieee-mode.o)
 .rodata.output_power
                0x000000000000a96c       0x68 contiki-srf06-cc26xx.a(ieee-mode.o)
 .rodata.str1.4
                0x000000000000a9d4       0x1b contiki-srf06-cc26xx.a(soc-trng.o)
 *fill*         0x000000000000a9ef        0x1 00000000
 .rodata.buffer.4041
                0x000000000000a9f0       0x10 contiki-srf06-cc26xx.a(strformat.o)
 .rodata.buffer.4050
                0x000000000000aa00       0x10 contiki-srf06-cc26xx.a(strformat.o)
 .rodata.format_str_v.str1.4
                0x000000000000aa10       0x46 contiki-srf06-cc26xx.a(strformat.o)
 *fill*         0x000000000000aa56        0x2 00000000
 .rodata.str1.4
                0x000000000000aa58        0xf contiki-srf06-cc26xx.a(ctimer.o)
 *fill*         0x000000000000aa67        0x1 00000000
 .rodata.str1.4
                0x000000000000aa68        0xc contiki-srf06-cc26xx.a(etimer.o)
 .rodata.str1.4
                0x000000000000aa74        0xe contiki-srf06-cc26xx.a(serial-line.o)
 *fill*         0x000000000000aa82        0x2 00000000
 .rodata.rime_driver
                0x000000000000aa84        0xc contiki-srf06-cc26xx.a(rime.o)
                0x000000000000aa84                rime_driver
 .rodata.str1.4
                0x000000000000aa90        0x5 contiki-srf06-cc26xx.a(rime.o)
 *fill*         0x000000000000aa95        0x3 00000000
 .rodata.attributes
                0x000000000000aa98        0xa contiki-srf06-cc26xx.a(runicast.o)
 *fill*         0x000000000000aaa2        0x2 00000000
 .rodata.runicast
                0x000000000000aaa4        0x8 contiki-srf06-cc26xx.a(runicast.o)
 .rodata.stunicast
                0x000000000000aaac        0x8 contiki-srf06-cc26xx.a(stunicast.o)
 .rodata.attributes
                0x000000000000aab4        0x6 contiki-srf06-cc26xx.a(unicast.o)
 *fill*         0x000000000000aaba        0x2 00000000
 .rodata.uc     0x000000000000aabc        0x8 contiki-srf06-cc26xx.a(unicast.o)
 .rodata.linkaddr_null
                0x000000000000aac4        0x2 contiki-srf06-cc26xx.a(linkaddr.o)
                0x000000000000aac4                linkaddr_null
 *fill*         0x000000000000aac6        0x2 00000000
 .rodata.nullmac_driver
                0x000000000000aac8       0x1c contiki-srf06-cc26xx.a(nullmac.o)
                0x000000000000aac8                nullmac_driver
 .rodata.str1.4
                0x000000000000aae4        0x8 contiki-srf06-cc26xx.a(nullmac.o)
 .rodata.contikimac_driver
                0x000000000000aaec       0x20 contiki-srf06-cc26xx.a(contikimac.o)
                0x000000000000aaec                contikimac_driver
 .rodata.str1.4
                0x000000000000ab0c        0xb contiki-srf06-cc26xx.a(contikimac.o)
 *fill*         0x000000000000ab17        0x1 00000000
 .rodata.nullsec_driver
                0x000000000000ab18       0x10 contiki-srf06-cc26xx.a(nullsec.o)
                0x000000000000ab18                nullsec_driver
 .rodata.str1.4
                0x000000000000ab28        0x8 contiki-srf06-cc26xx.a(nullsec.o)
 .rodata        0x000000000000ab30        0x4 contiki-srf06-cc26xx.a(ext-flash.o)
 .rodata.RFCCPE0IntHandler.str1.4
                0x000000000000ab34       0x2a contiki-srf06-cc26xx.a(rf-core.o)
 *fill*         0x000000000000ab5e        0x2 00000000
 .rodata.str1.4
                0x000000000000ab60       0x1a contiki-srf06-cc26xx.a(rf-core.o)
 *fill*         0x000000000000ab7a        0x2 00000000
 .rodata.attributes
                0x000000000000ab7c        0x2 contiki-srf06-cc26xx.a(abc.o)
 *fill*         0x000000000000ab7e        0x2 00000000
 .rodata.broadcast_callbacks
                0x000000000000ab80        0x8 contiki-srf06-cc26xx.a(broadcast-annou)
 .rodata.attributes
                0x000000000000ab88        0x4 contiki-srf06-cc26xx.a(broadcast.o)
 .rodata.broadcast
                0x000000000000ab8c        0x8 contiki-srf06-cc26xx.a(broadcast.o)
 .rodata.framer_802154
                0x000000000000ab94        0xc contiki-srf06-cc26xx.a(framer-802154.o)
                0x000000000000ab94                framer_802154
 .rodata.bitmask
                0x000000000000aba0        0x9 contiki-srf06-cc26xx.a(chameleon-bitop)
 *fill*         0x000000000000aba9        0x3 00000000
 .rodata.chameleon_bitopt
                0x000000000000abac        0xc contiki-srf06-cc26xx.a(chameleon-bitop)
                0x000000000000abac                chameleon_bitopt
 .rodata.pow.str1.4
                0x000000000000abb8        0x4 /usr/local/gcc_arm/gcc-arm-none-eabi-7-2017-q4-major/bin/../lib/gcc/arm-none-eabi/7.2.1/../../../../arm-none-eabi/lib/thumb/v7-m/libm.a(lib_a-w_pow.o)
 .rodata.__ieee754_pow.str1.4
                0x000000000000abbc        0x4 /usr/local/gcc_arm/gcc-arm-none-eabi-7-2017-q4-major/bin/../lib/gcc/arm-none-eabi/7.2.1/../../../../arm-none-eabi/lib/thumb/v7-m/libm.a(lib_a-e_pow.o)
                                          0x1 (size before relaxing)
                0x000000000000abc0                _etext = .

.glue_7         0x000000000000abbc        0x0
 .glue_7        0x000000000000abbc        0x0 linker stubs

.glue_7t        0x000000000000abbc        0x0
 .glue_7t       0x000000000000abbc        0x0 linker stubs

.vfp11_veneer   0x000000000000abbc        0x0
 .vfp11_veneer  0x000000000000abbc        0x0 linker stubs

.v4_bx          0x000000000000abbc        0x0
 .v4_bx         0x000000000000abbc        0x0 linker stubs

.iplt           0x000000000000abbc        0x0
 .iplt          0x000000000000abbc        0x0 obj_srf06-cc26xx/startup_gcc.o

.data           0x0000000020000000      0x585 load address 0x000000000000abbc
                0x0000000020000000                _data = .
 *(SORT_BY_ALIGNMENT(vtable))
 *(SORT_BY_ALIGNMENT(.data*))
 .data.impure_data
                0x0000000020000000      0x428 /usr/local/gcc_arm/gcc-arm-none-eabi-7-2017-q4-major/bin/../lib/gcc/arm-none-eabi/7.2.1/../../../../arm-none-eabi/lib/thumb/v7-m/libc.a(lib_a-impure.o)
 .data.history_mem
                0x0000000020000428        0xc example-runicast.co
 .data.test_runicast_process
                0x0000000020000434       0x10 example-runicast.co
                0x0000000020000434                test_runicast_process
 .data.sensors_process
                0x0000000020000444       0x10 contiki-srf06-cc26xx.a(sensors.o)
                0x0000000020000444                sensors_process
 .data.sensors  0x0000000020000454       0x24 contiki-srf06-cc26xx.a(sensortag-senso)
                0x0000000020000454                sensors
 .data.sensortag_module
                0x0000000020000478       0x14 contiki-srf06-cc26xx.a(board.o)
 .data.uart_module
                0x000000002000048c       0x14 contiki-srf06-cc26xx.a(cc26xx-uart.o)
 .data.cc26xx_rf_lpm_module
                0x00000000200004a0       0x14 contiki-srf06-cc26xx.a(ieee-mode.o)
 .data.ieee_overrides
                0x00000000200004b4       0x2c contiki-srf06-cc26xx.a(ieee-mode.o)
 .data.tx_power_current
                0x00000000200004e0        0x4 contiki-srf06-cc26xx.a(ieee-mode.o)
                0x00000000200004e0                tx_power_current
 .data.rng_module
                0x00000000200004e4       0x14 contiki-srf06-cc26xx.a(soc-trng.o)
 .data.soc_trng_process
                0x00000000200004f8       0x10 contiki-srf06-cc26xx.a(soc-trng.o)
                0x00000000200004f8                soc_trng_process
 .data.ctxt     0x0000000020000508        0x8 contiki-srf06-cc26xx.a(dbg-printf.o)
 .data.ctimer_process
                0x0000000020000510       0x10 contiki-srf06-cc26xx.a(ctimer.o)
                0x0000000020000510                ctimer_process
 .data.etimer_process
                0x0000000020000520       0x10 contiki-srf06-cc26xx.a(etimer.o)
                0x0000000020000520                etimer_process
 .data.serial_line_process
                0x0000000020000530       0x10 contiki-srf06-cc26xx.a(serial-line.o)
                0x0000000020000530                serial_line_process
 .data.bufmem   0x0000000020000540        0xc contiki-srf06-cc26xx.a(queuebuf.o)
 .data.buframmem
                0x000000002000054c        0xc contiki-srf06-cc26xx.a(queuebuf.o)
 .data.buzzer_module
                0x0000000020000558       0x14 contiki-srf06-cc26xx.a(buzzer.o)
 .data.rf_core_process
                0x000000002000056c       0x10 contiki-srf06-cc26xx.a(rf-core.o)
                0x000000002000056c                rf_core_process
 .data._impure_ptr
                0x000000002000057c        0x4 /usr/local/gcc_arm/gcc-arm-none-eabi-7-2017-q4-major/bin/../lib/gcc/arm-none-eabi/7.2.1/../../../../arm-none-eabi/lib/thumb/v7-m/libc.a(lib_a-impure.o)
                0x000000002000057c                _impure_ptr
 .data.mac_pan_id
                0x0000000020000580        0x2 contiki-srf06-cc26xx.a(frame802154.o)
 .data.interface
                0x0000000020000582        0x1 contiki-srf06-cc26xx.a(board-i2c.o)
 .data.rng_ready_event
                0x0000000020000583        0x1 contiki-srf06-cc26xx.a(soc-trng.o)
 .data.__fdlib_version
                0x0000000020000584        0x1 /usr/local/gcc_arm/gcc-arm-none-eabi-7-2017-q4-major/bin/../lib/gcc/arm-none-eabi/7.2.1/../../../../arm-none-eabi/lib/thumb/v7-m/libm.a(lib_a-s_lib_ver.o)
                0x0000000020000584                __fdlib_version
                0x0000000020000585                _edata = .

.igot.plt       0x0000000020000588        0x0 load address 0x000000000000b141
 .igot.plt      0x0000000020000588        0x0 obj_srf06-cc26xx/startup_gcc.o

.ARM.exidx      0x000000000000b144        0x8
 *(SORT_BY_ALIGNMENT(.ARM.exidx*))
 .ARM.exidx     0x000000000000b144        0x8 /usr/local/gcc_arm/gcc-arm-none-eabi-7-2017-q4-major/bin/../lib/gcc/arm-none-eabi/7.2.1/thumb/v7-m/libgcc.a(_udivmoddi4.o)

.bss            0x0000000020000588     0x11aa
                0x0000000020000588                _bss = .
 *(SORT_BY_ALIGNMENT(.bss*))
 .bss.count     0x0000000020000588        0x8 contiki-srf06-cc26xx.a(clock.o)
 .bss.rands_cache
                0x0000000020000590       0x20 contiki-srf06-cc26xx.a(soc-trng.o)
 .bss.buf.6599  0x00000000200005b0        0xb example-runicast.co
 *fill*         0x00000000200005bb        0x1 
 .bss.et.6622   0x00000000200005bc       0x10 example-runicast.co
 .bss.history_mem_memb_count
                0x00000000200005cc        0x4 example-runicast.co
 .bss.history_mem_memb_mem
                0x00000000200005d0       0x20 example-runicast.co
 .bss.history_table_list
                0x00000000200005f0        0x4 example-runicast.co
 .bss.recv_pkt_count
                0x00000000200005f4        0x4 example-runicast.co
 .bss.runicast  0x00000000200005f8       0x50 example-runicast.co
 .bss.events.4854
                0x0000000020000648        0x4 contiki-srf06-cc26xx.a(sensors.o)
 .bss.i.4853    0x000000002000064c        0x4 contiki-srf06-cc26xx.a(sensors.o)
 .bss.inited    0x0000000020000650        0x4 contiki-srf06-cc26xx.a(leds-arch.o)
 .bss.calibration_data
                0x0000000020000654       0x1c contiki-srf06-cc26xx.a(bmp-280-sensor.)
 .bss.enabled   0x0000000020000670        0x4 contiki-srf06-cc26xx.a(bmp-280-sensor.)
 .bss.sensor_value
                0x0000000020000674        0x6 contiki-srf06-cc26xx.a(bmp-280-sensor.)
 *fill*         0x000000002000067a        0x2 
 .bss.startup_timer
                0x000000002000067c       0x20 contiki-srf06-cc26xx.a(bmp-280-sensor.)
 .bss.amb_temp_latched
                0x000000002000069c        0x4 contiki-srf06-cc26xx.a(tmp-007-sensor.)
 .bss.buf       0x00000000200006a0        0x4 contiki-srf06-cc26xx.a(tmp-007-sensor.)
 .bss.enabled   0x00000000200006a4        0x4 contiki-srf06-cc26xx.a(tmp-007-sensor.)
 .bss.obj_temp_latched
                0x00000000200006a8        0x4 contiki-srf06-cc26xx.a(tmp-007-sensor.)
 .bss.startup_timer
                0x00000000200006ac       0x20 contiki-srf06-cc26xx.a(tmp-007-sensor.)
 .bss.startup_timer
                0x00000000200006cc       0x20 contiki-srf06-cc26xx.a(opt-3001-sensor)
 .bss.state     0x00000000200006ec        0x4 contiki-srf06-cc26xx.a(opt-3001-sensor)
 .bss.data      0x00000000200006f0        0x4 contiki-srf06-cc26xx.a(hdc-1000-sensor)
 .bss.enabled   0x00000000200006f4        0x4 contiki-srf06-cc26xx.a(hdc-1000-sensor)
 .bss.startup_timer
                0x00000000200006f8       0x20 contiki-srf06-cc26xx.a(hdc-1000-sensor)
 .bss.elements  0x0000000020000718        0x4 contiki-srf06-cc26xx.a(mpu-9250-sensor)
 .bss.sensor_value
                0x000000002000071c        0x6 contiki-srf06-cc26xx.a(mpu-9250-sensor)
 *fill*         0x0000000020000722        0x2 
 .bss.startup_timer
                0x0000000020000724       0x20 contiki-srf06-cc26xx.a(mpu-9250-sensor)
 .bss.state     0x0000000020000744        0x4 contiki-srf06-cc26xx.a(mpu-9250-sensor)
 .bss.left_timer
                0x0000000020000748       0x10 contiki-srf06-cc26xx.a(button-sensor.o)
 .bss.debouncetimer
                0x0000000020000758        0x8 contiki-srf06-cc26xx.a(reed-relay.o)
 .bss.last_isr_time
                0x0000000020000760        0x4 contiki-srf06-cc26xx.a(soc-rtc.o)
 .bss.input_handler
                0x0000000020000764        0x4 contiki-srf06-cc26xx.a(cc26xx-uart.o)
 .bss.modules_list_list
                0x0000000020000768        0x4 contiki-srf06-cc26xx.a(lpm.o)
 .bss.handlers  0x000000002000076c       0x80 contiki-srf06-cc26xx.a(gpio-interrupt.)
 .bss.cmd_ieee_rx_buf
                0x00000000200007ec       0x80 contiki-srf06-cc26xx.a(ieee-mode.o)
 .bss.filter_cmd
                0x000000002000086c        0x8 contiki-srf06-cc26xx.a(ieee-mode.o)
 .bss.last_packet_timestamp
                0x0000000020000874        0x4 contiki-srf06-cc26xx.a(ieee-mode.o)
 .bss.last_rat_overflow
                0x0000000020000878        0x4 contiki-srf06-cc26xx.a(ieee-mode.o)
 .bss.last_value.8704
                0x000000002000087c        0x4 contiki-srf06-cc26xx.a(ieee-mode.o)
 .bss.rat_overflow_counter
                0x0000000020000880        0x4 contiki-srf06-cc26xx.a(ieee-mode.o)
 .bss.rat_overflow_timer
                0x0000000020000884       0x20 contiki-srf06-cc26xx.a(ieee-mode.o)
 .bss.rf_stats  0x00000000200008a4       0x10 contiki-srf06-cc26xx.a(ieee-mode.o)
 .bss.rx_buf_0  0x00000000200008b4       0x90 contiki-srf06-cc26xx.a(ieee-mode.o)
 .bss.rx_buf_1  0x0000000020000944       0x90 contiki-srf06-cc26xx.a(ieee-mode.o)
 .bss.rx_buf_2  0x00000000200009d4       0x90 contiki-srf06-cc26xx.a(ieee-mode.o)
 .bss.rx_buf_3  0x0000000020000a64       0x90 contiki-srf06-cc26xx.a(ieee-mode.o)
 .bss.rx_data_queue
                0x0000000020000af4        0x8 contiki-srf06-cc26xx.a(ieee-mode.o)
 .bss.rx_read_entry
                0x0000000020000afc        0x4 contiki-srf06-cc26xx.a(ieee-mode.o)
 .bss.tx_buf    0x0000000020000b00       0xb6 contiki-srf06-cc26xx.a(ieee-mode.o)
 *fill*         0x0000000020000bb6        0x2 
 .bss.notify_cb
                0x0000000020000bb8        0x4 contiki-srf06-cc26xx.a(soc-trng.o)
 .bss.rands_mask
                0x0000000020000bbc        0x4 contiki-srf06-cc26xx.a(soc-trng.o)
 .bss.ctimer_list_list
                0x0000000020000bc0        0x4 contiki-srf06-cc26xx.a(ctimer.o)
 .bss.next_expiration
                0x0000000020000bc4        0x4 contiki-srf06-cc26xx.a(etimer.o)
 .bss.timerlist
                0x0000000020000bc8        0x4 contiki-srf06-cc26xx.a(etimer.o)
 .bss.events    0x0000000020000bcc      0x180 contiki-srf06-cc26xx.a(process.o)
 .bss.process_current
                0x0000000020000d4c        0x4 contiki-srf06-cc26xx.a(process.o)
                0x0000000020000d4c                process_current
 .bss.process_list
                0x0000000020000d50        0x4 contiki-srf06-cc26xx.a(process.o)
                0x0000000020000d50                process_list
 .bss.next_rtimer
                0x0000000020000d54        0x4 contiki-srf06-cc26xx.a(rtimer.o)
 .bss.buf.4837  0x0000000020000d58       0x80 contiki-srf06-cc26xx.a(serial-line.o)
 .bss.ptr.4838  0x0000000020000dd8        0x4 contiki-srf06-cc26xx.a(serial-line.o)
 .bss.rxbuf     0x0000000020000ddc        0x8 contiki-srf06-cc26xx.a(serial-line.o)
 .bss.rxbuf_data
                0x0000000020000de4       0x80 contiki-srf06-cc26xx.a(serial-line.o)
 .bss.sniffers_list
                0x0000000020000e64        0x4 contiki-srf06-cc26xx.a(rime.o)
 .bss.powerQualGlobals
                0x0000000020000e68        0x8 contiki-srf06-cc26xx.a(sys_ctrl.o)
 .bss.packetbuf_aligned
                0x0000000020000e70       0x80 contiki-srf06-cc26xx.a(packetbuf.o)
 .bss.bufmem_memb_count
                0x0000000020000ef0        0x8 contiki-srf06-cc26xx.a(queuebuf.o)
 .bss.bufmem_memb_mem
                0x0000000020000ef8       0x20 contiki-srf06-cc26xx.a(queuebuf.o)
 .bss.buframmem_memb_count
                0x0000000020000f18        0x8 contiki-srf06-cc26xx.a(queuebuf.o)
 .bss.buframmem_memb_mem
                0x0000000020000f20      0x5f0 contiki-srf06-cc26xx.a(queuebuf.o)
 .bss.ct.6994   0x0000000020001510       0x20 contiki-srf06-cc26xx.a(contikimac.o)
 .bss.cycle_start
                0x0000000020001530        0x4 contiki-srf06-cc26xx.a(contikimac.o)
 .bss.pt        0x0000000020001534        0x2 contiki-srf06-cc26xx.a(contikimac.o)
 *fill*         0x0000000020001536        0x2 
 .bss.rt        0x0000000020001538        0xc contiki-srf06-cc26xx.a(contikimac.o)
 .bss.start.6919
                0x0000000020001544        0x4 contiki-srf06-cc26xx.a(contikimac.o)
 .bss.we_are_receiving_burst
                0x0000000020001548        0x4 contiki-srf06-cc26xx.a(contikimac.o)
 .bss.buffer    0x000000002000154c       0x20 contiki-srf06-cc26xx.a(sensor-common.o)
 .bss.consumers_list_list
                0x000000002000156c        0x4 contiki-srf06-cc26xx.a(aux-ctrl.o)
 .bss.last_radio_op
                0x0000000020001570        0x4 contiki-srf06-cc26xx.a(rf-core.o)
 .bss.primary_mode
                0x0000000020001574        0x4 contiki-srf06-cc26xx.a(rf-core.o)
 .bss.rat_offset
                0x0000000020001578        0x4 contiki-srf06-cc26xx.a(rf-core.o)
                0x0000000020001578                rat_offset
 .bss.announcements_list
                0x000000002000157c        0x4 contiki-srf06-cc26xx.a(announcement.o)
 .bss.observer_callback
                0x0000000020001580        0x4 contiki-srf06-cc26xx.a(announcement.o)
 .bss.c         0x0000000020001584       0x6c contiki-srf06-cc26xx.a(broadcast-annou)
 .bss.channel_list_list
                0x00000000200015f0        0x4 contiki-srf06-cc26xx.a(channel.o)
 .bss.received_seqnos
                0x00000000200015f4       0xc0 contiki-srf06-cc26xx.a(mac-sequence.o)
 .bss.node_id   0x00000000200016b4        0x2 contiki-srf06-cc26xx.a(contiki-main.o)
                0x00000000200016b4                node_id
 .bss.val       0x00000000200016b6        0x2 contiki-srf06-cc26xx.a(tmp-007-sensor.)
 .bss.raw_hum   0x00000000200016b8        0x2 contiki-srf06-cc26xx.a(hdc-1000-sensor)
 .bss.raw_temp  0x00000000200016ba        0x2 contiki-srf06-cc26xx.a(hdc-1000-sensor)
 .bss.buflen    0x00000000200016bc        0x2 contiki-srf06-cc26xx.a(packetbuf.o)
 .bss.bufptr    0x00000000200016be        0x2 contiki-srf06-cc26xx.a(packetbuf.o)
 .bss.num_sensors
                0x00000000200016c0        0x1 contiki-srf06-cc26xx.a(sensors.o)
 .bss.leds      0x00000000200016c1        0x1 contiki-srf06-cc26xx.a(leds.o)
 .bss.c         0x00000000200016c2        0x1 contiki-srf06-cc26xx.a(leds-arch.o)
 .bss.success   0x00000000200016c3        0x1 contiki-srf06-cc26xx.a(hdc-1000-sensor)
 .bss.acc_range
                0x00000000200016c4        0x1 contiki-srf06-cc26xx.a(mpu-9250-sensor)
 .bss.acc_range_reg
                0x00000000200016c5        0x1 contiki-srf06-cc26xx.a(mpu-9250-sensor)
 .bss.interrupt_status
                0x00000000200016c6        0x1 contiki-srf06-cc26xx.a(mpu-9250-sensor)
 .bss.mpu_config
                0x00000000200016c7        0x1 contiki-srf06-cc26xx.a(mpu-9250-sensor)
 .bss.val       0x00000000200016c8        0x1 contiki-srf06-cc26xx.a(mpu-9250-sensor)
 .bss.slave_addr
                0x00000000200016c9        0x1 contiki-srf06-cc26xx.a(board-i2c.o)
 .bss.last_corr_lqi
                0x00000000200016ca        0x1 contiki-srf06-cc26xx.a(ieee-mode.o)
 .bss.last_rssi
                0x00000000200016cb        0x1 contiki-srf06-cc26xx.a(ieee-mode.o)
 .bss.poll_mode
                0x00000000200016cc        0x1 contiki-srf06-cc26xx.a(ieee-mode.o)
 .bss.initialized
                0x00000000200016cd        0x1 contiki-srf06-cc26xx.a(ctimer.o)
 .bss.fevent    0x00000000200016ce        0x1 contiki-srf06-cc26xx.a(process.o)
 .bss.lastevent
                0x00000000200016cf        0x1 contiki-srf06-cc26xx.a(process.o)
 .bss.nevents   0x00000000200016d0        0x1 contiki-srf06-cc26xx.a(process.o)
 .bss.poll_requested
                0x00000000200016d1        0x1 contiki-srf06-cc26xx.a(process.o)
 .bss.hdrlen    0x00000000200016d2        0x1 contiki-srf06-cc26xx.a(packetbuf.o)
 .bss.contikimac_is_on
                0x00000000200016d3        0x1 contiki-srf06-cc26xx.a(contikimac.o)
 .bss.contikimac_keep_radio_on
                0x00000000200016d4        0x1 contiki-srf06-cc26xx.a(contikimac.o)
 .bss.count.6914
                0x00000000200016d5        0x1 contiki-srf06-cc26xx.a(contikimac.o)
 .bss.packet_seen.6913